Product: MDK-ARM Lite 5.10
Component: ARM Compiler 5.04 update 1 (build 49)
Tool: armlink [5040049]

==============================================================================

Section Cross References

    main.o(i.main) refers to _printf_percent.o(.ARM.Collect$$_printf_percent$$00000000) for _printf_percent
    main.o(i.main) refers to _printf_s.o(.ARM.Collect$$_printf_percent$$00000014) for _printf_s
    main.o(i.main) refers to _printf_str.o(.text) for _printf_str
    main.o(i.main) refers to sysctl.o(i.SysCtlClockSet) for SysCtlClockSet
    main.o(i.main) refers to termio.o(i.TERMIO_Init) for TERMIO_Init
    main.o(i.main) refers to noretval__2printf.o(.text) for __2printf
    main.o(i.main) refers to puts.o(.text) for puts
    main.o(i.main) refers to es_framework.o(i.ES_Initialize) for ES_Initialize
    main.o(i.main) refers to es_framework.o(i.ES_Run) for ES_Run
    eventcheckers.o(i.Check4Button) refers to buttondebounce.o(i.CheckButtonEvents) for CheckButtonEvents
    eventcheckers.o(i.Check4Keystroke) refers to termio.o(i.kbhit) for kbhit
    eventcheckers.o(i.Check4Keystroke) refers to getc.o(.text) for getc
    eventcheckers.o(i.Check4Keystroke) refers to puts.o(.text) for puts
    eventcheckers.o(i.Check4Keystroke) refers to es_postlist.o(i.ES_PostList00) for ES_PostList00
    eventcheckers.o(i.Check4Keystroke) refers to retarget.o(.data) for __stdin
    eventcheckers.o(i.Check4Morse) refers to morseservice.o(i.CheckMorseEvents) for CheckMorseEvents
    testharnessservice0.o(i.InitTestHarnessService0) refers to es_queue.o(i.ES_InitQueue) for ES_InitQueue
    testharnessservice0.o(i.InitTestHarnessService0) refers to es_shorttimer.o(i.ES_ShortTimerInit) for ES_ShortTimerInit
    testharnessservice0.o(i.InitTestHarnessService0) refers to sysctl.o(i.SysCtlPeripheralEnable) for SysCtlPeripheralEnable
    testharnessservice0.o(i.InitTestHarnessService0) refers to gpio.o(i.GPIOPinTypeGPIOOutput) for GPIOPinTypeGPIOOutput
    testharnessservice0.o(i.InitTestHarnessService0) refers to gpio.o(i.GPIOPinWrite) for GPIOPinWrite
    testharnessservice0.o(i.InitTestHarnessService0) refers to es_framework.o(i.ES_PostToService) for ES_PostToService
    testharnessservice0.o(i.InitTestHarnessService0) refers to testharnessservice0.o(.data) for .data
    testharnessservice0.o(i.InitTestHarnessService0) refers to testharnessservice0.o(.bss) for .bss
    testharnessservice0.o(i.PostTestHarnessService0) refers to es_framework.o(i.ES_PostToService) for ES_PostToService
    testharnessservice0.o(i.PostTestHarnessService0) refers to testharnessservice0.o(.data) for .data
    testharnessservice0.o(i.RunTestHarnessService0) refers to _printf_percent.o(.ARM.Collect$$_printf_percent$$00000000) for _printf_percent
    testharnessservice0.o(i.RunTestHarnessService0) refers to _printf_d.o(.ARM.Collect$$_printf_percent$$00000009) for _printf_d
    testharnessservice0.o(i.RunTestHarnessService0) refers to _printf_dec.o(.text) for _printf_int_dec
    testharnessservice0.o(i.RunTestHarnessService0) refers to _printf_c.o(.ARM.Collect$$_printf_percent$$00000013) for _printf_c
    testharnessservice0.o(i.RunTestHarnessService0) refers to _printf_str.o(.text) for _printf_str
    testharnessservice0.o(i.RunTestHarnessService0) refers to es_timers.o(i.ES_Timer_InitTimer) for ES_Timer_InitTimer
    testharnessservice0.o(i.RunTestHarnessService0) refers to puts.o(.text) for puts
    testharnessservice0.o(i.RunTestHarnessService0) refers to noretval__2printf.o(.text) for __2printf
    testharnessservice0.o(i.RunTestHarnessService0) refers to gpio.o(i.GPIOPinWrite) for GPIOPinWrite
    testharnessservice0.o(i.RunTestHarnessService0) refers to es_queue.o(i.ES_EnQueueLIFO) for ES_EnQueueLIFO
    testharnessservice0.o(i.RunTestHarnessService0) refers to es_framework.o(i.ES_PostToService) for ES_PostToService
    testharnessservice0.o(i.RunTestHarnessService0) refers to es_deferrecall.o(i.ES_RecallEvents) for ES_RecallEvents
    testharnessservice0.o(i.RunTestHarnessService0) refers to es_shorttimer.o(i.ES_ShortTimerStart) for ES_ShortTimerStart
    testharnessservice0.o(i.RunTestHarnessService0) refers to testharnessservice0.o(.data) for .data
    testharnessservice0.o(i.RunTestHarnessService0) refers to testharnessservice0.o(.bss) for .bss
    templatefsm.o(i.InitTemplateFSM) refers to es_framework.o(i.ES_PostToService) for ES_PostToService
    templatefsm.o(i.InitTemplateFSM) refers to templatefsm.o(.data) for .data
    templatefsm.o(i.PostTemplateFSM) refers to es_framework.o(i.ES_PostToService) for ES_PostToService
    templatefsm.o(i.PostTemplateFSM) refers to templatefsm.o(.data) for .data
    templatefsm.o(i.QueryTemplateFSM) refers to templatefsm.o(.data) for .data
    templatefsm.o(i.RunTemplateFSM) refers to templatefsm.o(.data) for .data
    es_shorttimer.o(i.ES_ShortTimerInit) refers to sysctl.o(i.SysCtlPeripheralEnable) for SysCtlPeripheralEnable
[...]
    es_timers.o(i.ES_Timer_SetTimer) refers to es_timers.o(.bss) for .bss
    es_timers.o(i.ES_Timer_StartTimer) refers to es_timers.o(.bss) for .bss
    es_timers.o(i.ES_Timer_StartTimer) refers to es_lookuptables.o(.constdata) for BitNum2SetMask
    es_timers.o(i.ES_Timer_StartTimer) refers to es_timers.o(.data) for .data
    es_timers.o(i.ES_Timer_StopTimer) refers to es_lookuptables.o(.constdata) for BitNum2SetMask
    es_timers.o(i.ES_Timer_StopTimer) refers to es_timers.o(.data) for .data
    es_timers.o(i.ES_Timer_Tick_Resp) refers to es_lookuptables.o(i.ES_GetMSBitSet) for ES_GetMSBitSet
    es_timers.o(i.ES_Timer_Tick_Resp) refers to es_timers.o(.data) for .data
    es_timers.o(i.ES_Timer_Tick_Resp) refers to es_timers.o(.bss) for .bss
    es_timers.o(i.ES_Timer_Tick_Resp) refers to es_lookuptables.o(.constdata) for BitNum2SetMask
    es_timers.o(i.ES_Timer_Tick_Resp) refers to es_timers.o(.constdata) for .constdata
    es_timers.o(.constdata) refers to buttondebounce.o(i.PostButtonDebounceService) for PostButtonDebounceService
    retarget.o(i._sys_exit) refers (Special) to use_no_semi.o(.text) for __use_no_semihosting_swi
    retarget.o(i._ttywrch) refers (Special) to use_no_semi.o(.text) for __use_no_semihosting_swi
    retarget.o(i._ttywrch) refers to termio.o(i.TERMIO_PutChar) for TERMIO_PutChar
    retarget.o(i.ferror) refers (Special) to use_no_semi.o(.text) for __use_no_semihosting_swi
    retarget.o(i.fgetc) refers (Special) to use_no_semi.o(.text) for __use_no_semihosting_swi
    retarget.o(i.fgetc) refers to termio.o(i.TERMIO_GetChar) for TERMIO_GetChar
    retarget.o(i.fputc) refers (Special) to use_no_semi.o(.text) for __use_no_semihosting_swi
    retarget.o(i.fputc) refers to termio.o(i.TERMIO_PutChar) for TERMIO_PutChar
    retarget.o(.data) refers (Special) to use_no_semi.o(.text) for __use_no_semihosting_swi
    retarget.o(.data) refers (Special) to use_no_semi.o(.text) for __use_no_semihosting_swi
    termio.o(i.TERMIO_GetChar) refers to uartstdio.o(i.UARTgetc) for UARTgetc
    termio.o(i.TERMIO_Init) refers to sysctl.o(i.SysCtlPeripheralEnable) for SysCtlPeripheralEnable
    termio.o(i.TERMIO_Init) refers to gpio.o(i.GPIOPinConfigure) for GPIOPinConfigure
    termio.o(i.TERMIO_Init) refers to gpio.o(i.GPIOPinTypeUART) for GPIOPinTypeUART
    termio.o(i.TERMIO_Init) refers to uart.o(i.UARTClockSourceSet) for UARTClockSourceSet
    termio.o(i.TERMIO_Init) refers to uartstdio.o(i.UARTStdioConfig) for UARTStdioConfig
    termio.o(i.TERMIO_PutChar) refers to uart.o(i.UARTCharPut) for UARTCharPut
    uartstdio.o(i.UARTStdioConfig) refers to uartstdio.o(.constdata) for .constdata
    uartstdio.o(i.UARTStdioConfig) refers to uartstdio.o(.data) for .data
    uartstdio.o(i.UARTgetc) refers to uartstdio.o(.data) for .data
    uartstdio.o(i.UARTgets) refers to uartstdio.o(i.UARTwrite) for UARTwrite
    uartstdio.o(i.UARTgets) refers to uartstdio.o(.data) for .data
    uartstdio.o(i.UARTprintf) refers to uartstdio.o(i.UARTvprintf) for UARTvprintf
    uartstdio.o(i.UARTvprintf) refers to uartstdio.o(i.UARTwrite) for UARTwrite
    uartstdio.o(i.UARTvprintf) refers to uartstdio.o(.constdata) for .constdata
    uartstdio.o(i.UARTwrite) refers to uartstdio.o(.data) for .data
    uartstdio.o(.constdata) refers to uartstdio.o(.conststring) for .conststring
    kiss_fft.o(i.kf_bfly3) refers to f2d.o(x$fpl$f2d) for __aeabi_f2d
    kiss_fft.o(i.kf_bfly3) refers to dmul.o(x$fpl$dmul) for __aeabi_dmul
    kiss_fft.o(i.kf_bfly3) refers to daddsub_clz.o(x$fpl$dsub) for __aeabi_dsub
    kiss_fft.o(i.kf_bfly3) refers to d2f.o(x$fpl$d2f) for __aeabi_d2f
    kiss_fft.o(i.kf_bfly_generic) refers to h1_alloc.o(.text) for malloc
    kiss_fft.o(i.kf_bfly_generic) refers to h1_free.o(.text) for free
    kiss_fft.o(i.kf_work) refers to kiss_fft.o(i.kf_bfly_generic) for kf_bfly_generic
    kiss_fft.o(i.kf_work) refers to kiss_fft.o(i.kf_bfly3) for kf_bfly3
    kiss_fft.o(i.kf_work) refers to kiss_fft.o(i.kf_bfly4) for kf_bfly4
    kiss_fft.o(i.kf_work) refers to kiss_fft.o(i.kf_bfly5) for kf_bfly5
    kiss_fft.o(i.kiss_fft) refers to kiss_fft.o(i.kiss_fft_stride) for kiss_fft_stride
    kiss_fft.o(i.kiss_fft_alloc) refers to _printf_percent.o(.ARM.Collect$$_printf_percent$$00000000) for _printf_percent
    kiss_fft.o(i.kiss_fft_alloc) refers to _printf_i.o(.ARM.Collect$$_printf_percent$$00000008) for _printf_i
    kiss_fft.o(i.kiss_fft_alloc) refers to _printf_dec.o(.text) for _printf_int_dec
    kiss_fft.o(i.kiss_fft_alloc) refers to dflt_clz.o(x$fpl$dflt) for __aeabi_i2d
    kiss_fft.o(i.kiss_fft_alloc) refers to noretval__2printf.o(.text) for __2printf
    kiss_fft.o(i.kiss_fft_alloc) refers to h1_alloc.o(.text) for malloc
    kiss_fft.o(i.kiss_fft_alloc) refers to dmul.o(x$fpl$dmul) for __aeabi_dmul
    kiss_fft.o(i.kiss_fft_alloc) refers to ddiv.o(x$fpl$ddiv) for __aeabi_ddiv
    kiss_fft.o(i.kiss_fft_alloc) refers to basic.o(x$fpl$basic) for __aeabi_dneg
    kiss_fft.o(i.kiss_fft_alloc) refers to cos.o(i.__hardfp_cos) for __hardfp_cos
    kiss_fft.o(i.kiss_fft_alloc) refers to d2f.o(x$fpl$d2f) for __aeabi_d2f
    kiss_fft.o(i.kiss_fft_alloc) refers to sin.o(i.__hardfp_sin) for __hardfp_sin
    kiss_fft.o(i.kiss_fft_alloc) refers to sqrt.o(i.__hardfp_sqrt) for __hardfp_sqrt
    kiss_fft.o(i.kiss_fft_alloc) refers to floor.o(i.__hardfp_floor) for __hardfp_floor
    kiss_fft.o(i.kiss_fft_alloc) refers to drleqf.o(x$fpl$drleqf) for __aeabi_cdrcmple
    kiss_fft.o(i.kiss_fft_stride) refers to h1_alloc.o(.text) for malloc
    kiss_fft.o(i.kiss_fft_stride) refers to kiss_fft.o(i.kf_work) for kf_work
    kiss_fft.o(i.kiss_fft_stride) refers to rt_memcpy_w.o(.text) for __aeabi_memcpy4
    kiss_fft.o(i.kiss_fft_stride) refers to h1_free.o(.text) for free
    gpio.o(i.GPIOIntRegister) refers to interrupt.o(i.IntRegister) for IntRegister
    gpio.o(i.GPIOIntRegister) refers to interrupt.o(i.IntEnable) for IntEnable
    gpio.o(i.GPIOIntRegister) refers to gpio.o(.constdata) for .constdata
    gpio.o(i.GPIOIntUnregister) refers to interrupt.o(i.IntDisable) for IntDisable
    gpio.o(i.GPIOIntUnregister) refers to interrupt.o(i.IntUnregister) for IntUnregister
    gpio.o(i.GPIOIntUnregister) refers to gpio.o(.constdata) for .constdata
    gpio.o(i.GPIOPinConfigure) refers to gpio.o(.constdata) for .constdata
    gpio.o(i.GPIOPinTypeADC) refers to gpio.o(i.GPIODirModeSet) for GPIODirModeSet
    gpio.o(i.GPIOPinTypeADC) refers to gpio.o(i.GPIOPadConfigSet) for GPIOPadConfigSet
    gpio.o(i.GPIOPinTypeCAN) refers to gpio.o(i.GPIODirModeSet) for GPIODirModeSet
    gpio.o(i.GPIOPinTypeCAN) refers to gpio.o(i.GPIOPadConfigSet) for GPIOPadConfigSet
    gpio.o(i.GPIOPinTypeCIR) refers to gpio.o(i.GPIODirModeSet) for GPIODirModeSet
    gpio.o(i.GPIOPinTypeCIR) refers to gpio.o(i.GPIOPadConfigSet) for GPIOPadConfigSet
    gpio.o(i.GPIOPinTypeComparator) refers to gpio.o(i.GPIODirModeSet) for GPIODirModeSet
    gpio.o(i.GPIOPinTypeComparator) refers to gpio.o(i.GPIOPadConfigSet) for GPIOPadConfigSet
    gpio.o(i.GPIOPinTypeEPI) refers to gpio.o(i.GPIODirModeSet) for GPIODirModeSet
    gpio.o(i.GPIOPinTypeEPI) refers to gpio.o(i.GPIOPadConfigSet) for GPIOPadConfigSet
    gpio.o(i.GPIOPinTypeEthernetLED) refers to gpio.o(i.GPIODirModeSet) for GPIODirModeSet
    gpio.o(i.GPIOPinTypeEthernetLED) refers to gpio.o(i.GPIOPadConfigSet) for GPIOPadConfigSet
    gpio.o(i.GPIOPinTypeEthernetMII) refers to gpio.o(i.GPIODirModeSet) for GPIODirModeSet
    gpio.o(i.GPIOPinTypeEthernetMII) refers to gpio.o(i.GPIOPadConfigSet) for GPIOPadConfigSet
    gpio.o(i.GPIOPinTypeGPIOInput) refers to gpio.o(i.GPIODirModeSet) for GPIODirModeSet
    gpio.o(i.GPIOPinTypeGPIOInput) refers to gpio.o(i.GPIOPadConfigSet) for GPIOPadConfigSet
    gpio.o(i.GPIOPinTypeGPIOOutput) refers to gpio.o(i.GPIOPadConfigSet) for GPIOPadConfigSet
    gpio.o(i.GPIOPinTypeGPIOOutput) refers to gpio.o(i.GPIODirModeSet) for GPIODirModeSet
    gpio.o(i.GPIOPinTypeGPIOOutputOD) refers to gpio.o(i.GPIOPadConfigSet) for GPIOPadConfigSet
    gpio.o(i.GPIOPinTypeGPIOOutputOD) refers to gpio.o(i.GPIODirModeSet) for GPIODirModeSet
    gpio.o(i.GPIOPinTypeI2C) refers to gpio.o(i.GPIODirModeSet) for GPIODirModeSet
    gpio.o(i.GPIOPinTypeI2C) refers to gpio.o(i.GPIOPadConfigSet) for GPIOPadConfigSet
    gpio.o(i.GPIOPinTypeI2CSCL) refers to gpio.o(i.GPIODirModeSet) for GPIODirModeSet
    gpio.o(i.GPIOPinTypeI2CSCL) refers to gpio.o(i.GPIOPadConfigSet) for GPIOPadConfigSet
    gpio.o(i.GPIOPinTypeKBColumn) refers to gpio.o(i.GPIODirModeSet) for GPIODirModeSet
    gpio.o(i.GPIOPinTypeKBColumn) refers to gpio.o(i.GPIOPadConfigSet) for GPIOPadConfigSet
    gpio.o(i.GPIOPinTypeKBRow) refers to gpio.o(i.GPIODirModeSet) for GPIODirModeSet
    gpio.o(i.GPIOPinTypeKBRow) refers to gpio.o(i.GPIOPadConfigSet) for GPIOPadConfigSet
    gpio.o(i.GPIOPinTypeLCD) refers to gpio.o(i.GPIODirModeSet) for GPIODirModeSet
    gpio.o(i.GPIOPinTypeLCD) refers to gpio.o(i.GPIOPadConfigSet) for GPIOPadConfigSet
    gpio.o(i.GPIOPinTypeLEDSeq) refers to gpio.o(i.GPIODirModeSet) for GPIODirModeSet
    gpio.o(i.GPIOPinTypeLEDSeq) refers to gpio.o(i.GPIOPadConfigSet) for GPIOPadConfigSet
    gpio.o(i.GPIOPinTypeLPC) refers to gpio.o(i.GPIODirModeSet) for GPIODirModeSet
    gpio.o(i.GPIOPinTypeLPC) refers to gpio.o(i.GPIOPadConfigSet) for GPIOPadConfigSet
    gpio.o(i.GPIOPinTypePECIRx) refers to gpio.o(i.GPIODirModeSet) for GPIODirModeSet
    gpio.o(i.GPIOPinTypePECIRx) refers to gpio.o(i.GPIOPadConfigSet) for GPIOPadConfigSet
    gpio.o(i.GPIOPinTypePECITx) refers to gpio.o(i.GPIODirModeSet) for GPIODirModeSet
    gpio.o(i.GPIOPinTypePECITx) refers to gpio.o(i.GPIOPadConfigSet) for GPIOPadConfigSet
    gpio.o(i.GPIOPinTypePWM) refers to gpio.o(i.GPIODirModeSet) for GPIODirModeSet
    gpio.o(i.GPIOPinTypePWM) refers to gpio.o(i.GPIOPadConfigSet) for GPIOPadConfigSet
    gpio.o(i.GPIOPinTypeQEI) refers to gpio.o(i.GPIODirModeSet) for GPIODirModeSet
    gpio.o(i.GPIOPinTypeQEI) refers to gpio.o(i.GPIOPadConfigSet) for GPIOPadConfigSet
    gpio.o(i.GPIOPinTypeSSI) refers to gpio.o(i.GPIODirModeSet) for GPIODirModeSet
    gpio.o(i.GPIOPinTypeSSI) refers to gpio.o(i.GPIOPadConfigSet) for GPIOPadConfigSet
    gpio.o(i.GPIOPinTypeTimer) refers to gpio.o(i.GPIODirModeSet) for GPIODirModeSet
    gpio.o(i.GPIOPinTypeTimer) refers to gpio.o(i.GPIOPadConfigSet) for GPIOPadConfigSet
    gpio.o(i.GPIOPinTypeUART) refers to gpio.o(i.GPIODirModeSet) for GPIODirModeSet
    gpio.o(i.GPIOPinTypeUART) refers to gpio.o(i.GPIOPadConfigSet) for GPIOPadConfigSet
    gpio.o(i.GPIOPinTypeUSBAnalog) refers to gpio.o(i.GPIODirModeSet) for GPIODirModeSet
    gpio.o(i.GPIOPinTypeUSBAnalog) refers to gpio.o(i.GPIOPadConfigSet) for GPIOPadConfigSet
    gpio.o(i.GPIOPinTypeUSBDigital) refers to gpio.o(i.GPIODirModeSet) for GPIODirModeSet
    gpio.o(i.GPIOPinTypeUSBDigital) refers to gpio.o(i.GPIOPadConfigSet) for GPIOPadConfigSet
    gpio.o(i.GPIOPinTypeWakeHigh) refers to gpio.o(i.GPIODirModeSet) for GPIODirModeSet
    gpio.o(i.GPIOPinTypeWakeHigh) refers to gpio.o(i.GPIOPadConfigSet) for GPIOPadConfigSet
    gpio.o(i.GPIOPinTypeWakeLow) refers to gpio.o(i.GPIODirModeSet) for GPIODirModeSet
    gpio.o(i.GPIOPinTypeWakeLow) refers to gpio.o(i.GPIOPadConfigSet) for GPIOPadConfigSet
    interrupt.o(i.IntDisable) refers to interrupt.o(.constdata) for .constdata
    interrupt.o(i.IntEnable) refers to interrupt.o(.constdata) for .constdata
    interrupt.o(i.IntIsEnabled) refers to interrupt.o(.constdata) for .constdata
    interrupt.o(i.IntMasterDisable) refers to cpu.o(.emb_text) for CPUcpsid
    interrupt.o(i.IntMasterEnable) refers to cpu.o(.emb_text) for CPUcpsie
    interrupt.o(i.IntPendClear) refers to interrupt.o(.constdata) for .constdata
    interrupt.o(i.IntPendSet) refers to interrupt.o(.constdata) for .constdata
    interrupt.o(i.IntPriorityGet) refers to interrupt.o(.constdata) for .constdata
    interrupt.o(i.IntPriorityGroupingGet) refers to interrupt.o(.constdata) for .constdata
    interrupt.o(i.IntPriorityGroupingSet) refers to interrupt.o(.constdata) for .constdata
    interrupt.o(i.IntPriorityMaskGet) refers to cpu.o(.emb_text) for CPUbasepriGet
    interrupt.o(i.IntPriorityMaskSet) refers to cpu.o(.emb_text) for CPUbasepriSet
    interrupt.o(i.IntPrioritySet) refers to interrupt.o(.constdata) for .constdata
    interrupt.o(i.IntRegister) refers to interrupt.o(vtable) for vtable
    interrupt.o(i.IntUnregister) refers to interrupt.o(i._IntDefaultHandler) for _IntDefaultHandler
    interrupt.o(i.IntUnregister) refers to interrupt.o(vtable) for vtable
    sysctl.o(i.SysCtlClockFreqSet) refers to sysctl.o(.constdata) for .constdata
    sysctl.o(i.SysCtlClockGet) refers to sysctl.o(.constdata) for .constdata
    sysctl.o(i.SysCtlClockSet) refers to sysctl.o(.emb_text) for SysCtlDelay
    sysctl.o(i.SysCtlDeepSleep) refers to cpu.o(.emb_text) for CPUwfi
    sysctl.o(i.SysCtlIntRegister) refers to interrupt.o(i.IntRegister) for IntRegister
    sysctl.o(i.SysCtlIntRegister) refers to interrupt.o(i.IntEnable) for IntEnable
    sysctl.o(i.SysCtlIntUnregister) refers to interrupt.o(i.IntDisable) for IntDisable
    sysctl.o(i.SysCtlIntUnregister) refers to interrupt.o(i.IntUnregister) for IntUnregister
    sysctl.o(i.SysCtlSleep) refers to cpu.o(.emb_text) for CPUwfi
    systick.o(i.SysTickIntRegister) refers to interrupt.o(i.IntRegister) for IntRegister
    systick.o(i.SysTickIntUnregister) refers to interrupt.o(i.IntUnregister) for IntUnregister
    timer.o(i.TimerIntRegister) refers to interrupt.o(i.IntRegister) for IntRegister
    timer.o(i.TimerIntRegister) refers to interrupt.o(i.IntEnable) for IntEnable
    timer.o(i.TimerIntRegister) refers to timer.o(.constdata) for .constdata
    timer.o(i.TimerIntUnregister) refers to interrupt.o(i.IntDisable) for IntDisable
    timer.o(i.TimerIntUnregister) refers to interrupt.o(i.IntUnregister) for IntUnregister
    timer.o(i.TimerIntUnregister) refers to timer.o(.constdata) for .constdata
    uart.o(i.UARTIntRegister) refers to interrupt.o(i.IntRegister) for IntRegister
    uart.o(i.UARTIntRegister) refers to interrupt.o(i.IntEnable) for IntEnable
    uart.o(i.UARTIntRegister) refers to uart.o(.constdata) for .constdata
    uart.o(i.UARTIntUnregister) refers to interrupt.o(i.IntDisable) for IntDisable
    uart.o(i.UARTIntUnregister) refers to interrupt.o(i.IntUnregister) for IntUnregister
    uart.o(i.UARTIntUnregister) refers to uart.o(.constdata) for .constdata
    malloc.o(.text) refers (Special) to hguard.o(.text) for __heap$guard
    malloc.o(.text) refers (Special) to init_alloc.o(.text) for _init_alloc
    malloc.o(.text) refers to rt_heap_descriptor_intlibspace.o(.text) for __rt_heap_descriptor
    malloc.o(.text) refers to heapstubs.o(.text) for __Heap_Alloc
    free.o(.text) refers (Special) to hguard.o(.text) for __heap$guard
    free.o(.text) refers to rt_heap_descriptor_intlibspace.o(.text) for __rt_heap_descriptor
    free.o(.text) refers to heapstubs.o(.text) for __Heap_Free
    h1_alloc.o(.text) refers (Special) to h1_init.o(.text) for __Heap_Initialize
    h1_alloc.o(.text) refers to rt_heap_descriptor_intlibspace.o(.text) for __rt_heap_descriptor
    h1_alloc.o(.text) refers to init_alloc.o(.text) for __Heap_Full
    h1_free.o(.text) refers to rt_heap_descriptor_intlibspace.o(.text) for __rt_heap_descriptor
    h1_alloc_mt.o(.text) refers (Special) to h1_init.o(.text) for __Heap_Initialize
    h1_alloc_mt.o(.text) refers to init_alloc.o(.text) for __Heap_Full
    h1_alloc_mt.o(.text) refers to rt_heap_descriptor_intlibspace.o(.text) for __rt_heap_descriptor
    h1_free_mt.o(.text) refers to rt_heap_descriptor_intlibspace.o(.text) for __rt_heap_descriptor
    heap2.o(i._FDIterate) refers to heap2.o(.conststring) for .conststring
    heap2.o(i.___Heap_ProvideMemory$realtime) refers to fdtree.o(i._FDTree_Delete) for _FDTree_Delete
    heap2.o(i.___Heap_ProvideMemory$realtime) refers to fdtree.o(i._FDTree_Insert) for _FDTree_Insert
    heap2.o(i.___Heap_Stats$realtime) refers to heap2.o(i._Heap2_StatsIterate) for _Heap2_StatsIterate
    heap2.o(i.___Heap_Valid$realtime) refers to heap2.o(i._FDIterate) for _FDIterate
    heap2.o(i.___Heap_Valid$realtime) refers to heap2.o(.conststring) for .conststring
    heap2.o(i._free$realtime) refers to rt_heap_descriptor_intlibspace.o(.text) for __rt_heap_descriptor
    heap2.o(i._free$realtime) refers to fdtree.o(i._FDTree_Delete) for _FDTree_Delete
    heap2.o(i._free$realtime) refers to fdtree.o(i._FDTree_Insert) for _FDTree_Insert
    heap2.o(i._malloc$realtime) refers to rt_heap_descriptor_intlibspace.o(.text) for __rt_heap_descriptor
    heap2.o(i._malloc$realtime) refers to fdtree.o(i._FDTree_FindFirst) for _FDTree_FindFirst
    heap2.o(i._malloc$realtime) refers to init_alloc.o(.text) for __Heap_Full
    heap2.o(i._malloc$realtime) refers to fdtree.o(i._FDTree_RemoveNode) for _FDTree_RemoveNode
    heap2.o(i._malloc$realtime) refers to fdtree.o(i._FDTree_Insert) for _FDTree_Insert
    heap2.o(i._posix_memalign$realtime) refers to rt_heap_descriptor_intlibspace.o(.text) for __rt_heap_descriptor
    heap2.o(i._posix_memalign$realtime) refers to fdtree.o(i._FDTree_FindFirst) for _FDTree_FindFirst
    heap2.o(i._posix_memalign$realtime) refers to init_alloc.o(.text) for __Heap_Full
    heap2.o(i._posix_memalign$realtime) refers to fdtree.o(i._FDTree_RemoveNode) for _FDTree_RemoveNode
    heap2.o(i._posix_memalign$realtime) refers to fdtree.o(i._FDTree_Insert) for _FDTree_Insert
    heap2.o(i._realloc$realtime) refers to rt_heap_descriptor_intlibspace.o(.text) for __rt_heap_descriptor
    heap2.o(i._realloc$realtime) refers to fdtree.o(i._FDTree_Insert) for _FDTree_Insert
    heap2.o(i._realloc$realtime) refers to h1_free.o(.text) for free
    heap2.o(i._realloc$realtime) refers to h1_alloc.o(.text) for malloc
    heap2.o(i._realloc$realtime) refers to fdtree.o(i._FDTree_Delete) for _FDTree_Delete
    heap2.o(i._realloc$realtime) refers to rt_memcpy_w.o(.text) for __aeabi_memcpy4
    heap2mt.o(i._FDIterate) refers to heap2mt.o(.conststring) for .conststring
    heap2mt.o(i.___Heap_Initialize$realtime$concurrent) refers to mutex_dummy.o(.text) for _mutex_initialize
    heap2mt.o(i.___Heap_ProvideMemory$realtime$concurrent) refers to fdtree.o(i._FDTree_Delete) for _FDTree_Delete
    heap2mt.o(i.___Heap_ProvideMemory$realtime$concurrent) refers to fdtree.o(i._FDTree_Insert) for _FDTree_Insert
    heap2mt.o(i.___Heap_Stats$realtime$concurrent) refers to heap2mt.o(i._Heap2_StatsIterate) for _Heap2_StatsIterate
    heap2mt.o(i.___Heap_Valid$realtime$concurrent) refers to heap2mt.o(i._FDIterate) for _FDIterate
    heap2mt.o(i.___Heap_Valid$realtime$concurrent) refers to heap2mt.o(.conststring) for .conststring
    heap2mt.o(i._free$realtime$concurrent) refers to rt_heap_descriptor_intlibspace.o(.text) for __rt_heap_descriptor
    heap2mt.o(i._free$realtime$concurrent) refers to fdtree.o(i._FDTree_Delete) for _FDTree_Delete
    heap2mt.o(i._free$realtime$concurrent) refers to fdtree.o(i._FDTree_Insert) for _FDTree_Insert
    heap2mt.o(i._malloc$realtime$concurrent) refers to rt_heap_descriptor_intlibspace.o(.text) for __rt_heap_descriptor
    heap2mt.o(i._malloc$realtime$concurrent) refers to fdtree.o(i._FDTree_FindFirst) for _FDTree_FindFirst
    heap2mt.o(i._malloc$realtime$concurrent) refers to init_alloc.o(.text) for __Heap_Full
    heap2mt.o(i._malloc$realtime$concurrent) refers to fdtree.o(i._FDTree_RemoveNode) for _FDTree_RemoveNode
    heap2mt.o(i._malloc$realtime$concurrent) refers to fdtree.o(i._FDTree_Insert) for _FDTree_Insert
    heap2mt.o(i._posix_memalign$realtime$concurrent) refers to rt_heap_descriptor_intlibspace.o(.text) for __rt_heap_descriptor
    heap2mt.o(i._posix_memalign$realtime$concurrent) refers to fdtree.o(i._FDTree_FindFirst) for _FDTree_FindFirst
    heap2mt.o(i._posix_memalign$realtime$concurrent) refers to init_alloc.o(.text) for __Heap_Full
    heap2mt.o(i._posix_memalign$realtime$concurrent) refers to fdtree.o(i._FDTree_RemoveNode) for _FDTree_RemoveNode
    heap2mt.o(i._posix_memalign$realtime$concurrent) refers to fdtree.o(i._FDTree_Insert) for _FDTree_Insert
    heap2mt.o(i._realloc$realtime$concurrent) refers to rt_heap_descriptor_intlibspace.o(.text) for __rt_heap_descriptor
    heap2mt.o(i._realloc$realtime$concurrent) refers to fdtree.o(i._FDTree_Insert) for _FDTree_Insert
    heap2mt.o(i._realloc$realtime$concurrent) refers to h1_free.o(.text) for free
    heap2mt.o(i._realloc$realtime$concurrent) refers to h1_alloc.o(.text) for malloc
    heap2mt.o(i._realloc$realtime$concurrent) refers to fdtree.o(i._FDTree_Delete) for _FDTree_Delete
    heap2mt.o(i._realloc$realtime$concurrent) refers to rt_memcpy_w.o(.text) for __aeabi_memcpy4
    __2printf.o(.text) refers to _printf_char_file.o(.text) for _printf_char_file
    __2printf.o(.text) refers to retarget.o(.data) for __stdout
    noretval__2printf.o(.text) refers to _printf_char_file.o(.text) for _printf_char_file
    noretval__2printf.o(.text) refers to retarget.o(.data) for __stdout
    __printf.o(.text) refers to _printf_percent.o(.ARM.Collect$$_printf_percent$$00000000) for _printf_percent
    _printf_str.o(.text) refers (Special) to _printf_char.o(.text) for _printf_cs_common
    _printf_str.o(.text) refers (Weak) to _printf_pad.o(.text) for _printf_pre_padding
    _printf_str.o(.text) refers (Weak) to _printf_pad.o(.text) for _printf_post_padding
    _printf_dec.o(.text) refers to _printf_intcommon.o(.text) for _printf_int_common
    __printf_flags.o(.text) refers to _printf_percent.o(.ARM.Collect$$_printf_percent$$00000000) for _printf_percent
    __printf_flags.o(.text) refers to __printf_flags.o(.constdata) for .constdata
    __printf_ss.o(.text) refers to _printf_percent.o(.ARM.Collect$$_printf_percent$$00000000) for _printf_percent
    __printf_flags_ss.o(.text) refers to _printf_percent.o(.ARM.Collect$$_printf_percent$$00000000) for _printf_percent
    __printf_flags_ss.o(.text) refers to __printf_flags_ss.o(.constdata) for .constdata
    __printf_wp.o(.text) refers to __printf_wp.o(i._is_digit) for _is_digit
    __printf_wp.o(.text) refers to _printf_percent.o(.ARM.Collect$$_printf_percent$$00000000) for _printf_percent
    __printf_flags_wp.o(.text) refers to __printf_wp.o(i._is_digit) for _is_digit
    __printf_flags_wp.o(.text) refers to _printf_percent.o(.ARM.Collect$$_printf_percent$$00000000) for _printf_percent
    __printf_flags_wp.o(.text) refers to __printf_flags_wp.o(.constdata) for .constdata
    __printf_ss_wp.o(.text) refers to __printf_wp.o(i._is_digit) for _is_digit
    __printf_ss_wp.o(.text) refers to _printf_percent.o(.ARM.Collect$$_printf_percent$$00000000) for _printf_percent
    __printf_flags_ss_wp.o(.text) refers to __printf_wp.o(i._is_digit) for _is_digit
    __printf_flags_ss_wp.o(.text) refers to _printf_percent.o(.ARM.Collect$$_printf_percent$$00000000) for _printf_percent
    __printf_flags_ss_wp.o(.text) refers to __printf_flags_ss_wp.o(.constdata) for .constdata
    _printf_c.o(.ARM.Collect$$_printf_percent$$00000013) refers (Weak) to _printf_char.o(.text) for _printf_char
    _printf_s.o(.ARM.Collect$$_printf_percent$$00000014) refers (Weak) to _printf_char.o(.text) for _printf_string
    _printf_i.o(.ARM.Collect$$_printf_percent$$00000008) refers (Weak) to _printf_dec.o(.text) for _printf_int_dec
    _printf_d.o(.ARM.Collect$$_printf_percent$$00000009) refers (Weak) to _printf_dec.o(.text) for _printf_int_dec
    _printf_u.o(.ARM.Collect$$_printf_percent$$0000000A) refers (Weak) to _printf_dec.o(.text) for _printf_int_dec
    _printf_f.o(.ARM.Collect$$_printf_percent$$00000003) refers (Weak) to printf1.o(x$fpl$printf1) for _printf_fp_dec
    _printf_percent.o(.ARM.Collect$$_printf_percent$$00000000) refers (Special) to _printf_percent_end.o(.ARM.Collect$$_printf_percent$$00000017) for _printf_percent_end
    getc.o(.text) refers to retarget.o(i.fgetc) for fgetc
    puts.o(.text) refers to retarget.o(i.fputc) for fputc
    puts.o(.text) refers to retarget.o(.data) for __stdout
    exit.o(.text) refers to rtexit.o(.ARM.Collect$$rtexit$$00000000) for __rt_exit
    __main.o(!!!main) refers to rtentry.o(.ARM.Collect$$rtentry$$00000000) for __rt_entry
    basic.o(x$fpl$basic) refers (Special) to usenofp.o(x$fpl$usenofp) for __I$use$fp
    d2f.o(x$fpl$d2f) refers (Special) to usenofp.o(x$fpl$usenofp) for __I$use$fp
    d2f.o(x$fpl$d2f) refers to fretinf.o(x$fpl$fretinf) for __fpl_fretinf
    d2f.o(x$fpl$d2f) refers to dnaninf.o(x$fpl$dnaninf) for __fpl_dnaninf
    daddsub_clz.o(x$fpl$dadd) refers (Special) to usenofp.o(x$fpl$usenofp) for __I$use$fp
    daddsub_clz.o(x$fpl$dadd) refers to daddsub_clz.o(x$fpl$dsub) for _dsub1
    daddsub_clz.o(x$fpl$dadd) refers to dretinf.o(x$fpl$dretinf) for __fpl_dretinf
    daddsub_clz.o(x$fpl$dadd) refers to dnaninf.o(x$fpl$dnaninf) for __fpl_dnaninf
    daddsub_clz.o(x$fpl$drsb) refers (Special) to usenofp.o(x$fpl$usenofp) for __I$use$fp
    daddsub_clz.o(x$fpl$drsb) refers to daddsub_clz.o(x$fpl$dadd) for _dadd1
    daddsub_clz.o(x$fpl$drsb) refers to daddsub_clz.o(x$fpl$dsub) for _dsub1
    daddsub_clz.o(x$fpl$dsub) refers (Special) to usenofp.o(x$fpl$usenofp) for __I$use$fp
    daddsub_clz.o(x$fpl$dsub) refers to daddsub_clz.o(x$fpl$dadd) for _dadd1
    daddsub_clz.o(x$fpl$dsub) refers to dnaninf.o(x$fpl$dnaninf) for __fpl_dnaninf
    ddiv.o(x$fpl$drdiv) refers (Special) to usenofp.o(x$fpl$usenofp) for __I$use$fp
    ddiv.o(x$fpl$drdiv) refers to ddiv.o(x$fpl$ddiv) for ddiv_entry
    ddiv.o(x$fpl$ddiv) refers (Special) to usenofp.o(x$fpl$usenofp) for __I$use$fp
    ddiv.o(x$fpl$ddiv) refers to dretinf.o(x$fpl$dretinf) for __fpl_dretinf
    ddiv.o(x$fpl$ddiv) refers to dnaninf.o(x$fpl$dnaninf) for __fpl_dnaninf
    dflt_clz.o(x$fpl$dfltu) refers (Special) to usenofp.o(x$fpl$usenofp) for __I$use$fp
    dflt_clz.o(x$fpl$dflt) refers (Special) to usenofp.o(x$fpl$usenofp) for __I$use$fp
    dflt_clz.o(x$fpl$dfltn) refers (Special) to usenofp.o(x$fpl$usenofp) for __I$use$fp
    dleqf.o(x$fpl$dleqf) refers (Special) to usenofp.o(x$fpl$usenofp) for __I$use$fp
    dleqf.o(x$fpl$dleqf) refers to dnaninf.o(x$fpl$dnaninf) for __fpl_dnaninf
    dleqf.o(x$fpl$dleqf) refers to dcmpi.o(x$fpl$dcmpinf) for __fpl_dcmp_Inf
    dmul.o(x$fpl$dmul) refers (Special) to usenofp.o(x$fpl$usenofp) for __I$use$fp
    dmul.o(x$fpl$dmul) refers to dretinf.o(x$fpl$dretinf) for __fpl_dretinf
    dmul.o(x$fpl$dmul) refers to dnaninf.o(x$fpl$dnaninf) for __fpl_dnaninf
    drleqf.o(x$fpl$drleqf) refers (Special) to usenofp.o(x$fpl$usenofp) for __I$use$fp
    drleqf.o(x$fpl$drleqf) refers to dleqf.o(x$fpl$dleqf) for __fpl_dcmple_InfNaN
    f2d.o(x$fpl$f2d) refers (Special) to usenofp.o(x$fpl$usenofp) for __I$use$fp
    f2d.o(x$fpl$f2d) refers to fnaninf.o(x$fpl$fnaninf) for __fpl_fnaninf
    f2d.o(x$fpl$f2d) refers to dretinf.o(x$fpl$dretinf) for __fpl_dretinf
    printf1.o(x$fpl$printf1) refers to _printf_fp_dec.o(.text) for _printf_fp_dec_real
    cos.o(i.__hardfp_cos) refers (Special) to usenofp.o(x$fpl$usenofp) for __I$use$fp
    cos.o(i.__hardfp_cos) refers to _rserrno.o(.text) for __set_errno
    cos.o(i.__hardfp_cos) refers to ddiv.o(x$fpl$ddiv) for __aeabi_ddiv
    cos.o(i.__hardfp_cos) refers to daddsub_clz.o(x$fpl$dadd) for __aeabi_dadd
    cos.o(i.__hardfp_cos) refers to rred.o(i.__ieee754_rem_pio2) for __ieee754_rem_pio2
    cos.o(i.__hardfp_cos) refers to sin_i.o(i.__kernel_sin) for __kernel_sin
    cos.o(i.__hardfp_cos) refers to cos_i.o(i.__kernel_cos) for __kernel_cos
    cos.o(i.__hardfp_cos) refers to basic.o(x$fpl$basic) for __aeabi_dneg
    cos.o(i.__softfp_cos) refers (Special) to usenofp.o(x$fpl$usenofp) for __I$use$fp
    cos.o(i.__softfp_cos) refers to cos.o(i.__hardfp_cos) for __hardfp_cos
    cos.o(i.cos) refers (Special) to usenofp.o(x$fpl$usenofp) for __I$use$fp
    cos.o(i.cos) refers to cos.o(i.__hardfp_cos) for __hardfp_cos
    cos_x.o(i.____hardfp_cos$lsc) refers (Special) to usenofp.o(x$fpl$usenofp) for __I$use$fp
    cos_x.o(i.____hardfp_cos$lsc) refers to _rserrno.o(.text) for __set_errno
    cos_x.o(i.____hardfp_cos$lsc) refers to daddsub_clz.o(x$fpl$dadd) for __aeabi_dadd
    cos_x.o(i.____hardfp_cos$lsc) refers to rred.o(i.__ieee754_rem_pio2) for __ieee754_rem_pio2
    cos_x.o(i.____hardfp_cos$lsc) refers to sin_i.o(i.__kernel_sin) for __kernel_sin
    cos_x.o(i.____hardfp_cos$lsc) refers to cos_i.o(i.__kernel_cos) for __kernel_cos
    cos_x.o(i.____hardfp_cos$lsc) refers to basic.o(x$fpl$basic) for __aeabi_dneg
    cos_x.o(i.____softfp_cos$lsc) refers (Special) to usenofp.o(x$fpl$usenofp) for __I$use$fp
    cos_x.o(i.____softfp_cos$lsc) refers to cos_x.o(i.____hardfp_cos$lsc) for ____hardfp_cos$lsc
    cos_x.o(i.__cos$lsc) refers (Special) to usenofp.o(x$fpl$usenofp) for __I$use$fp
    cos_x.o(i.__cos$lsc) refers to cos_x.o(i.____hardfp_cos$lsc) for ____hardfp_cos$lsc
    floor.o(i.__hardfp_floor) refers (Special) to usenofp.o(x$fpl$usenofp) for __I$use$fp
    floor.o(i.__hardfp_floor) refers to daddsub_clz.o(x$fpl$dadd) for __aeabi_dadd
    floor.o(i.__hardfp_floor) refers to drleqf.o(x$fpl$drleqf) for __aeabi_cdrcmple
    floor.o(i.__hardfp_floor) refers to daddsub_clz.o(x$fpl$drsb) for __aeabi_drsub
    floor.o(i.__softfp_floor) refers (Special) to usenofp.o(x$fpl$usenofp) for __I$use$fp
    floor.o(i.__softfp_floor) refers to floor.o(i.__hardfp_floor) for __hardfp_floor
    floor.o(i.floor) refers (Special) to usenofp.o(x$fpl$usenofp) for __I$use$fp
    floor.o(i.floor) refers to floor.o(i.__hardfp_floor) for __hardfp_floor
    sin.o(i.__hardfp_sin) refers (Special) to usenofp.o(x$fpl$usenofp) for __I$use$fp
    sin.o(i.__hardfp_sin) refers to _rserrno.o(.text) for __set_errno
    sin.o(i.__hardfp_sin) refers to ddiv.o(x$fpl$ddiv) for __aeabi_ddiv
    sin.o(i.__hardfp_sin) refers to daddsub_clz.o(x$fpl$dadd) for __aeabi_dadd
    sin.o(i.__hardfp_sin) refers to rred.o(i.__ieee754_rem_pio2) for __ieee754_rem_pio2
    sin.o(i.__hardfp_sin) refers to cos_i.o(i.__kernel_cos) for __kernel_cos
    sin.o(i.__hardfp_sin) refers to basic.o(x$fpl$basic) for __aeabi_dneg
    sin.o(i.__hardfp_sin) refers to sin_i.o(i.__kernel_sin) for __kernel_sin
    sin.o(i.__softfp_sin) refers (Special) to usenofp.o(x$fpl$usenofp) for __I$use$fp
    sin.o(i.__softfp_sin) refers to sin.o(i.__hardfp_sin) for __hardfp_sin
    sin.o(i.sin) refers (Special) to usenofp.o(x$fpl$usenofp) for __I$use$fp
    sin.o(i.sin) refers to sin.o(i.__hardfp_sin) for __hardfp_sin
    sin_x.o(i.____hardfp_sin$lsc) refers (Special) to usenofp.o(x$fpl$usenofp) for __I$use$fp
    sin_x.o(i.____hardfp_sin$lsc) refers to _rserrno.o(.text) for __set_errno
    sin_x.o(i.____hardfp_sin$lsc) refers to daddsub_clz.o(x$fpl$dadd) for __aeabi_dadd
    sin_x.o(i.____hardfp_sin$lsc) refers to rred.o(i.__ieee754_rem_pio2) for __ieee754_rem_pio2
    sin_x.o(i.____hardfp_sin$lsc) refers to cos_i.o(i.__kernel_cos) for __kernel_cos
    sin_x.o(i.____hardfp_sin$lsc) refers to basic.o(x$fpl$basic) for __aeabi_dneg
    sin_x.o(i.____hardfp_sin$lsc) refers to sin_i.o(i.__kernel_sin) for __kernel_sin
    sin_x.o(i.____softfp_sin$lsc) refers (Special) to usenofp.o(x$fpl$usenofp) for __I$use$fp
    sin_x.o(i.____softfp_sin$lsc) refers to sin_x.o(i.____hardfp_sin$lsc) for ____hardfp_sin$lsc
    sin_x.o(i.__sin$lsc) refers (Special) to usenofp.o(x$fpl$usenofp) for __I$use$fp
    sin_x.o(i.__sin$lsc) refers to sin_x.o(i.____hardfp_sin$lsc) for ____hardfp_sin$lsc
    sqrt.o(i.__hardfp_sqrt) refers (Special) to usenofp.o(x$fpl$usenofp) for __I$use$fp
    sqrt.o(i.__hardfp_sqrt) refers to dsqrt_umaal.o(x$fpl$dsqrt) for _dsqrt
    sqrt.o(i.__hardfp_sqrt) refers to _rserrno.o(.text) for __set_errno
    sqrt.o(i.__softfp_sqrt) refers (Special) to usenofp.o(x$fpl$usenofp) for __I$use$fp
    sqrt.o(i.__softfp_sqrt) refers to dsqrt_umaal.o(x$fpl$dsqrt) for _dsqrt
    sqrt.o(i.__softfp_sqrt) refers to _rserrno.o(.text) for __set_errno
    sqrt.o(i.sqrt) refers (Special) to usenofp.o(x$fpl$usenofp) for __I$use$fp
    sqrt.o(i.sqrt) refers to dsqrt_umaal.o(x$fpl$dsqrt) for _dsqrt
    sqrt.o(i.sqrt) refers to _rserrno.o(.text) for __set_errno
    sqrt_x.o(i.____hardfp_sqrt$lsc) refers (Special) to usenofp.o(x$fpl$usenofp) for __I$use$fp
    sqrt_x.o(i.____hardfp_sqrt$lsc) refers to dleqf.o(x$fpl$dleqf) for __aeabi_cdcmple
    sqrt_x.o(i.____hardfp_sqrt$lsc) refers to _rserrno.o(.text) for __set_errno
    sqrt_x.o(i.____hardfp_sqrt$lsc) refers to dsqrt_umaal.o(x$fpl$dsqrt) for _dsqrt
    sqrt_x.o(i.____softfp_sqrt$lsc) refers (Special) to usenofp.o(x$fpl$usenofp) for __I$use$fp
    sqrt_x.o(i.____softfp_sqrt$lsc) refers to dleqf.o(x$fpl$dleqf) for __aeabi_cdcmple
    sqrt_x.o(i.____softfp_sqrt$lsc) refers to _rserrno.o(.text) for __set_errno
    sqrt_x.o(i.____softfp_sqrt$lsc) refers to dsqrt_umaal.o(x$fpl$dsqrt) for _dsqrt
    sqrt_x.o(i.__sqrt$lsc) refers (Special) to usenofp.o(x$fpl$usenofp) for __I$use$fp
    sqrt_x.o(i.__sqrt$lsc) refers to dleqf.o(x$fpl$dleqf) for __aeabi_cdcmple
    sqrt_x.o(i.__sqrt$lsc) refers to _rserrno.o(.text) for __set_errno
    sqrt_x.o(i.__sqrt$lsc) refers to dsqrt_umaal.o(x$fpl$dsqrt) for _dsqrt
    rtentry.o(.ARM.Collect$$rtentry$$00000000) refers (Special) to rtentry2.o(.ARM.Collect$$rtentry$$0000000A) for __rt_entry_li
    rtentry.o(.ARM.Collect$$rtentry$$00000000) refers (Special) to rtentry2.o(.ARM.Collect$$rtentry$$0000000D) for __rt_entry_main
    rtentry.o(.ARM.Collect$$rtentry$$00000000) refers (Special) to rtentry2.o(.ARM.Collect$$rtentry$$0000000C) for __rt_entry_postli_1
    rtentry.o(.ARM.Collect$$rtentry$$00000000) refers (Special) to rtentry2.o(.ARM.Collect$$rtentry$$00000009) for __rt_entry_postsh_1
    rtentry.o(.ARM.Collect$$rtentry$$00000000) refers (Special) to rtentry2.o(.ARM.Collect$$rtentry$$00000002) for __rt_entry_presh_1
    rtentry.o(.ARM.Collect$$rtentry$$00000000) refers (Special) to rtentry4.o(.ARM.Collect$$rtentry$$00000004) for __rt_entry_sh
    rtexit.o(.ARM.Collect$$rtexit$$00000000) refers (Special) to rtexit2.o(.ARM.Collect$$rtexit$$00000004) for __rt_exit_exit
    rtexit.o(.ARM.Collect$$rtexit$$00000000) refers (Special) to rtexit2.o(.ARM.Collect$$rtexit$$00000003) for __rt_exit_ls
    rtexit.o(.ARM.Collect$$rtexit$$00000000) refers (Special) to rtexit2.o(.ARM.Collect$$rtexit$$00000002) for __rt_exit_prels_1
    rtexit.o(.ARM.exidx) refers (Special) to rtexit2.o(.ARM.Collect$$rtexit$$00000004) for __rt_exit_exit
    rtexit.o(.ARM.exidx) refers (Special) to rtexit2.o(.ARM.Collect$$rtexit$$00000003) for __rt_exit_ls
    rtexit.o(.ARM.exidx) refers (Special) to rtexit2.o(.ARM.Collect$$rtexit$$00000002) for __rt_exit_prels_1
    rtexit.o(.ARM.exidx) refers to rtexit.o(.ARM.Collect$$rtexit$$00000000) for .ARM.Collect$$rtexit$$00000000
    rt_heap_descriptor.o(.text) refers to rt_heap_descriptor.o(.bss) for __rt_heap_descriptor_data
    rt_heap_descriptor_intlibspace.o(.text) refers to libspace.o(.bss) for __libspace_start
    init_alloc.o(.text) refers (Special) to hguard.o(.text) for __heap$guard
    init_alloc.o(.text) refers (Special) to libinit2.o(.ARM.Collect$$libinit$$00000003) for __rt_lib_init_heap_2
    init_alloc.o(.text) refers (Special) to maybetermalloc1.o(.emb_text) for _maybe_terminate_alloc
    init_alloc.o(.text) refers to h1_extend.o(.text) for __Heap_ProvideMemory
    init_alloc.o(.text) refers to defsig_rtmem_outer.o(.text) for __rt_SIGRTMEM
    init_alloc.o(.text) refers to rt_heap_descriptor_intlibspace.o(.text) for __rt_heap_descriptor
    init_alloc.o(.text) refers to h1_init.o(.text) for __Heap_Initialize
    h1_init_mt.o(.text) refers to mutex_dummy.o(.text) for _mutex_initialize
    _rserrno.o(.text) refers to rt_errno_addr_intlibspace.o(.text) for __aeabi_errno_addr
    _printf_intcommon.o(.text) refers (Weak) to _printf_pad.o(.text) for _printf_pre_padding
    _printf_intcommon.o(.text) refers (Weak) to _printf_pad.o(.text) for _printf_pre_padding
    _printf_intcommon.o(.text) refers (Weak) to _printf_pad.o(.text) for _printf_post_padding
    _printf_fp_dec.o(.text) refers (Special) to usenofp.o(x$fpl$usenofp) for __I$use$fp
    _printf_fp_dec.o(.text) refers (Special) to lc_numeric_c.o(locale$$code) for _get_lc_numeric
    _printf_fp_dec.o(.text) refers to bigflt0.o(.text) for _btod_etento
    _printf_fp_dec.o(.text) refers to btod.o(CL$$btod_d2e) for _btod_d2e
    _printf_fp_dec.o(.text) refers to btod.o(CL$$btod_ediv) for _btod_ediv
    _printf_fp_dec.o(.text) refers to btod.o(CL$$btod_emul) for _btod_emul
    _printf_fp_dec.o(.text) refers to lludiv10.o(.text) for _ll_udiv10
    _printf_fp_dec.o(.text) refers to fpclassify.o(i.__ARM_fpclassify) for __ARM_fpclassify
    _printf_fp_dec.o(.text) refers to _printf_fp_infnan.o(.text) for _printf_fp_infnan
    _printf_fp_dec.o(.text) refers (Weak) to _printf_pad.o(.text) for _printf_pre_padding
    _printf_fp_dec.o(.text) refers (Weak) to _printf_pad.o(.text) for _printf_pre_padding
    _printf_fp_dec.o(.text) refers to rt_locale_intlibspace.o(.text) for __rt_locale
    _printf_fp_dec.o(.text) refers (Weak) to _printf_pad.o(.text) for _printf_post_padding
    _printf_char.o(.text) refers (Weak) to _printf_str.o(.text) for _printf_str
    _printf_char_file.o(.text) refers to _printf_char_common.o(.text) for _printf_char_common
    _printf_char_file.o(.text) refers to retarget.o(i.ferror) for ferror
    _printf_char_file.o(.text) refers to retarget.o(i.fputc) for fputc
    _get_argv.o(.text) refers (Special) to hrguard.o(.text) for __heap_region$guard
    _get_argv.o(.text) refers to h1_alloc.o(.text) for malloc
    _get_argv.o(.text) refers to defsig_rtmem_outer.o(.text) for __rt_SIGRTMEM
    _get_argv.o(.text) refers to sys_command.o(.text) for _sys_command_string
    libinit2.o(.ARM.Collect$$libinit$$00000001) refers to fpinit.o(x$fpl$fpinit) for _fp_init
    libinit2.o(.ARM.Collect$$libinit$$00000003) refers (Weak) to init_alloc.o(.text) for _init_alloc
    libinit2.o(.ARM.Collect$$libinit$$0000000D) refers (Weak) to rt_locale_intlibspace.o(.text) for __rt_locale
    libinit2.o(.ARM.Collect$$libinit$$0000000E) refers to libinit2.o(.ARM.Collect$$libinit$$0000000D) for .ARM.Collect$$libinit$$0000000D
    libinit2.o(.ARM.Collect$$libinit$$00000010) refers to libinit2.o(.ARM.Collect$$libinit$$0000000D) for .ARM.Collect$$libinit$$0000000D
    libinit2.o(.ARM.Collect$$libinit$$00000012) refers to libinit2.o(.ARM.Collect$$libinit$$0000000D) for .ARM.Collect$$libinit$$0000000D
    libinit2.o(.ARM.Collect$$libinit$$00000014) refers to libinit2.o(.ARM.Collect$$libinit$$0000000D) for .ARM.Collect$$libinit$$0000000D
    libinit2.o(.ARM.Collect$$libinit$$00000014) refers (Weak) to lc_numeric_c.o(locale$$code) for _get_lc_numeric
    libinit2.o(.ARM.Collect$$libinit$$00000016) refers to libinit2.o(.ARM.Collect$$libinit$$0000000D) for .ARM.Collect$$libinit$$0000000D
    libinit2.o(.ARM.Collect$$libinit$$00000024) refers to argv_veneer.o(.emb_text) for __ARM_argv_veneer
    libinit2.o(.ARM.Collect$$libinit$$00000025) refers to argv_veneer.o(.emb_text) for __ARM_argv_veneer
    dcmpi.o(x$fpl$dcmpinf) refers (Special) to usenofp.o(x$fpl$usenofp) for __I$use$fp
    dnaninf.o(x$fpl$dnaninf) refers (Special) to usenofp.o(x$fpl$usenofp) for __I$use$fp
    dretinf.o(x$fpl$dretinf) refers (Special) to usenofp.o(x$fpl$usenofp) for __I$use$fp
    dsqrt_umaal.o(x$fpl$dsqrt) refers (Special) to usenofp.o(x$fpl$usenofp) for __I$use$fp
    dsqrt_umaal.o(x$fpl$dsqrt) refers to dnaninf.o(x$fpl$dnaninf) for __fpl_dnaninf
    fnaninf.o(x$fpl$fnaninf) refers (Special) to usenofp.o(x$fpl$usenofp) for __I$use$fp
    fretinf.o(x$fpl$fretinf) refers (Special) to usenofp.o(x$fpl$usenofp) for __I$use$fp
    cos_i.o(i.__kernel_cos) refers (Special) to usenofp.o(x$fpl$usenofp) for __I$use$fp
    cos_i.o(i.__kernel_cos) refers to dfix.o(x$fpl$dfix) for __aeabi_d2iz
    cos_i.o(i.__kernel_cos) refers to dmul.o(x$fpl$dmul) for __aeabi_dmul
    cos_i.o(i.__kernel_cos) refers to poly.o(i.__kernel_poly) for __kernel_poly
    cos_i.o(i.__kernel_cos) refers to daddsub_clz.o(x$fpl$dsub) for __aeabi_dsub
    cos_i.o(i.__kernel_cos) refers to daddsub_clz.o(x$fpl$drsb) for __aeabi_drsub
    cos_i.o(i.__kernel_cos) refers to cos_i.o(.constdata) for .constdata
    cos_i.o(.constdata) refers (Special) to usenofp.o(x$fpl$usenofp) for __I$use$fp
    rred.o(i.__ieee754_rem_pio2) refers (Special) to usenofp.o(x$fpl$usenofp) for __I$use$fp
    rred.o(i.__ieee754_rem_pio2) refers to daddsub_clz.o(x$fpl$dsub) for __aeabi_dsub
    rred.o(i.__ieee754_rem_pio2) refers to daddsub_clz.o(x$fpl$dadd) for __aeabi_dadd
    rred.o(i.__ieee754_rem_pio2) refers to fabs.o(i.fabs) for fabs
    rred.o(i.__ieee754_rem_pio2) refers to dmul.o(x$fpl$dmul) for __aeabi_dmul
    rred.o(i.__ieee754_rem_pio2) refers to dfix.o(x$fpl$dfix) for __aeabi_d2iz
    rred.o(i.__ieee754_rem_pio2) refers to dflt_clz.o(x$fpl$dflt) for __aeabi_i2d
    rred.o(i.__ieee754_rem_pio2) refers to daddsub_clz.o(x$fpl$drsb) for __aeabi_drsub
    rred.o(i.__ieee754_rem_pio2) refers to basic.o(x$fpl$basic) for __aeabi_dneg
    rred.o(i.__ieee754_rem_pio2) refers to dflt_clz.o(x$fpl$dfltu) for __aeabi_ui2d
    rred.o(i.__ieee754_rem_pio2) refers to rred.o(.constdata) for .constdata
    rred.o(i.__use_accurate_range_reduction) refers (Special) to usenofp.o(x$fpl$usenofp) for __I$use$fp
    rred.o(.constdata) refers (Special) to usenofp.o(x$fpl$usenofp) for __I$use$fp
    sin_i.o(i.__kernel_sin) refers (Special) to usenofp.o(x$fpl$usenofp) for __I$use$fp
    sin_i.o(i.__kernel_sin) refers to fpclassify.o(i.__ARM_fpclassify) for __ARM_fpclassify
    sin_i.o(i.__kernel_sin) refers to dunder.o(i.__mathlib_dbl_underflow) for __mathlib_dbl_underflow
    sin_i.o(i.__kernel_sin) refers to dmul.o(x$fpl$dmul) for __aeabi_dmul
    sin_i.o(i.__kernel_sin) refers to poly.o(i.__kernel_poly) for __kernel_poly
    sin_i.o(i.__kernel_sin) refers to daddsub_clz.o(x$fpl$dsub) for __aeabi_dsub
    sin_i.o(i.__kernel_sin) refers to daddsub_clz.o(x$fpl$drsb) for __aeabi_drsub
    sin_i.o(i.__kernel_sin) refers to daddsub_clz.o(x$fpl$dadd) for __aeabi_dadd
    sin_i.o(i.__kernel_sin) refers to sin_i.o(.constdata) for .constdata
    sin_i.o(.constdata) refers (Special) to usenofp.o(x$fpl$usenofp) for __I$use$fp
    sin_i_x.o(i.____kernel_sin$lsc) refers (Special) to usenofp.o(x$fpl$usenofp) for __I$use$fp
    sin_i_x.o(i.____kernel_sin$lsc) refers to dmul.o(x$fpl$dmul) for __aeabi_dmul
    sin_i_x.o(i.____kernel_sin$lsc) refers to poly.o(i.__kernel_poly) for __kernel_poly
    sin_i_x.o(i.____kernel_sin$lsc) refers to daddsub_clz.o(x$fpl$dsub) for __aeabi_dsub
    sin_i_x.o(i.____kernel_sin$lsc) refers to daddsub_clz.o(x$fpl$drsb) for __aeabi_drsub
    sin_i_x.o(i.____kernel_sin$lsc) refers to daddsub_clz.o(x$fpl$dadd) for __aeabi_dadd
    sin_i_x.o(i.____kernel_sin$lsc) refers to sin_i_x.o(.constdata) for .constdata
    sin_i_x.o(.constdata) refers (Special) to usenofp.o(x$fpl$usenofp) for __I$use$fp
    sys_command.o(.text) refers (Special) to use_no_semi.o(.text) for __I$use$semihosting
    sys_command.o(.text) refers (Special) to indicate_semi.o(.text) for __semihosting_library_function
    libspace.o(.text) refers to libspace.o(.bss) for __libspace_start
    rtentry2.o(.ARM.Collect$$rtentry$$00000008) refers to boardinit2.o(.text) for _platform_post_stackheap_init
    rtentry2.o(.ARM.Collect$$rtentry$$0000000A) refers to libinit.o(.ARM.Collect$$libinit$$00000000) for __rt_lib_init
    rtentry2.o(.ARM.Collect$$rtentry$$0000000B) refers to boardinit3.o(.text) for _platform_post_lib_init
    rtentry2.o(.ARM.Collect$$rtentry$$0000000D) refers to main.o(i.main) for main
    rtentry2.o(.ARM.Collect$$rtentry$$0000000D) refers to exit.o(.text) for exit
    rtentry2.o(.ARM.exidx) refers to rtentry2.o(.ARM.Collect$$rtentry$$00000001) for .ARM.Collect$$rtentry$$00000001
    rtentry2.o(.ARM.exidx) refers to rtentry2.o(.ARM.Collect$$rtentry$$00000008) for .ARM.Collect$$rtentry$$00000008
    rtentry2.o(.ARM.exidx) refers to rtentry2.o(.ARM.Collect$$rtentry$$0000000A) for .ARM.Collect$$rtentry$$0000000A
    rtentry2.o(.ARM.exidx) refers to rtentry2.o(.ARM.Collect$$rtentry$$0000000B) for .ARM.Collect$$rtentry$$0000000B
    rtentry2.o(.ARM.exidx) refers to rtentry2.o(.ARM.Collect$$rtentry$$0000000D) for .ARM.Collect$$rtentry$$0000000D
    rtentry4.o(.ARM.Collect$$rtentry$$00000004) refers to sys_stackheap_outer.o(.text) for __user_setup_stackheap
    rtentry4.o(.ARM.exidx) refers to rtentry4.o(.ARM.Collect$$rtentry$$00000004) for .ARM.Collect$$rtentry$$00000004
    rtexit2.o(.ARM.Collect$$rtexit$$00000003) refers to libshutdown.o(.ARM.Collect$$libshutdown$$00000000) for __rt_lib_shutdown
    rtexit2.o(.ARM.Collect$$rtexit$$00000004) refers to retarget.o(i._sys_exit) for _sys_exit
    rtexit2.o(.ARM.exidx) refers to rtexit2.o(.ARM.Collect$$rtexit$$00000001) for .ARM.Collect$$rtexit$$00000001
    rtexit2.o(.ARM.exidx) refers to rtexit2.o(.ARM.Collect$$rtexit$$00000003) for .ARM.Collect$$rtexit$$00000003
    rtexit2.o(.ARM.exidx) refers to rtexit2.o(.ARM.Collect$$rtexit$$00000004) for .ARM.Collect$$rtexit$$00000004
    rt_locale.o(.text) refers to rt_locale.o(.bss) for __rt_locale_data
    rt_locale_intlibspace.o(.text) refers to libspace.o(.bss) for __libspace_start
    rt_errno_addr.o(.text) refers to rt_errno_addr.o(.bss) for __aeabi_errno_addr_data
    rt_errno_addr_intlibspace.o(.text) refers to libspace.o(.bss) for __libspace_start
    maybetermalloc2.o(.emb_text) refers (Special) to term_alloc.o(.text) for _terminate_alloc
    h1_extend.o(.text) refers to h1_free.o(.text) for free
    h1_extend_mt.o(.text) refers to h1_free_mt.o(.text) for _free_internal
    _printf_char_common.o(.text) refers to __printf_flags_ss_wp.o(.text) for __printf
    _printf_fp_infnan.o(.text) refers (Weak) to _printf_pad.o(.text) for _printf_pre_padding
    _printf_fp_infnan.o(.text) refers (Weak) to _printf_pad.o(.text) for _printf_post_padding
    bigflt0.o(.text) refers (Special) to usenofp.o(x$fpl$usenofp) for __I$use$fp
    bigflt0.o(.text) refers to btod.o(CL$$btod_emul) for _btod_emul
    bigflt0.o(.text) refers to btod.o(CL$$btod_ediv) for _btod_ediv
    bigflt0.o(.text) refers to bigflt0.o(.constdata) for .constdata
    bigflt0.o(.constdata) refers (Special) to usenofp.o(x$fpl$usenofp) for __I$use$fp
    btod.o(CL$$btod_d2e) refers (Special) to usenofp.o(x$fpl$usenofp) for __I$use$fp
    btod.o(CL$$btod_d2e) refers to btod.o(CL$$btod_d2e_norm_op1) for _d2e_norm_op1
    btod.o(CL$$btod_d2e_norm_op1) refers (Special) to usenofp.o(x$fpl$usenofp) for __I$use$fp
    btod.o(CL$$btod_d2e_norm_op1) refers to btod.o(CL$$btod_d2e_denorm_low) for _d2e_denorm_low
    btod.o(CL$$btod_d2e_denorm_low) refers (Special) to usenofp.o(x$fpl$usenofp) for __I$use$fp
    btod.o(CL$$btod_emul) refers (Special) to usenofp.o(x$fpl$usenofp) for __I$use$fp
    btod.o(CL$$btod_emul) refers to btod.o(CL$$btod_mult_common) for __btod_mult_common
    btod.o(CL$$btod_emul) refers to btod.o(CL$$btod_e2e) for _e2e
    btod.o(CL$$btod_ediv) refers (Special) to usenofp.o(x$fpl$usenofp) for __I$use$fp
    btod.o(CL$$btod_ediv) refers to btod.o(CL$$btod_div_common) for __btod_div_common
    btod.o(CL$$btod_ediv) refers to btod.o(CL$$btod_e2e) for _e2e
    btod.o(CL$$btod_emuld) refers (Special) to usenofp.o(x$fpl$usenofp) for __I$use$fp
    btod.o(CL$$btod_emuld) refers to btod.o(CL$$btod_mult_common) for __btod_mult_common
    btod.o(CL$$btod_emuld) refers to btod.o(CL$$btod_e2d) for _e2d
    btod.o(CL$$btod_edivd) refers (Special) to usenofp.o(x$fpl$usenofp) for __I$use$fp
    btod.o(CL$$btod_edivd) refers to btod.o(CL$$btod_div_common) for __btod_div_common
    btod.o(CL$$btod_edivd) refers to btod.o(CL$$btod_e2d) for _e2d
    btod.o(CL$$btod_e2e) refers (Special) to usenofp.o(x$fpl$usenofp) for __I$use$fp
    btod.o(CL$$btod_e2d) refers (Special) to usenofp.o(x$fpl$usenofp) for __I$use$fp
    btod.o(CL$$btod_e2d) refers to btod.o(CL$$btod_e2e) for _e2e
    btod.o(CL$$btod_mult_common) refers (Special) to usenofp.o(x$fpl$usenofp) for __I$use$fp
    btod.o(CL$$btod_div_common) refers (Special) to usenofp.o(x$fpl$usenofp) for __I$use$fp
    lc_numeric_c.o(locale$$data) refers (Special) to libinit2.o(.ARM.Collect$$libinit$$00000014) for __rt_lib_init_lc_numeric_2
    lc_numeric_c.o(locale$$code) refers (Special) to libinit2.o(.ARM.Collect$$libinit$$00000014) for __rt_lib_init_lc_numeric_2
    lc_numeric_c.o(locale$$code) refers to strcmpv7m.o(.text) for strcmp
    lc_numeric_c.o(locale$$code) refers to lc_numeric_c.o(locale$$data) for __lcnum_c_name
    defsig_rtmem_outer.o(.text) refers to defsig_rtmem_inner.o(.text) for __rt_SIGRTMEM_inner
    defsig_rtmem_outer.o(.text) refers to defsig_exit.o(.text) for __sig_exit
    defsig_rtmem_formal.o(.text) refers to rt_raise.o(.text) for __rt_raise
    heapauxa.o(.text) refers to heapauxa.o(.data) for .data
    argv_veneer.o(.emb_text) refers to no_argv.o(.text) for __ARM_get_argv
    dfix.o(x$fpl$dfix) refers (Special) to usenofp.o(x$fpl$usenofp) for __I$use$fp
    dfix.o(x$fpl$dfix) refers to dnaninf.o(x$fpl$dnaninf) for __fpl_dnaninf
    dfix.o(x$fpl$dfixr) refers (Special) to usenofp.o(x$fpl$usenofp) for __I$use$fp
    dfix.o(x$fpl$dfixr) refers to dnaninf.o(x$fpl$dnaninf) for __fpl_dnaninf
    istatus.o(x$fpl$ieeestatus) refers (Special) to usenofp.o(x$fpl$usenofp) for __I$use$fp
    dunder.o(i.__mathlib_dbl_underflow) refers to dmul.o(x$fpl$dmul) for __aeabi_dmul
    fabs.o(i.__hardfp_fabs) refers (Special) to usenofp.o(x$fpl$usenofp) for __I$use$fp
    fabs.o(i.__softfp_fabs) refers (Special) to usenofp.o(x$fpl$usenofp) for __I$use$fp
    fabs.o(i.fabs) refers (Special) to usenofp.o(x$fpl$usenofp) for __I$use$fp
    fpclassify.o(i.__ARM_fpclassify) refers (Special) to usenofp.o(x$fpl$usenofp) for __I$use$fp
    poly.o(i.__kernel_poly) refers (Special) to usenofp.o(x$fpl$usenofp) for __I$use$fp
    poly.o(i.__kernel_poly) refers to dmul.o(x$fpl$dmul) for __aeabi_dmul
    poly.o(i.__kernel_poly) refers to daddsub_clz.o(x$fpl$dadd) for __aeabi_dadd
    sys_stackheap_outer.o(.text) refers to libspace.o(.text) for __user_perproc_libspace
    sys_stackheap_outer.o(.text) refers to startup_rvmdk.o(.text) for __user_initial_stackheap
    rt_raise.o(.text) refers to __raise.o(.text) for __raise
    rt_raise.o(.text) refers to retarget.o(i._sys_exit) for _sys_exit
    term_alloc.o(.text) refers (Special) to libshutdown2.o(.ARM.Collect$$libshutdown$$0000000D) for __rt_lib_shutdown_heap_2
    term_alloc.o(.text) refers to rt_heap_descriptor_intlibspace.o(.text) for __rt_heap_descriptor
    term_alloc.o(.text) refers to h1_final.o(.text) for __Heap_Finalize
    defsig_exit.o(.text) refers to retarget.o(i._sys_exit) for _sys_exit
    defsig_rtmem_inner.o(.text) refers to defsig_general.o(.text) for __default_signal_display
    _get_argv_nomalloc.o(.text) refers (Special) to hrguard.o(.text) for __heap_region$guard
    _get_argv_nomalloc.o(.text) refers to defsig_rtmem_outer.o(.text) for __rt_SIGRTMEM
    _get_argv_nomalloc.o(.text) refers to sys_command.o(.text) for _sys_command_string
    libinit.o(.ARM.Collect$$libinit$$00000000) refers (Special) to libinit2.o(.ARM.Collect$$libinit$$0000002C) for __rt_lib_init_alloca_1
    libinit.o(.ARM.Collect$$libinit$$00000000) refers (Special) to libinit2.o(.ARM.Collect$$libinit$$0000002A) for __rt_lib_init_argv_1
    libinit.o(.ARM.Collect$$libinit$$00000000) refers (Special) to libinit2.o(.ARM.Collect$$libinit$$00000019) for __rt_lib_init_atexit_1
    libinit.o(.ARM.Collect$$libinit$$00000000) refers (Special) to libinit2.o(.ARM.Collect$$libinit$$0000001F) for __rt_lib_init_clock_1
    libinit.o(.ARM.Collect$$libinit$$00000000) refers (Special) to libinit2.o(.ARM.Collect$$libinit$$00000030) for __rt_lib_init_cpp_1
    libinit.o(.ARM.Collect$$libinit$$00000000) refers (Special) to libinit2.o(.ARM.Collect$$libinit$$0000002E) for __rt_lib_init_exceptions_1
    libinit.o(.ARM.Collect$$libinit$$00000000) refers (Special) to libinit2.o(.ARM.Collect$$libinit$$00000001) for __rt_lib_init_fp_1
    libinit.o(.ARM.Collect$$libinit$$00000000) refers (Special) to libinit2.o(.ARM.Collect$$libinit$$0000001D) for __rt_lib_init_fp_trap_1
    libinit.o(.ARM.Collect$$libinit$$00000000) refers (Special) to libinit2.o(.ARM.Collect$$libinit$$00000021) for __rt_lib_init_getenv_1
    libinit.o(.ARM.Collect$$libinit$$00000000) refers (Special) to libinit2.o(.ARM.Collect$$libinit$$00000008) for __rt_lib_init_heap_1
    libinit.o(.ARM.Collect$$libinit$$00000000) refers (Special) to libinit2.o(.ARM.Collect$$libinit$$0000000F) for __rt_lib_init_lc_collate_1
    libinit.o(.ARM.Collect$$libinit$$00000000) refers (Special) to libinit2.o(.ARM.Collect$$libinit$$00000011) for __rt_lib_init_lc_ctype_1
    libinit.o(.ARM.Collect$$libinit$$00000000) refers (Special) to libinit2.o(.ARM.Collect$$libinit$$00000013) for __rt_lib_init_lc_monetary_1
    libinit.o(.ARM.Collect$$libinit$$00000000) refers (Special) to libinit2.o(.ARM.Collect$$libinit$$00000015) for __rt_lib_init_lc_numeric_1
    libinit.o(.ARM.Collect$$libinit$$00000000) refers (Special) to libinit2.o(.ARM.Collect$$libinit$$00000017) for __rt_lib_init_lc_time_1
    libinit.o(.ARM.Collect$$libinit$$00000000) refers (Special) to libinit2.o(.ARM.Collect$$libinit$$0000000C) for __rt_lib_init_rand_1
    libinit.o(.ARM.Collect$$libinit$$00000000) refers (Special) to libinit2.o(.ARM.Collect$$libinit$$00000031) for __rt_lib_init_return
    libinit.o(.ARM.Collect$$libinit$$00000000) refers (Special) to libinit2.o(.ARM.Collect$$libinit$$0000001B) for __rt_lib_init_signal_1
    libinit.o(.ARM.Collect$$libinit$$00000000) refers (Special) to libinit2.o(.ARM.Collect$$libinit$$00000023) for __rt_lib_init_stdio_1
    libinit.o(.ARM.Collect$$libinit$$00000000) refers (Special) to libinit2.o(.ARM.Collect$$libinit$$0000000A) for __rt_lib_init_user_alloc_1
    libshutdown.o(.ARM.Collect$$libshutdown$$00000000) refers (Special) to libshutdown2.o(.ARM.Collect$$libshutdown$$00000006) for __rt_lib_shutdown_fp_trap_1
    libshutdown.o(.ARM.Collect$$libshutdown$$00000000) refers (Special) to libshutdown2.o(.ARM.Collect$$libshutdown$$0000000E) for __rt_lib_shutdown_heap_1
    libshutdown.o(.ARM.Collect$$libshutdown$$00000000) refers (Special) to libshutdown2.o(.ARM.Collect$$libshutdown$$0000000F) for __rt_lib_shutdown_return
    libshutdown.o(.ARM.Collect$$libshutdown$$00000000) refers (Special) to libshutdown2.o(.ARM.Collect$$libshutdown$$00000009) for __rt_lib_shutdown_signal_1
    libshutdown.o(.ARM.Collect$$libshutdown$$00000000) refers (Special) to libshutdown2.o(.ARM.Collect$$libshutdown$$00000003) for __rt_lib_shutdown_stdio_1
    libshutdown.o(.ARM.Collect$$libshutdown$$00000000) refers (Special) to libshutdown2.o(.ARM.Collect$$libshutdown$$0000000B) for __rt_lib_shutdown_user_alloc_1
    __raise.o(.text) refers to defsig.o(CL$$defsig) for __default_signal_handler
    defsig_general.o(.text) refers to retarget.o(i._ttywrch) for _ttywrch
    libshutdown2.o(.ARM.Collect$$libshutdown$$0000000C) refers (Weak) to term_alloc.o(.text) for _terminate_alloc
    defsig.o(CL$$defsig) refers to defsig_rtmem_inner.o(.text) for __rt_SIGRTMEM_inner
    defsig_abrt_inner.o(.text) refers to defsig_general.o(.text) for __default_signal_display
    defsig_fpe_inner.o(.text) refers to defsig_general.o(.text) for __default_signal_display
    defsig_rtred_inner.o(.text) refers to defsig_general.o(.text) for __default_signal_display
    defsig_stak_inner.o(.text) refers to defsig_general.o(.text) for __default_signal_display
    defsig_pvfn_inner.o(.text) refers to defsig_general.o(.text) for __default_signal_display
    defsig_cppl_inner.o(.text) refers to defsig_general.o(.text) for __default_signal_display
    defsig_segv_inner.o(.text) refers to defsig_general.o(.text) for __default_signal_display
    defsig_other.o(.text) refers to defsig_general.o(.text) for __default_signal_display


==============================================================================

Removing Unused input sections from the image.

    Removing testharnessservice0.o(i.InitTestHarnessService0), (132 bytes).
    Removing testharnessservice0.o(i.PostTestHarnessService0), (16 bytes).
    Removing testharnessservice0.o(i.RunTestHarnessService0), (528 bytes).
    Removing testharnessservice0.o(.bss), (16 bytes).
    Removing testharnessservice0.o(.data), (3 bytes).
    Removing templatefsm.o(i.InitTemplateFSM), (32 bytes).
    Removing templatefsm.o(i.PostTemplateFSM), (16 bytes).
    Removing templatefsm.o(i.QueryTemplateFSM), (12 bytes).
    Removing templatefsm.o(i.RunTemplateFSM), (44 bytes).
    Removing templatefsm.o(.data), (2 bytes).
    Removing es_shorttimer.o(i.ES_ShortTimerStart), (96 bytes).
    Removing shiftregisterwrite.o(i.CIRC_SHIFT), (10 bytes).
    Removing shiftregisterwrite.o(i.SR_GetCurrentRegister), (12 bytes).
    Removing shiftregisterwrite.o(i.SR_Init), (72 bytes).
    Removing shiftregisterwrite.o(i.SR_Write), (104 bytes).
    Removing shiftregisterwrite.o(.data), (1 bytes).
    Removing fourierservice.o(i.PostFourierService), (16 bytes).
    Removing es_deferrecall.o(i.ES_RecallEvents), (44 bytes).
    Removing es_framework.o(i.ES_PostAll), (72 bytes).
    Removing es_framework.o(i.ES_PostToServiceLIFO), (56 bytes).
    Removing es_port.o(i.ConsoleInit), (80 bytes).
    Removing es_queue.o(i.ES_EnQueueLIFO), (72 bytes).
    Removing es_queue.o(i.ES_IsQueueEmpty), (12 bytes).
    Removing es_timers.o(i.ES_Timer_SetTimer), (40 bytes).
    Removing es_timers.o(i.ES_Timer_StartTimer), (48 bytes).
    Removing es_timers.o(i.ES_Timer_StopTimer), (36 bytes).
    Removing uartstdio.o(i.UARTgets), (132 bytes).
    Removing uartstdio.o(i.UARTprintf), (18 bytes).
    Removing uartstdio.o(i.UARTvprintf), (436 bytes).
    Removing uartstdio.o(i.UARTwrite), (60 bytes).
    Removing kiss_fft.o(i.kiss_fft_cleanup), (2 bytes).
    Removing kiss_fft.o(i.kiss_fft_next_fast_size), (62 bytes).
    Removing gpio.o(i.GPIOADCTriggerDisable), (14 bytes).
    Removing gpio.o(i.GPIOADCTriggerEnable), (14 bytes).
    Removing gpio.o(i.GPIODMATriggerDisable), (14 bytes).
    Removing gpio.o(i.GPIODMATriggerEnable), (14 bytes).
    Removing gpio.o(i.GPIODirModeGet), (34 bytes).
    Removing gpio.o(i.GPIOIntClear), (6 bytes).
    Removing gpio.o(i.GPIOIntDisable), (14 bytes).
    Removing gpio.o(i.GPIOIntEnable), (14 bytes).
    Removing gpio.o(i.GPIOIntRegister), (88 bytes).
    Removing gpio.o(i.GPIOIntStatus), (14 bytes).
    Removing gpio.o(i.GPIOIntTypeGet), (68 bytes).
    Removing gpio.o(i.GPIOIntTypeSet), (80 bytes).
    Removing gpio.o(i.GPIOIntUnregister), (88 bytes).
    Removing gpio.o(i.GPIOPadConfigGet), (204 bytes).
    Removing gpio.o(i.GPIOPinRead), (6 bytes).
    Removing gpio.o(i.GPIOPinTypeADC), (28 bytes).
    Removing gpio.o(i.GPIOPinTypeCAN), (28 bytes).
    Removing gpio.o(i.GPIOPinTypeCIR), (28 bytes).
    Removing gpio.o(i.GPIOPinTypeComparator), (28 bytes).
    Removing gpio.o(i.GPIOPinTypeEPI), (28 bytes).
    Removing gpio.o(i.GPIOPinTypeEthernetLED), (28 bytes).
    Removing gpio.o(i.GPIOPinTypeEthernetMII), (28 bytes).
    Removing gpio.o(i.GPIOPinTypeGPIOInput), (28 bytes).
    Removing gpio.o(i.GPIOPinTypeGPIOOutput), (28 bytes).
    Removing gpio.o(i.GPIOPinTypeGPIOOutputOD), (28 bytes).
    Removing gpio.o(i.GPIOPinTypeI2C), (28 bytes).
    Removing gpio.o(i.GPIOPinTypeI2CSCL), (28 bytes).
    Removing gpio.o(i.GPIOPinTypeKBColumn), (28 bytes).
    Removing gpio.o(i.GPIOPinTypeKBRow), (28 bytes).
    Removing gpio.o(i.GPIOPinTypeLCD), (28 bytes).
    Removing gpio.o(i.GPIOPinTypeLEDSeq), (28 bytes).
    Removing gpio.o(i.GPIOPinTypeLPC), (28 bytes).
    Removing gpio.o(i.GPIOPinTypePECIRx), (28 bytes).
    Removing gpio.o(i.GPIOPinTypePECITx), (28 bytes).
    Removing gpio.o(i.GPIOPinTypePWM), (28 bytes).
    Removing gpio.o(i.GPIOPinTypeQEI), (28 bytes).
    Removing gpio.o(i.GPIOPinTypeSSI), (28 bytes).
    Removing gpio.o(i.GPIOPinTypeTimer), (28 bytes).
    Removing gpio.o(i.GPIOPinTypeUSBAnalog), (28 bytes).
    Removing gpio.o(i.GPIOPinTypeUSBDigital), (28 bytes).
    Removing gpio.o(i.GPIOPinTypeWakeHigh), (30 bytes).
    Removing gpio.o(i.GPIOPinTypeWakeLow), (30 bytes).
    Removing gpio.o(i.GPIOPinWakeStatus), (6 bytes).
    Removing gpio.o(i.GPIOPinWrite), (6 bytes).
    Removing interrupt.o(i.IntDisable), (100 bytes).
    Removing interrupt.o(i.IntEnable), (100 bytes).
    Removing interrupt.o(i.IntIsEnabled), (96 bytes).
    Removing interrupt.o(i.IntMasterDisable), (14 bytes).
    Removing interrupt.o(i.IntPendClear), (68 bytes).
    Removing interrupt.o(i.IntPendSet), (84 bytes).
    Removing interrupt.o(i.IntPriorityGet), (28 bytes).
    Removing interrupt.o(i.IntPriorityGroupingGet), (36 bytes).
    Removing interrupt.o(i.IntPriorityGroupingSet), (28 bytes).
    Removing interrupt.o(i.IntPriorityMaskGet), (4 bytes).
    Removing interrupt.o(i.IntPriorityMaskSet), (4 bytes).
    Removing interrupt.o(i.IntPrioritySet), (40 bytes).
    Removing interrupt.o(i.IntRegister), (52 bytes).
    Removing interrupt.o(i.IntTrigger), (12 bytes).
    Removing interrupt.o(i.IntUnregister), (20 bytes).
    Removing interrupt.o(i._IntDefaultHandler), (2 bytes).
    Removing interrupt.o(.constdata), (268 bytes).
    Removing interrupt.o(vtable), (620 bytes).
    Removing sysctl.o(i.SysCtlAltClkConfig), (12 bytes).
    Removing sysctl.o(i.SysCtlClockFreqSet), (712 bytes).
    Removing sysctl.o(i.SysCtlClockGet), (356 bytes).
    Removing sysctl.o(i.SysCtlClockOutConfig), (16 bytes).
    Removing sysctl.o(i.SysCtlDeepSleep), (32 bytes).
    Removing sysctl.o(i.SysCtlDeepSleepClockConfigSet), (112 bytes).
    Removing sysctl.o(i.SysCtlDeepSleepClockSet), (12 bytes).
    Removing sysctl.o(i.SysCtlDeepSleepPowerSet), (12 bytes).
    Removing sysctl.o(i.SysCtlFlashSectorSizeGet), (56 bytes).
    Removing sysctl.o(i.SysCtlFlashSizeGet), (56 bytes).
    Removing sysctl.o(i.SysCtlGPIOAHBDisable), (28 bytes).
    Removing sysctl.o(i.SysCtlGPIOAHBEnable), (24 bytes).
    Removing sysctl.o(i.SysCtlIntClear), (12 bytes).
    Removing sysctl.o(i.SysCtlIntDisable), (16 bytes).
    Removing sysctl.o(i.SysCtlIntEnable), (16 bytes).
    Removing sysctl.o(i.SysCtlIntRegister), (20 bytes).
    Removing sysctl.o(i.SysCtlIntStatus), (16 bytes).
    Removing sysctl.o(i.SysCtlIntUnregister), (18 bytes).
    Removing sysctl.o(i.SysCtlLDODeepSleepGet), (12 bytes).
    Removing sysctl.o(i.SysCtlLDODeepSleepSet), (12 bytes).
    Removing sysctl.o(i.SysCtlLDOSleepGet), (12 bytes).
    Removing sysctl.o(i.SysCtlLDOSleepSet), (12 bytes).
    Removing sysctl.o(i.SysCtlMOSCConfigSet), (12 bytes).
    Removing sysctl.o(i.SysCtlNMIClear), (16 bytes).
    Removing sysctl.o(i.SysCtlNMIStatus), (12 bytes).
    Removing sysctl.o(i.SysCtlPIOSCCalibrate), (76 bytes).
    Removing sysctl.o(i.SysCtlPWMClockGet), (24 bytes).
    Removing sysctl.o(i.SysCtlPWMClockSet), (20 bytes).
    Removing sysctl.o(i.SysCtlPeripheralClockGating), (68 bytes).
    Removing sysctl.o(i.SysCtlPeripheralDeepSleepDisable), (40 bytes).
    Removing sysctl.o(i.SysCtlPeripheralDeepSleepEnable), (40 bytes).
    Removing sysctl.o(i.SysCtlPeripheralDisable), (40 bytes).
    Removing sysctl.o(i.SysCtlPeripheralPowerOff), (40 bytes).
    Removing sysctl.o(i.SysCtlPeripheralPowerOn), (40 bytes).
    Removing sysctl.o(i.SysCtlPeripheralPresent), (44 bytes).
    Removing sysctl.o(i.SysCtlPeripheralReady), (44 bytes).
    Removing sysctl.o(i.SysCtlPeripheralReset), (60 bytes).
    Removing sysctl.o(i.SysCtlPeripheralSleepDisable), (40 bytes).
    Removing sysctl.o(i.SysCtlPeripheralSleepEnable), (40 bytes).
    Removing sysctl.o(i.SysCtlReset), (16 bytes).
    Removing sysctl.o(i.SysCtlResetBehaviorGet), (12 bytes).
    Removing sysctl.o(i.SysCtlResetBehaviorSet), (12 bytes).
    Removing sysctl.o(i.SysCtlResetCauseClear), (16 bytes).
    Removing sysctl.o(i.SysCtlResetCauseGet), (12 bytes).
    Removing sysctl.o(i.SysCtlSRAMSizeGet), (16 bytes).
    Removing sysctl.o(i.SysCtlSleep), (4 bytes).
    Removing sysctl.o(i.SysCtlSleepPowerSet), (12 bytes).
    Removing sysctl.o(i.SysCtlUSBPLLDisable), (16 bytes).
    Removing sysctl.o(i.SysCtlUSBPLLEnable), (16 bytes).
    Removing sysctl.o(i.SysCtlVoltageEventClear), (16 bytes).
    Removing sysctl.o(i.SysCtlVoltageEventConfig), (12 bytes).
    Removing sysctl.o(i.SysCtlVoltageEventStatus), (12 bytes).
    Removing sysctl.o(.constdata), (452 bytes).
    Removing systick.o(i.SysTickDisable), (14 bytes).
    Removing systick.o(i.SysTickIntDisable), (14 bytes).
    Removing systick.o(i.SysTickIntRegister), (24 bytes).
    Removing systick.o(i.SysTickIntUnregister), (18 bytes).
    Removing systick.o(i.SysTickPeriodGet), (10 bytes).
    Removing systick.o(i.SysTickValueGet), (8 bytes).
    Removing timer.o(i.TimerADCEventGet), (4 bytes).
    Removing timer.o(i.TimerADCEventSet), (4 bytes).
    Removing timer.o(i.TimerClockSourceGet), (6 bytes).
    Removing timer.o(i.TimerClockSourceSet), (6 bytes).
    Removing timer.o(i.TimerControlEvent), (18 bytes).
    Removing timer.o(i.TimerControlLevel), (22 bytes).
    Removing timer.o(i.TimerControlStall), (22 bytes).
    Removing timer.o(i.TimerControlTrigger), (76 bytes).
    Removing timer.o(i.TimerControlWaitOnTrigger), (48 bytes).
    Removing timer.o(i.TimerDMAEventGet), (4 bytes).
    Removing timer.o(i.TimerDMAEventSet), (4 bytes).
    Removing timer.o(i.TimerDisable), (16 bytes).
    Removing timer.o(i.TimerEnable), (14 bytes).
    Removing timer.o(i.TimerIntDisable), (10 bytes).
    Removing timer.o(i.TimerIntEnable), (8 bytes).
    Removing timer.o(i.TimerIntRegister), (104 bytes).
    Removing timer.o(i.TimerIntStatus), (10 bytes).
    Removing timer.o(i.TimerIntUnregister), (104 bytes).
    Removing timer.o(i.TimerLoadGet), (10 bytes).
    Removing timer.o(i.TimerLoadGet64), (14 bytes).
    Removing timer.o(i.TimerLoadSet), (18 bytes).
    Removing timer.o(i.TimerLoadSet64), (6 bytes).
    Removing timer.o(i.TimerMatchGet), (10 bytes).
    Removing timer.o(i.TimerMatchGet64), (14 bytes).
    Removing timer.o(i.TimerMatchSet), (18 bytes).
    Removing timer.o(i.TimerMatchSet64), (6 bytes).
    Removing timer.o(i.TimerPrescaleGet), (10 bytes).
    Removing timer.o(i.TimerPrescaleMatchGet), (10 bytes).
    Removing timer.o(i.TimerPrescaleMatchSet), (18 bytes).
    Removing timer.o(i.TimerRTCDisable), (10 bytes).
    Removing timer.o(i.TimerRTCEnable), (10 bytes).
    Removing timer.o(i.TimerSynchronize), (4 bytes).
    Removing timer.o(i.TimerUpdateMode), (42 bytes).
    Removing timer.o(i.TimerValueGet), (10 bytes).
    Removing timer.o(i.TimerValueGet64), (14 bytes).
    Removing timer.o(.constdata), (160 bytes).
    Removing uart.o(i.UART9BitAddrSend), (38 bytes).
    Removing uart.o(i.UART9BitAddrSet), (10 bytes).
    Removing uart.o(i.UART9BitDisable), (14 bytes).
    Removing uart.o(i.UART9BitEnable), (14 bytes).
    Removing uart.o(i.UARTBreakCtl), (18 bytes).
    Removing uart.o(i.UARTBusy), (8 bytes).
    Removing uart.o(i.UARTCharGet), (12 bytes).
    Removing uart.o(i.UARTCharGetNonBlocking), (16 bytes).
    Removing uart.o(i.UARTCharPutNonBlocking), (16 bytes).
    Removing uart.o(i.UARTCharsAvail), (10 bytes).
    Removing uart.o(i.UARTClockSourceGet), (6 bytes).
    Removing uart.o(i.UARTConfigGetExpClk), (46 bytes).
    Removing uart.o(i.UARTConfigSetExpClk), (110 bytes).
    Removing uart.o(i.UARTDMADisable), (10 bytes).
    Removing uart.o(i.UARTDMAEnable), (8 bytes).
    Removing uart.o(i.UARTDisable), (30 bytes).
    Removing uart.o(i.UARTDisableSIR), (10 bytes).
    Removing uart.o(i.UARTEnable), (20 bytes).
    Removing uart.o(i.UARTEnableSIR), (18 bytes).
    Removing uart.o(i.UARTFIFODisable), (10 bytes).
    Removing uart.o(i.UARTFIFOEnable), (10 bytes).
    Removing uart.o(i.UARTFIFOLevelGet), (16 bytes).
    Removing uart.o(i.UARTFIFOLevelSet), (6 bytes).
    Removing uart.o(i.UARTFlowControlGet), (8 bytes).
    Removing uart.o(i.UARTFlowControlSet), (12 bytes).
    Removing uart.o(i.UARTIntClear), (4 bytes).
    Removing uart.o(i.UARTIntDisable), (10 bytes).
    Removing uart.o(i.UARTIntEnable), (8 bytes).
    Removing uart.o(i.UARTIntRegister), (88 bytes).
    Removing uart.o(i.UARTIntStatus), (10 bytes).
    Removing uart.o(i.UARTIntUnregister), (88 bytes).
    Removing uart.o(i.UARTModemControlClear), (14 bytes).
    Removing uart.o(i.UARTModemControlGet), (8 bytes).
    Removing uart.o(i.UARTModemControlSet), (12 bytes).
    Removing uart.o(i.UARTModemStatusGet), (10 bytes).
    Removing uart.o(i.UARTParityModeGet), (8 bytes).
    Removing uart.o(i.UARTParityModeSet), (12 bytes).
    Removing uart.o(i.UARTRxErrorClear), (6 bytes).
    Removing uart.o(i.UARTRxErrorGet), (8 bytes).
    Removing uart.o(i.UARTSmartCardDisable), (10 bytes).
    Removing uart.o(i.UARTSmartCardEnable), (22 bytes).
    Removing uart.o(i.UARTSpaceAvail), (10 bytes).
    Removing uart.o(i.UARTTxIntModeGet), (8 bytes).
    Removing uart.o(i.UARTTxIntModeSet), (12 bytes).
    Removing uart.o(.constdata), (128 bytes).

234 unused section(s) (total 10060 bytes) removed from the image.

==============================================================================

Memory Map of the image

  Image Entry point : 0x00000000

  Load Region LR_IROM1 (Base: 0x00000000, Size: 0x0000544c, Max: 0x00040000, ABSOLUTE)

    Execution Region ER_IROM1 (Base: 0x00000000, Size: 0x0000521c, Max: 0x00040000, ABSOLUTE)

    Base Addr    Size         Type   Attr      Idx    E Section Name        Object

    0x00000000   0x00000288   Code   RO          527  * RESET               startup_rvmdk.o
    0x00000288   0x00000008   Code   RO         2507  * !!!main             c_w.l(__main.o)
    0x00000290   0x00000000   Code   RO         2494    .ARM.Collect$$_printf_percent$$00000000  c_w.l(_printf_percent.o)
    0x00000290   0x00000006   Code   RO         2493    .ARM.Collect$$_printf_percent$$00000003  c_w.l(_printf_f.o)
    0x00000296   0x00000006   Code   RO         2490    .ARM.Collect$$_printf_percent$$00000008  c_w.l(_printf_i.o)
    0x0000029c   0x00000006   Code   RO         2491    .ARM.Collect$$_printf_percent$$00000009  c_w.l(_printf_d.o)
    0x000002a2   0x00000006   Code   RO         2492    .ARM.Collect$$_printf_percent$$0000000A  c_w.l(_printf_u.o)
    0x000002a8   0x00000006   Code   RO         2488    .ARM.Collect$$_printf_percent$$00000013  c_w.l(_printf_c.o)
    0x000002ae   0x00000006   Code   RO         2489    .ARM.Collect$$_printf_percent$$00000014  c_w.l(_printf_s.o)
    0x000002b4   0x00000004   Code   RO         2621    .ARM.Collect$$_printf_percent$$00000017  c_w.l(_printf_percent_end.o)
    0x000002b8   0x00000002   Code   RO         2826    .ARM.Collect$$libinit$$00000000  c_w.l(libinit.o)
    0x000002ba   0x00000004   Code   RO         2624    .ARM.Collect$$libinit$$00000001  c_w.l(libinit2.o)
    0x000002be   0x00000008   Code   RO         2626    .ARM.Collect$$libinit$$00000003  c_w.l(libinit2.o)
    0x000002c6   0x00000000   Code   RO         2628    .ARM.Collect$$libinit$$00000008  c_w.l(libinit2.o)
    0x000002c6   0x00000000   Code   RO         2630    .ARM.Collect$$libinit$$0000000A  c_w.l(libinit2.o)
    0x000002c6   0x00000000   Code   RO         2632    .ARM.Collect$$libinit$$0000000C  c_w.l(libinit2.o)
    0x000002c6   0x00000006   Code   RO         2633    .ARM.Collect$$libinit$$0000000D  c_w.l(libinit2.o)
    0x000002cc   0x00000000   Code   RO         2635    .ARM.Collect$$libinit$$0000000F  c_w.l(libinit2.o)
    0x000002cc   0x00000000   Code   RO         2637    .ARM.Collect$$libinit$$00000011  c_w.l(libinit2.o)
    0x000002cc   0x00000000   Code   RO         2639    .ARM.Collect$$libinit$$00000013  c_w.l(libinit2.o)
    0x000002cc   0x0000000a   Code   RO         2640    .ARM.Collect$$libinit$$00000014  c_w.l(libinit2.o)
    0x000002d6   0x00000000   Code   RO         2641    .ARM.Collect$$libinit$$00000015  c_w.l(libinit2.o)
    0x000002d6   0x00000000   Code   RO         2643    .ARM.Collect$$libinit$$00000017  c_w.l(libinit2.o)
    0x000002d6   0x00000000   Code   RO         2645    .ARM.Collect$$libinit$$00000019  c_w.l(libinit2.o)
    0x000002d6   0x00000000   Code   RO         2647    .ARM.Collect$$libinit$$0000001B  c_w.l(libinit2.o)
    0x000002d6   0x00000000   Code   RO         2649    .ARM.Collect$$libinit$$0000001D  c_w.l(libinit2.o)
    0x000002d6   0x00000000   Code   RO         2651    .ARM.Collect$$libinit$$0000001F  c_w.l(libinit2.o)
    0x000002d6   0x00000000   Code   RO         2653    .ARM.Collect$$libinit$$00000021  c_w.l(libinit2.o)
    0x000002d6   0x00000000   Code   RO         2655    .ARM.Collect$$libinit$$00000023  c_w.l(libinit2.o)
    0x000002d6   0x00000000   Code   RO         2659    .ARM.Collect$$libinit$$0000002A  c_w.l(libinit2.o)
    0x000002d6   0x00000000   Code   RO         2661    .ARM.Collect$$libinit$$0000002C  c_w.l(libinit2.o)
    0x000002d6   0x00000000   Code   RO         2663    .ARM.Collect$$libinit$$0000002E  c_w.l(libinit2.o)
    0x000002d6   0x00000000   Code   RO         2665    .ARM.Collect$$libinit$$00000030  c_w.l(libinit2.o)
    0x000002d6   0x00000002   Code   RO         2666    .ARM.Collect$$libinit$$00000031  c_w.l(libinit2.o)
    0x000002d8   0x00000002   Code   RO         2827    .ARM.Collect$$libshutdown$$00000000  c_w.l(libshutdown.o)
    0x000002da   0x00000000   Code   RO         2838    .ARM.Collect$$libshutdown$$00000003  c_w.l(libshutdown2.o)
    0x000002da   0x00000000   Code   RO         2841    .ARM.Collect$$libshutdown$$00000006  c_w.l(libshutdown2.o)
    0x000002da   0x00000000   Code   RO         2844    .ARM.Collect$$libshutdown$$00000009  c_w.l(libshutdown2.o)
    0x000002da   0x00000000   Code   RO         2846    .ARM.Collect$$libshutdown$$0000000B  c_w.l(libshutdown2.o)
    0x000002da   0x00000000   Code   RO         2849    .ARM.Collect$$libshutdown$$0000000E  c_w.l(libshutdown2.o)
    0x000002da   0x00000002   Code   RO         2850    .ARM.Collect$$libshutdown$$0000000F  c_w.l(libshutdown2.o)
    0x000002dc   0x00000000   Code   RO         2583    .ARM.Collect$$rtentry$$00000000  c_w.l(rtentry.o)
    0x000002dc   0x00000000   Code   RO         2700    .ARM.Collect$$rtentry$$00000002  c_w.l(rtentry2.o)
    0x000002dc   0x00000006   Code   RO         2712    .ARM.Collect$$rtentry$$00000004  c_w.l(rtentry4.o)
    0x000002e2   0x00000000   Code   RO         2702    .ARM.Collect$$rtentry$$00000009  c_w.l(rtentry2.o)
    0x000002e2   0x00000004   Code   RO         2703    .ARM.Collect$$rtentry$$0000000A  c_w.l(rtentry2.o)
    0x000002e6   0x00000000   Code   RO         2705    .ARM.Collect$$rtentry$$0000000C  c_w.l(rtentry2.o)
    0x000002e6   0x00000008   Code   RO         2706    .ARM.Collect$$rtentry$$0000000D  c_w.l(rtentry2.o)
    0x000002ee   0x00000002   Code   RO         2584    .ARM.Collect$$rtexit$$00000000  c_w.l(rtexit.o)
    0x000002f0   0x00000000   Code   RO         2715    .ARM.Collect$$rtexit$$00000002  c_w.l(rtexit2.o)
    0x000002f0   0x00000004   Code   RO         2716    .ARM.Collect$$rtexit$$00000003  c_w.l(rtexit2.o)
    0x000002f4   0x00000006   Code   RO         2717    .ARM.Collect$$rtexit$$00000004  c_w.l(rtexit2.o)
    0x000002fa   0x00000002   PAD
    0x000002fc   0x00000006   Code   RO         1444    .emb_text           driverlib.lib(sysctl.o)
    0x00000302   0x00000002   PAD
    0x00000304   0x00000026   Code   RO         2380    .emb_text           driverlib.lib(cpu.o)
    0x0000032a   0x00000002   PAD
    0x0000032c   0x00000000   Code   RO         2733    .emb_text           c_w.l(maybetermalloc1.o)
    0x0000032c   0x00000018   Code   RO          528    .text               startup_rvmdk.o
    0x00000344   0x00000002   Code   RO         2392    .text               c_w.l(use_no_semi.o)
    0x00000346   0x0000005e   Code   RO         2398    .text               c_w.l(h1_alloc.o)
    0x000003a4   0x0000004e   Code   RO         2400    .text               c_w.l(h1_free.o)
    0x000003f2   0x00000002   PAD
    0x000003f4   0x00000018   Code   RO         2458    .text               c_w.l(noretval__2printf.o)
    0x0000040c   0x0000004e   Code   RO         2462    .text               c_w.l(_printf_pad.o)
    0x0000045a   0x00000052   Code   RO         2464    .text               c_w.l(_printf_str.o)
    0x000004ac   0x00000074   Code   RO         2466    .text               c_w.l(_printf_dec.o)
    0x00000520   0x00000188   Code   RO         2485    .text               c_w.l(__printf_flags_ss_wp.o)
    0x000006a8   0x00000004   Code   RO         2495    .text               c_w.l(getc.o)
    0x000006ac   0x0000002c   Code   RO         2497    .text               c_w.l(puts.o)
    0x000006d8   0x0000000c   Code   RO         2499    .text               c_w.l(exit.o)
    0x000006e4   0x00000064   Code   RO         2501    .text               c_w.l(rt_memcpy_w.o)
    0x00000748   0x00000080   Code   RO         2503    .text               c_w.l(strcmpv7m.o)
    0x000007c8   0x00000006   Code   RO         2505    .text               c_w.l(heapauxi.o)
    0x000007ce   0x00000002   PAD
    0x000007d0   0x00000008   Code   RO         2589    .text               c_w.l(rt_heap_descriptor_intlibspace.o)
    0x000007d8   0x00000004   Code   RO         2591    .text               c_w.l(hguard.o)
    0x000007dc   0x0000008a   Code   RO         2593    .text               c_w.l(init_alloc.o)
    0x00000866   0x0000000e   Code   RO         2597    .text               c_w.l(h1_init.o)
    0x00000874   0x00000016   Code   RO         2611    .text               c_w.l(_rserrno.o)
    0x0000088a   0x000000b2   Code   RO         2613    .text               c_w.l(_printf_intcommon.o)
    0x0000093c   0x00000416   Code   RO         2615    .text               c_w.l(_printf_fp_dec.o)
    0x00000d52   0x0000002c   Code   RO         2617    .text               c_w.l(_printf_char.o)
    0x00000d7e   0x00000002   PAD
    0x00000d80   0x00000024   Code   RO         2619    .text               c_w.l(_printf_char_file.o)
    0x00000da4   0x00000008   Code   RO         2696    .text               c_w.l(libspace.o)
    0x00000dac   0x00000008   Code   RO         2724    .text               c_w.l(rt_locale_intlibspace.o)
    0x00000db4   0x00000008   Code   RO         2729    .text               c_w.l(rt_errno_addr_intlibspace.o)
    0x00000dbc   0x00000034   Code   RO         2735    .text               c_w.l(h1_extend.o)
    0x00000df0   0x0000008a   Code   RO         2739    .text               c_w.l(lludiv10.o)
    0x00000e7a   0x00000002   PAD
    0x00000e7c   0x00000030   Code   RO         2741    .text               c_w.l(_printf_char_common.o)
    0x00000eac   0x00000080   Code   RO         2743    .text               c_w.l(_printf_fp_infnan.o)
    0x00000f2c   0x000000d8   Code   RO         2745    .text               c_w.l(bigflt0.o)
    0x00001004   0x0000000e   Code   RO         2773    .text               c_w.l(defsig_rtmem_outer.o)
    0x00001012   0x0000004a   Code   RO         2803    .text               c_w.l(sys_stackheap_outer.o)
    0x0000105c   0x0000000a   Code   RO         2811    .text               c_w.l(defsig_exit.o)
    0x00001066   0x00000002   PAD
    0x00001068   0x00000050   Code   RO         2813    .text               c_w.l(defsig_rtmem_inner.o)
    0x000010b8   0x00000032   Code   RO         2834    .text               c_w.l(defsig_general.o)
    0x000010ea   0x0000003e   Code   RO         2748    CL$$btod_d2e        c_w.l(btod.o)
    0x00001128   0x00000046   Code   RO         2750    CL$$btod_d2e_denorm_low  c_w.l(btod.o)
    0x0000116e   0x00000060   Code   RO         2749    CL$$btod_d2e_norm_op1  c_w.l(btod.o)
    0x000011ce   0x00000338   Code   RO         2758    CL$$btod_div_common  c_w.l(btod.o)
    0x00001506   0x000000c6   Code   RO         2755    CL$$btod_e2e        c_w.l(btod.o)
    0x000015cc   0x00000028   Code   RO         2752    CL$$btod_ediv       c_w.l(btod.o)
    0x000015f4   0x00000028   Code   RO         2751    CL$$btod_emul       c_w.l(btod.o)
    0x0000161c   0x00000244   Code   RO         2757    CL$$btod_mult_common  c_w.l(btod.o)
    0x00001860   0x00000008   Code   RO          660    i.CPUgetPRIMASK_cpsid  es_port.o
    0x00001868   0x00000006   Code   RO          666    i.CPUsetPRIMASK     es_port.o
    0x0000186e   0x00000002   PAD
    0x00001870   0x00000064   Code   RO          356    i.CharacterizePulse  morseservice.o
    0x000018d4   0x00000084   Code   RO          357    i.CharacterizeSpace  morseservice.o
    0x00001958   0x00000004   Code   RO           92    i.Check4Button      eventcheckers.o
    0x0000195c   0x00000054   Code   RO           93    i.Check4Keystroke   eventcheckers.o
    0x000019b0   0x00000004   Code   RO           94    i.Check4Morse       eventcheckers.o
    0x000019b4   0x00000048   Code   RO          452    i.CheckButtonEvents  buttondebounce.o
    0x000019fc   0x00000044   Code   RO          358    i.CheckMorseEvents  morseservice.o
    0x00001a40   0x0000001c   Code   RO          411    i.ClearMorseString  morsedecode.o
    0x00001a5c   0x0000002c   Code   RO          412    i.DecodeMorseString  morsedecode.o
    0x00001a88   0x00000028   Code   RO          534    i.ES_CheckUserEvents  es_checkevents.o
    0x00001ab0   0x00000054   Code   RO          696    i.ES_DeQueue        es_queue.o
    0x00001b04   0x00000048   Code   RO          697    i.ES_EnQueueFIFO    es_queue.o
    0x00001b4c   0x00000034   Code   RO          609    i.ES_GetMSBitSet    es_lookuptables.o
    0x00001b80   0x00000010   Code   RO          699    i.ES_InitQueue      es_queue.o
    0x00001b90   0x0000004c   Code   RO          560    i.ES_Initialize     es_framework.o
    0x00001bdc   0x00000030   Code   RO          682    i.ES_PostList00     es_postlist.o
    0x00001c0c   0x00000038   Code   RO          562    i.ES_PostToService  es_framework.o
    0x00001c44   0x00000060   Code   RO          564    i.ES_Run            es_framework.o
    0x00001ca4   0x00000038   Code   RO          237    i.ES_ShortTimerInit  es_shorttimer.o
    0x00001cdc   0x00000004   Code   RO          738    i.ES_Timer_GetTime  es_timers.o
    0x00001ce0   0x00000004   Code   RO          739    i.ES_Timer_Init     es_timers.o
    0x00001ce4   0x0000003c   Code   RO          740    i.ES_Timer_InitTimer  es_timers.o
    0x00001d20   0x0000006c   Code   RO          744    i.ES_Timer_Tick_Resp  es_timers.o
    0x00001d8c   0x00000028   Code   RO         1007    i.GPIODirModeSet    driverlib.lib(gpio.o)
    0x00001db4   0x0000013a   Code   RO         1017    i.GPIOPadConfigSet  driverlib.lib(gpio.o)
    0x00001eee   0x00000002   PAD
    0x00001ef0   0x00000048   Code   RO         1018    i.GPIOPinConfigure  driverlib.lib(gpio.o)
    0x00001f38   0x0000001c   Code   RO         1043    i.GPIOPinTypeUART   driverlib.lib(gpio.o)
    0x00001f54   0x00000058   Code   RO          453    i.InitButtonDebounceService  buttondebounce.o
    0x00001fac   0x00000084   Code   RO          454    i.InitButtonHardware  buttondebounce.o
    0x00002030   0x00000178   Code   RO          489    i.InitFourierService  fourierservice.o
    0x000021a8   0x00000038   Code   RO          413    i.InitMorseDecode   morsedecode.o
    0x000021e0   0x00000084   Code   RO          359    i.InitMorseHardware  morseservice.o
    0x00002264   0x0000005c   Code   RO          360    i.InitMorseService  morseservice.o
    0x000022c0   0x0000000e   Code   RO         1332    i.IntMasterEnable   driverlib.lib(interrupt.o)
    0x000022ce   0x00000002   PAD
    0x000022d0   0x00000010   Code   RO          455    i.PostButtonDebounceService  buttondebounce.o
    0x000022e0   0x00000010   Code   RO          414    i.PostMorseDecodeService  morsedecode.o
    0x000022f0   0x00000010   Code   RO          361    i.PostMorseService  morseservice.o
    0x00002300   0x00000008   Code   RO          491    i.RunFourierService  fourierservice.o
    0x00002308   0x000000cc   Code   RO          456    i.RunMorseDebounceService  buttondebounce.o
    0x000023d4   0x000000c8   Code   RO          415    i.RunMorseDecode    morsedecode.o
    0x0000249c   0x000000d4   Code   RO          362    i.RunMorseService   morseservice.o
    0x00002570   0x00000034   Code   RO          239    i.ShortTimerAHandler  es_shorttimer.o
    0x000025a4   0x00000038   Code   RO          240    i.ShortTimerBHandler  es_shorttimer.o
    0x000025dc   0x00000120   Code   RO         1449    i.SysCtlClockSet    driverlib.lib(sysctl.o)
    0x000026fc   0x00000028   Code   RO         1478    i.SysCtlPeripheralEnable  driverlib.lib(sysctl.o)
    0x00002724   0x0000000e   Code   RO         1787    i.SysTickEnable     driverlib.lib(systick.o)
    0x00002732   0x0000000e   Code   RO         1789    i.SysTickIntEnable  driverlib.lib(systick.o)
    0x00002740   0x00000014   Code   RO          626    i.SysTickIntHandler  es_port.o
    0x00002754   0x0000000a   Code   RO         1793    i.SysTickPeriodSet  driverlib.lib(systick.o)
    0x0000275e   0x00000004   Code   RO          840    i.TERMIO_GetChar    termio.o
    0x00002762   0x00000002   PAD
    0x00002764   0x00000050   Code   RO          841    i.TERMIO_Init       termio.o
    0x000027b4   0x0000000c   Code   RO          842    i.TERMIO_PutChar    termio.o
    0x000027c0   0x0000012c   Code   RO          363    i.TestCalibration   morseservice.o
    0x000028ec   0x000000fc   Code   RO          492    i.TestFft           fourierservice.o
    0x000029e8   0x00000060   Code   RO         1853    i.TimerConfigure    driverlib.lib(timer.o)
    0x00002a48   0x00000004   Code   RO         1863    i.TimerIntClear     driverlib.lib(timer.o)
    0x00002a4c   0x00000012   Code   RO         1880    i.TimerPrescaleSet  driverlib.lib(timer.o)
    0x00002a5e   0x0000000c   Code   RO         2099    i.UARTCharPut       driverlib.lib(uart.o)
    0x00002a6a   0x00000006   Code   RO         2103    i.UARTClockSourceSet  driverlib.lib(uart.o)
    0x00002a70   0x0000005c   Code   RO          876    i.UARTStdioConfig   uartstdio.o
    0x00002acc   0x00000018   Code   RO          877    i.UARTgetc          uartstdio.o
    0x00002ae4   0x0000000c   Code   RO          627    i._HW_GetTickCount  es_port.o
    0x00002af0   0x00000020   Code   RO          628    i._HW_Process_Pending_Ints  es_port.o
    0x00002b10   0x00000016   Code   RO          629    i._HW_Timer_Init    es_port.o
    0x00002b26   0x00000030   Code   RO         2798    i.__ARM_fpclassify  m_wm.l(fpclassify.o)
    0x00002b56   0x00000002   PAD
    0x00002b58   0x000000d8   Code   RO         2539    i.__hardfp_cos      m_wm.l(cos.o)
    0x00002c30   0x00000118   Code   RO         2551    i.__hardfp_floor    m_wm.l(floor.o)
    0x00002d48   0x000000d8   Code   RO         2557    i.__hardfp_sin      m_wm.l(sin.o)
    0x00002e20   0x0000007a   Code   RO         2569    i.__hardfp_sqrt     m_wm.l(sqrt.o)
    0x00002e9a   0x00000006   PAD
    0x00002ea0   0x00000438   Code   RO         2683    i.__ieee754_rem_pio2  m_wm.l(rred.o)
    0x000032d8   0x00000170   Code   RO         2680    i.__kernel_cos      m_wm.l(cos_i.o)
    0x00003448   0x000000f8   Code   RO         2800    i.__kernel_poly     m_wm.l(poly.o)
    0x00003540   0x00000130   Code   RO         2688    i.__kernel_sin      m_wm.l(sin_i.o)
    0x00003670   0x00000020   Code   RO         2790    i.__mathlib_dbl_underflow  m_wm.l(dunder.o)
    0x00003690   0x0000000e   Code   RO         2478    i._is_digit         c_w.l(__printf_wp.o)
    0x0000369e   0x00000002   Code   RO          790    i._sys_exit         retarget.o
    0x000036a0   0x00000006   Code   RO          791    i._ttywrch          retarget.o
    0x000036a6   0x00000018   Code   RO         2794    i.fabs              m_wm.l(fabs.o)
    0x000036be   0x00000006   Code   RO          792    i.ferror            retarget.o
    0x000036c4   0x00000004   Code   RO          793    i.fgetc             retarget.o
    0x000036c8   0x0000000e   Code   RO          794    i.fputc             retarget.o
    0x000036d6   0x00000002   PAD
    0x000036d8   0x00000014   Code   RO          843    i.kbhit             termio.o
    0x000036ec   0x00000150   Code   RO          928    i.kf_bfly3          kiss_fft.o
    0x0000383c   0x00000146   Code   RO          929    i.kf_bfly4          kiss_fft.o
    0x00003982   0x000001d4   Code   RO          930    i.kf_bfly5          kiss_fft.o
    0x00003b56   0x000000ca   Code   RO          931    i.kf_bfly_generic   kiss_fft.o
    0x00003c20   0x00000126   Code   RO          932    i.kf_work           kiss_fft.o
    0x00003d46   0x00000006   Code   RO          933    i.kiss_fft          kiss_fft.o
    0x00003d4c   0x00000124   Code   RO          934    i.kiss_fft_alloc    kiss_fft.o
    0x00003e70   0x00000052   Code   RO          937    i.kiss_fft_stride   kiss_fft.o
    0x00003ec2   0x00000002   PAD
    0x00003ec4   0x0000018c   Code   RO            1    i.main              main.o
    0x00004050   0x0000002c   Code   RO         2771    locale$$code        c_w.l(lc_numeric_c.o)
    0x0000407c   0x00000018   Code   RO         2509    x$fpl$basic         fz_wm.l(basic.o)
    0x00004094   0x00000062   Code   RO         2511    x$fpl$d2f           fz_wm.l(d2f.o)
    0x000040f6   0x00000002   PAD
    0x000040f8   0x00000150   Code   RO         2513    x$fpl$dadd          fz_wm.l(daddsub_clz.o)
    0x00004248   0x00000018   Code   RO         2667    x$fpl$dcmpinf       fz_wm.l(dcmpi.o)
    0x00004260   0x000002b0   Code   RO         2520    x$fpl$ddiv          fz_wm.l(ddiv.o)
    0x00004510   0x0000005e   Code   RO         2782    x$fpl$dfix          fz_wm.l(dfix.o)
    0x0000456e   0x0000002e   Code   RO         2524    x$fpl$dflt          fz_wm.l(dflt_clz.o)
    0x0000459c   0x00000026   Code   RO         2523    x$fpl$dfltu         fz_wm.l(dflt_clz.o)
    0x000045c2   0x00000002   PAD
    0x000045c4   0x00000078   Code   RO         2529    x$fpl$dleqf         fz_wm.l(dleqf.o)
    0x0000463c   0x00000154   Code   RO         2531    x$fpl$dmul          fz_wm.l(dmul.o)
    0x00004790   0x0000009c   Code   RO         2669    x$fpl$dnaninf       fz_wm.l(dnaninf.o)
    0x0000482c   0x0000000c   Code   RO         2671    x$fpl$dretinf       fz_wm.l(dretinf.o)
    0x00004838   0x0000006c   Code   RO         2533    x$fpl$drleqf        fz_wm.l(drleqf.o)
    0x000048a4   0x00000016   Code   RO         2514    x$fpl$drsb          fz_wm.l(daddsub_clz.o)
    0x000048ba   0x00000002   PAD
    0x000048bc   0x00000198   Code   RO         2673    x$fpl$dsqrt         fz_wm.l(dsqrt_umaal.o)
    0x00004a54   0x000001d4   Code   RO         2515    x$fpl$dsub          fz_wm.l(daddsub_clz.o)
    0x00004c28   0x00000056   Code   RO         2535    x$fpl$f2d           fz_wm.l(f2d.o)
    0x00004c7e   0x0000008c   Code   RO         2675    x$fpl$fnaninf       fz_wm.l(fnaninf.o)
    0x00004d0a   0x0000000a   Code   RO         2786    x$fpl$fpinit        fz_wm.l(fpinit.o)
    0x00004d14   0x0000000a   Code   RO         2677    x$fpl$fretinf       fz_wm.l(fretinf.o)
    0x00004d1e   0x00000004   Code   RO         2537    x$fpl$printf1       fz_wm.l(printf1.o)
    0x00004d22   0x00000000   Code   RO         2679    x$fpl$usenofp       fz_wm.l(usenofp.o)
    0x00004d22   0x00000002   PAD
    0x00004d24   0x0000000c   Data   RO          535    .constdata          es_checkevents.o
    0x00004d30   0x00000050   Data   RO          570    .constdata          es_framework.o
    0x00004d80   0x00000020   Data   RO          610    .constdata          es_lookuptables.o
    0x00004da0   0x0000000f   Data   RO          611    .constdata          es_lookuptables.o
    0x00004daf   0x00000001   PAD
    0x00004db0   0x00000008   Data   RO          683    .constdata          es_postlist.o
    0x00004db8   0x00000040   Data   RO          746    .constdata          es_timers.o
    0x00004df8   0x0000001c   Data   RO          882    .constdata          uartstdio.o
    0x00004e14   0x00000210   Data   RO         1050    .constdata          driverlib.lib(gpio.o)
    0x00005024   0x00000011   Data   RO         2486    .constdata          c_w.l(__printf_flags_ss_wp.o)
    0x00005035   0x00000003   PAD
    0x00005038   0x00000030   Data   RO         2681    .constdata          m_wm.l(cos_i.o)
    0x00005068   0x000000c8   Data   RO         2685    .constdata          m_wm.l(rred.o)
    0x00005130   0x00000028   Data   RO         2689    .constdata          m_wm.l(sin_i.o)
    0x00005158   0x00000094   Data   RO         2746    .constdata          c_w.l(bigflt0.o)
    0x000051ec   0x00000011   Data   RO          883    .conststring        uartstdio.o
    0x000051fd   0x00000003   PAD
    0x00005200   0x00000000   Data   RO         2869    Region$$Table       anon$$obj.o
    0x00005200   0x0000001c   Data   RO         2770    locale$$data        c_w.l(lc_numeric_c.o)


    Execution Region RW_IRAM1 (Base: 0x20000000, Size: 0x00000b10, Max: 0x00008000, ABSOLUTE)

    Base Addr    Size         Type   Attr      Idx    E Section Name        Object

    0x20000000   0x00000002   Data   RW          241    .data               es_shorttimer.o
    0x20000002   0x0000000c   Data   RW          364    .data               morseservice.o
    0x2000000e   0x000001f2   Data   RW          416    .data               morsedecode.o
    0x20000200   0x00000003   Data   RW          457    .data               buttondebounce.o
    0x20000203   0x00000002   Data   RW          494    .data               fourierservice.o
    0x20000205   0x00000001   PAD
    0x20000206   0x00000006   Data   RW          571    .data               es_framework.o
    0x2000020c   0x00000004   Data   RW          630    .data               es_port.o
    0x20000210   0x00000004   Data   RW          701    .data               es_queue.o
    0x20000214   0x0000000a   Data   RW          747    .data               es_timers.o
    0x2000021e   0x00000002   PAD
    0x20000220   0x00000004   Data   RW          795    .data               retarget.o
    0x20000224   0x00000004   Data   RW          796    .data               retarget.o
    0x20000228   0x00000008   Data   RW          884    .data               uartstdio.o
    0x20000230   0x00000010   Zero   RW          493    .bss                fourierservice.o
    0x20000240   0x00000010   Zero   RW          565    .bss                es_framework.o
    0x20000250   0x00000010   Zero   RW          566    .bss                es_framework.o
    0x20000260   0x00000010   Zero   RW          567    .bss                es_framework.o
    0x20000270   0x00000010   Zero   RW          568    .bss                es_framework.o
    0x20000280   0x00000010   Zero   RW          569    .bss                es_framework.o
    0x20000290   0x00000020   Zero   RW          745    .bss                es_timers.o
    0x200002b0   0x00000060   Zero   RW         2697    .bss                c_w.l(libspace.o)
    0x20000310   0x00000000   Zero   RW          526    HEAP                startup_rvmdk.o
    0x20000310   0x00000800   Zero   RW          525    STACK               startup_rvmdk.o

