<html>
<body>
<pre>
<h1>µVision Build Log</h1>
<h2>Project:</h2>
U:\maxferg\Project\Code\MorseCode.uvprojx
Project File Date:  11/11/2016

<h2>Output:</h2>
Build target 'BaseFrameworkTarget'
compiling FourierService.c...
compiling ES_ShortTimer.c...
linking...
.\Outputs\BaseTarget.axf: Warning: L6304W: Duplicate input file .\outputs\es_shorttimer.o ignored.
Program Size: Code=20458 RO-data=1618 RW-data=568 ZI-data=2288  
Finished: 0 information, 1 warning and 0 error messages.
After Build - User command #1: fromelf --bin --output .\Outputs\BaseTarget.bin .\Outputs\BaseTarget.axf
".\Outputs\BaseTarget.axf" - 0 Error(s), 1 Warning(s).
Load "U:\\maxferg\\Project\\Code\\Outputs\\BaseTarget.axf" 
Connecting: Mode=JTAG, Speed=1000000Hz
Erase Done.
Programming Done.
Verify OK.
</pre>
</body>
</html>
rning: L6304W: Duplicate input file .\outputs\es_shorttimer.o ignored.
Program Size: Code=20386 RO-data=1618 RW-data=568 ZI-data=2288  
Finished: 0 information, 1 warning and 0 error messages.
After Build - User command #1: fromelf --bin --output .\Outputs\BaseTarget.bin .\Outputs\BaseTarget.axf
".\Outputs\BaseTarget.axf" - 0 Error(s), 3 Warning(s).
uts\es_shorttimer.o ignored.
Program Size: Code=16614 RO-data=1326 RW-data=568 ZI-data=2288  
Finished: 0 information, 1 warning and 0 error messages.
After Build - User command #1: fromelf --bin --output .\Outputs\BaseTarget.bin .\Outputs\BaseTarget.axf
".\Outputs\BaseTarget.axf" - 0 Error(s), 5 Warning(s).
tputs\BaseTarget.bin .\Outputs\BaseTarget.axf
".\Outputs\BaseTarget.axf" - 0 Error(s), 5 Warning(s).
