Product: MDK-ARM Lite 5.10
Component: ARM Compiler 5.04 update 1 (build 49)
Tool: armlink [5040049]

==============================================================================

Section Cross References

    main.o(i.main) refers to _printf_percent.o(.ARM.Collect$$_printf_percent$$00000000) for _printf_percent
    main.o(i.main) refers to _printf_s.o(.ARM.Collect$$_printf_percent$$00000014) for _printf_s
    main.o(i.main) refers to _printf_str.o(.text) for _printf_str
    main.o(i.main) refers to sysctl.o(i.SysCtlClockSet) for SysCtlClockSet
    main.o(i.main) refers to termio.o(i.TERMIO_Init) for TERMIO_Init
    main.o(i.main) refers to noretval__2printf.o(.text) for __2printf
    main.o(i.main) refers to puts.o(.text) for puts
    main.o(i.main) refers to es_framework.o(i.ES_Initialize) for ES_Initialize
    main.o(i.main) refers to es_framework.o(i.ES_Run) for ES_Run
    eventcheckers.o(i.Check4Button) refers to buttondebounce.o(i.CheckButtonEvents) for CheckButtonEvents
    eventcheckers.o(i.Check4Keystroke) refers to termio.o(i.kbhit) for kbhit
    eventcheckers.o(i.Check4Keystroke) refers to getc.o(.text) for getc
    eventcheckers.o(i.Check4Keystroke) refers to puts.o(.text) for puts
    eventcheckers.o(i.Check4Keystroke) refers to es_postlist.o(i.ES_PostList00) for ES_PostList00
    eventcheckers.o(i.Check4Keystroke) refers to retarget.o(.data) for __stdin
    eventcheckers.o(i.Check4Morse) refers to morseservice.o(i.CheckMorseEvents) for CheckMorseEvents
    testharnessservice0.o(i.InitTestHarnessService0) refers to es_queue.o(i.ES_InitQueue) for ES_InitQueue
    testharnessservice0.o(i.InitTestHarnessService0) refers to es_shorttimer.o(i.ES_ShortTimerInit) for ES_ShortTimerInit
    testharnessservice0.o(i.InitTestHarnessService0) refers to sysctl.o(i.SysCtlPeripheralEnable) for SysCtlPeripheralEnable
    testharnessservice0.o(i.InitTestHarnessService0) refers to gpio.o(i.GPIOPinTypeGPIOOutput) for GPIOPinTypeGPIOOutput
    testharnessservice0.o(i.InitTestHarnessService0) refers to gpio.o(i.GPIOPinWrite) for GPIOPinWrite
    testharnessservice0.o(i.InitTestHarnessService0) refers to es_framework.o(i.ES_PostToService) for ES_PostToService
    testharnessservice0.o(i.InitTestHarnessService0) refers to testharnessservice0.o(.data) for .data
    testharnessservice0.o(i.InitTestHarnessService0) refers to testharnessservice0.o(.bss) for .bss
    testharnessservice0.o(i.PostTestHarnessService0) refers to es_framework.o(i.ES_PostToService) for ES_PostToService
    testharnessservice0.o(i.PostTestHarnessService0) refers to testharnessservice0.o(.data) for .data
    testharnessservice0.o(i.RunTestHarnessService0) refers to _printf_percent.o(.ARM.Collect$$_printf_percent$$00000000) for _printf_percent
    testharnessservice0.o(i.RunTestHarnessService0) refers to _printf_d.o(.ARM.Collect$$_printf_percent$$00000009) for _printf_d
    testharnessservice0.o(i.RunTestHarnessService0) refers to _printf_dec.o(.text) for _printf_int_dec
    testharnessservice0.o(i.RunTestHarnessService0) refers to _printf_c.o(.ARM.Collect$$_printf_percent$$00000013) for _printf_c
    testharnessservice0.o(i.RunTestHarnessService0) refers to _printf_str.o(.text) for _printf_str
    testharnessservice0.o(i.RunTestHarnessService0) refers to es_timers.o(i.ES_Timer_InitTimer) for ES_Timer_InitTimer
    testharnessservice0.o(i.RunTestHarnessService0) refers to puts.o(.text) for puts
    testharnessservice0.o(i.RunTestHarnessService0) refers to noretval__2printf.o(.text) for __2printf
    testharnessservice0.o(i.RunTestHarnessService0) refers to gpio.o(i.GPIOPinWrite) for GPIOPinWrite
    testharnessservice0.o(i.RunTestHarnessService0) refers to es_queue.o(i.ES_EnQueueLIFO) for ES_EnQueueLIFO
    testharnessservice0.o(i.RunTestHarnessService0) refers to es_framework.o(i.ES_PostToService) for ES_PostToService
    testharnessservice0.o(i.RunTestHarnessService0) refers to es_deferrecall.o(i.ES_RecallEvents) for ES_RecallEvents
    testharnessservice0.o(i.RunTestHarnessService0) refers to es_shorttimer.o(i.ES_ShortTimerStart) for ES_ShortTimerStart
    testharnessservice0.o(i.RunTestHarnessService0) refers to testharnessservice0.o(.data) for .data
    testharnessservice0.o(i.RunTestHarnessService0) refers to testharnessservice0.o(.bss) for .bss
    templatefsm.o(i.InitTemplateFSM) refers to es_framework.o(i.ES_PostToService) for ES_PostToService
    templatefsm.o(i.InitTemplateFSM) refers to templatefsm.o(.data) for .data
    templatefsm.o(i.PostTemplateFSM) refers to es_framework.o(i.ES_PostToService) for ES_PostToService
    templatefsm.o(i.PostTemplateFSM) refers to templatefsm.o(.data) for .data
    templatefsm.o(i.QueryTemplateFSM) refers to templatefsm.o(.data) for .data
    templatefsm.o(i.RunTemplateFSM) refers to templatefsm.o(.data) for .data
    es_shorttimer.o(i.ES_ShortTimerInit) refers to sysctl.o(i.SysCtlPeripheralEnable) for SysCtlPeripheralEnable
[...]
    i.IntMasterEnable                        0x000022f0   Section        0  interrupt.o(i.IntMasterEnable)
    i.LCD_HWInit                             0x000022fe   Section        0  lcd_write.o(i.LCD_HWInit)
    i.LCD_TakeInitStep                       0x00002304   Section        0  lcd_write.o(i.LCD_TakeInitStep)
    i.LCD_Write4                             0x00002350   Section        0  lcd_write.o(i.LCD_Write4)
    LCD_Write4                               0x00002351   Thumb Code    66  lcd_write.o(i.LCD_Write4)
    i.LCD_Write8                             0x00002398   Section        0  lcd_write.o(i.LCD_Write8)
    LCD_Write8                               0x00002399   Thumb Code    20  lcd_write.o(i.LCD_Write8)
    i.LCD_WriteCommand4                      0x000023ac   Section        0  lcd_write.o(i.LCD_WriteCommand4)
    i.LCD_WriteCommand8                      0x000023bc   Section        0  lcd_write.o(i.LCD_WriteCommand8)
    i.LCD_WriteData8                         0x000023cc   Section        0  lcd_write.o(i.LCD_WriteData8)
    i.PostButtonDebounceService              0x000023dc   Section        0  buttondebounce.o(i.PostButtonDebounceService)
    i.PostLCDService                         0x000023ec   Section        0  lcdservice.o(i.PostLCDService)
    i.PostMorseDecodeService                 0x000023fc   Section        0  morsedecode.o(i.PostMorseDecodeService)
    i.PostMorseService                       0x0000240c   Section        0  morseservice.o(i.PostMorseService)
    i.RunFourierService                      0x0000241c   Section        0  fourierservice.o(i.RunFourierService)
    i.RunLCDService                          0x00002424   Section        0  lcdservice.o(i.RunLCDService)
    i.RunMorseDebounceService                0x000024dc   Section        0  buttondebounce.o(i.RunMorseDebounceService)
    i.RunMorseDecode                         0x000025a8   Section        0  morsedecode.o(i.RunMorseDecode)
    i.RunMorseService                        0x00002670   Section        0  morseservice.o(i.RunMorseService)
    i.SR_GetCurrentRegister                  0x00002744   Section        0  shiftregisterwrite.o(i.SR_GetCurrentRegister)
    i.SR_Init                                0x00002750   Section        0  shiftregisterwrite.o(i.SR_Init)
    i.SR_Write                               0x00002798   Section        0  shiftregisterwrite.o(i.SR_Write)
    i.ShortTimerAHandler                     0x00002800   Section        0  es_shorttimer.o(i.ShortTimerAHandler)
    i.ShortTimerBHandler                     0x00002834   Section        0  es_shorttimer.o(i.ShortTimerBHandler)
    i.SysCtlClockSet                         0x0000286c   Section        0  sysctl.o(i.SysCtlClockSet)
    i.SysCtlPeripheralEnable                 0x0000298c   Section        0  sysctl.o(i.SysCtlPeripheralEnable)
    i.SysTickEnable                          0x000029b4   Section        0  systick.o(i.SysTickEnable)
    i.SysTickIntEnable                       0x000029c2   Section        0  systick.o(i.SysTickIntEnable)
    i.SysTickIntHandler                      0x000029d0   Section        0  es_port.o(i.SysTickIntHandler)
    i.SysTickPeriodSet                       0x000029e4   Section        0  systick.o(i.SysTickPeriodSet)
    i.TERMIO_GetChar                         0x000029ee   Section        0  termio.o(i.TERMIO_GetChar)
    i.TERMIO_Init                            0x000029f4   Section        0  termio.o(i.TERMIO_Init)
    i.TERMIO_PutChar                         0x00002a44   Section        0  termio.o(i.TERMIO_PutChar)
    i.TestCalibration                        0x00002a50   Section        0  morseservice.o(i.TestCalibration)
    i.TestFft                                0x00002b7c   Section        0  fourierservice.o(i.TestFft)
    i.TimerConfigure                         0x00002c78   Section        0  timer.o(i.TimerConfigure)
    i.TimerEnable                            0x00002cd8   Section        0  timer.o(i.TimerEnable)
    i.TimerIntClear                          0x00002ce6   Section        0  timer.o(i.TimerIntClear)
    i.TimerIntEnable                         0x00002cea   Section        0  timer.o(i.TimerIntEnable)
    i.TimerLoadSet                           0x00002cf2   Section        0  timer.o(i.TimerLoadSet)
    i.TimerPrescaleSet                       0x00002d04   Section        0  timer.o(i.TimerPrescaleSet)
    i.UARTCharPut                            0x00002d16   Section        0  uart.o(i.UARTCharPut)
    i.UARTClockSourceSet                     0x00002d22   Section        0  uart.o(i.UARTClockSourceSet)
    i.UARTStdioConfig                        0x00002d28   Section        0  uartstdio.o(i.UARTStdioConfig)
    i.UARTgetc                               0x00002d84   Section        0  uartstdio.o(i.UARTgetc)
    i._HW_GetTickCount                       0x00002d9c   Section        0  es_port.o(i._HW_GetTickCount)
    i._HW_Process_Pending_Ints               0x00002da8   Section        0  es_port.o(i._HW_Process_Pending_Ints)
    i._HW_Timer_Init                         0x00002dc8   Section        0  es_port.o(i._HW_Timer_Init)
    i.__ARM_fpclassify                       0x00002dde   Section        0  fpclassify.o(i.__ARM_fpclassify)
    i.__hardfp_cos                           0x00002e10   Section        0  cos.o(i.__hardfp_cos)
    i.__hardfp_floor                         0x00002ee8   Section        0  floor.o(i.__hardfp_floor)
    i.__hardfp_sin                           0x00003000   Section        0  sin.o(i.__hardfp_sin)
    i.__hardfp_sqrt                          0x000030d8   Section        0  sqrt.o(i.__hardfp_sqrt)
    i.__ieee754_rem_pio2                     0x00003158   Section        0  rred.o(i.__ieee754_rem_pio2)
    i.__kernel_cos                           0x00003590   Section        0  cos_i.o(i.__kernel_cos)
    i.__kernel_poly                          0x00003700   Section        0  poly.o(i.__kernel_poly)
    i.__kernel_sin                           0x000037f8   Section        0  sin_i.o(i.__kernel_sin)
    i.__mathlib_dbl_underflow                0x00003928   Section        0  dunder.o(i.__mathlib_dbl_underflow)
    i._is_digit                              0x00003948   Section        0  __printf_wp.o(i._is_digit)
    i._sys_exit                              0x00003956   Section        0  retarget.o(i._sys_exit)
    i.fabs                                   0x00003958   Section        0  fabs.o(i.fabs)
    i.ferror                                 0x00003970   Section        0  retarget.o(i.ferror)
    i.fgetc                                  0x00003976   Section        0  retarget.o(i.fgetc)
    i.fputc                                  0x0000397a   Section        0  retarget.o(i.fputc)
    i.kbhit                                  0x00003988   Section        0  termio.o(i.kbhit)
    i.kf_bfly3                               0x0000399c   Section        0  kiss_fft.o(i.kf_bfly3)
    kf_bfly3                                 0x0000399d   Thumb Code   326  kiss_fft.o(i.kf_bfly3)
    i.kf_bfly4                               0x00003aec   Section        0  kiss_fft.o(i.kf_bfly4)
    kf_bfly4                                 0x00003aed   Thumb Code   326  kiss_fft.o(i.kf_bfly4)
    i.kf_bfly5                               0x00003c32   Section        0  kiss_fft.o(i.kf_bfly5)
    kf_bfly5                                 0x00003c33   Thumb Code   468  kiss_fft.o(i.kf_bfly5)
    i.kf_bfly_generic                        0x00003e06   Section        0  kiss_fft.o(i.kf_bfly_generic)
    kf_bfly_generic                          0x00003e07   Thumb Code   210  kiss_fft.o(i.kf_bfly_generic)
    i.kf_work                                0x00003ed8   Section        0  kiss_fft.o(i.kf_work)
    kf_work                                  0x00003ed9   Thumb Code   294  kiss_fft.o(i.kf_work)
    i.kiss_fft                               0x00003ffe   Section        0  kiss_fft.o(i.kiss_fft)
    i.kiss_fft_alloc                         0x00004004   Section        0  kiss_fft.o(i.kiss_fft_alloc)
    i.kiss_fft_stride                        0x00004138   Section        0  kiss_fft.o(i.kiss_fft_stride)
    i.main                                   0x0000418c   Section        0  main.o(i.main)
    locale$$code                             0x00004318   Section       44  lc_numeric_c.o(locale$$code)
    x$fpl$basic                              0x00004344   Section       24  basic.o(x$fpl$basic)
    $v0                                      0x00004344   Number         0  basic.o(x$fpl$basic)
    x$fpl$d2f                                0x0000435c   Section       98  d2f.o(x$fpl$d2f)
    $v0                                      0x0000435c   Number         0  d2f.o(x$fpl$d2f)
    x$fpl$dadd                               0x000043c0   Section      336  daddsub_clz.o(x$fpl$dadd)
    $v0                                      0x000043c0   Number         0  daddsub_clz.o(x$fpl$dadd)
    _dadd1                                   0x000043d1   Thumb Code     0  daddsub_clz.o(x$fpl$dadd)
    x$fpl$dcmpinf                            0x00004510   Section       24  dcmpi.o(x$fpl$dcmpinf)
    $v0                                      0x00004510   Number         0  dcmpi.o(x$fpl$dcmpinf)
    x$fpl$ddiv                               0x00004528   Section      688  ddiv.o(x$fpl$ddiv)
    $v0                                      0x00004528   Number         0  ddiv.o(x$fpl$ddiv)
    ddiv_entry                               0x0000452f   Thumb Code     0  ddiv.o(x$fpl$ddiv)
    x$fpl$dfix                               0x000047d8   Section       94  dfix.o(x$fpl$dfix)
    $v0                                      0x000047d8   Number         0  dfix.o(x$fpl$dfix)
    x$fpl$dflt                               0x00004836   Section       46  dflt_clz.o(x$fpl$dflt)
    $v0                                      0x00004836   Number         0  dflt_clz.o(x$fpl$dflt)
    x$fpl$dfltu                              0x00004864   Section       38  dflt_clz.o(x$fpl$dfltu)
    $v0                                      0x00004864   Number         0  dflt_clz.o(x$fpl$dfltu)
    x$fpl$dleqf                              0x0000488c   Section      120  dleqf.o(x$fpl$dleqf)
    $v0                                      0x0000488c   Number         0  dleqf.o(x$fpl$dleqf)
    x$fpl$dmul                               0x00004904   Section      340  dmul.o(x$fpl$dmul)
    $v0                                      0x00004904   Number         0  dmul.o(x$fpl$dmul)
    x$fpl$dnaninf                            0x00004a58   Section      156  dnaninf.o(x$fpl$dnaninf)
    $v0                                      0x00004a58   Number         0  dnaninf.o(x$fpl$dnaninf)
    x$fpl$dretinf                            0x00004af4   Section       12  dretinf.o(x$fpl$dretinf)
    $v0                                      0x00004af4   Number         0  dretinf.o(x$fpl$dretinf)
    x$fpl$drleqf                             0x00004b00   Section      108  drleqf.o(x$fpl$drleqf)
    $v0                                      0x00004b00   Number         0  drleqf.o(x$fpl$drleqf)
    x$fpl$drsb                               0x00004b6c   Section       22  daddsub_clz.o(x$fpl$drsb)
    $v0                                      0x00004b6c   Number         0  daddsub_clz.o(x$fpl$drsb)
    x$fpl$dsqrt                              0x00004b84   Section      408  dsqrt_umaal.o(x$fpl$dsqrt)
    $v0                                      0x00004b84   Number         0  dsqrt_umaal.o(x$fpl$dsqrt)
    x$fpl$dsub                               0x00004d1c   Section      468  daddsub_clz.o(x$fpl$dsub)
    $v0                                      0x00004d1c   Number         0  daddsub_clz.o(x$fpl$dsub)
    _dsub1                                   0x00004d2d   Thumb Code     0  daddsub_clz.o(x$fpl$dsub)
    x$fpl$f2d                                0x00004ef0   Section       86  f2d.o(x$fpl$f2d)
    $v0                                      0x00004ef0   Number         0  f2d.o(x$fpl$f2d)
    x$fpl$fnaninf                            0x00004f46   Section      140  fnaninf.o(x$fpl$fnaninf)
    $v0                                      0x00004f46   Number         0  fnaninf.o(x$fpl$fnaninf)
    x$fpl$fpinit                             0x00004fd2   Section       10  fpinit.o(x$fpl$fpinit)
    $v0                                      0x00004fd2   Number         0  fpinit.o(x$fpl$fpinit)
    x$fpl$fretinf                            0x00004fdc   Section       10  fretinf.o(x$fpl$fretinf)
    $v0                                      0x00004fdc   Number         0  fretinf.o(x$fpl$fretinf)
    x$fpl$printf1                            0x00004fe6   Section        4  printf1.o(x$fpl$printf1)
    $v0                                      0x00004fe6   Number         0  printf1.o(x$fpl$printf1)
    .constdata                               0x00004fea   Section       42  lcd_write.o(.constdata)
    x$fpl$usenofp                            0x00004fea   Section        0  usenofp.o(x$fpl$usenofp)
    InitValues                               0x00004fea   Data          20  lcd_write.o(.constdata)
    InitDelays                               0x00004ffe   Data          22  lcd_write.o(.constdata)
    .constdata                               0x00005014   Section       12  es_checkevents.o(.constdata)
    ES_EventList                             0x00005014   Data          12  es_checkevents.o(.constdata)
    .constdata                               0x00005020   Section       80  es_framework.o(.constdata)
    ServDescList                             0x00005020   Data          40  es_framework.o(.constdata)
    EventQueues                              0x00005048   Data          40  es_framework.o(.constdata)
    .constdata                               0x00005070   Section       32  es_lookuptables.o(.constdata)
    .constdata                               0x00005090   Section       15  es_lookuptables.o(.constdata)
    .constdata                               0x000050a0   Section        8  es_postlist.o(.constdata)
    DistList00                               0x000050a0   Data           8  es_postlist.o(.constdata)
    .constdata                               0x000050a8   Section       64  es_timers.o(.constdata)
    Timer2PostFunc                           0x000050a8   Data          64  es_timers.o(.constdata)
    .constdata                               0x000050e8   Section       28  uartstdio.o(.constdata)
    g_pcHex                                  0x000050e8   Data           4  uartstdio.o(.constdata)
    g_ui32UARTBase                           0x000050ec   Data          12  uartstdio.o(.constdata)
    g_ui32UARTPeriph                         0x000050f8   Data          12  uartstdio.o(.constdata)
    .constdata                               0x00005104   Section      528  gpio.o(.constdata)
    g_ppui32GPIOIntMapBlizzard               0x00005104   Data         192  gpio.o(.constdata)
    g_ppui32GPIOIntMapSnowflake              0x000051c4   Data         192  gpio.o(.constdata)
    g_pui32GPIOBaseAddrs                     0x00005284   Data         144  gpio.o(.constdata)
    .constdata                               0x00005314   Section      268  interrupt.o(.constdata)
    g_pui32Priority                          0x00005314   Data          32  interrupt.o(.constdata)
    g_pui32Regs                              0x00005334   Data         156  interrupt.o(.constdata)
    g_pui32EnRegs                            0x000053d0   Data          20  interrupt.o(.constdata)
    g_pui32Dii16Regs                         0x000053e4   Data          20  interrupt.o(.constdata)
    g_pui32PendRegs                          0x000053f8   Data          20  interrupt.o(.constdata)
    g_pui32UnpendRegs                        0x0000540c   Data          20  interrupt.o(.constdata)
    .constdata                               0x00005420   Section       17  __printf_flags_ss_wp.o(.constdata)
    maptable                                 0x00005420   Data          17  __printf_flags_ss_wp.o(.constdata)
    .constdata                               0x00005438   Section       48  cos_i.o(.constdata)
    C                                        0x00005438   Data          48  cos_i.o(.constdata)
    .constdata                               0x00005468   Section      200  rred.o(.constdata)
    pio2s                                    0x00005468   Data          48  rred.o(.constdata)
    twooverpi                                0x00005498   Data         152  rred.o(.constdata)
    .constdata                               0x00005530   Section       40  sin_i.o(.constdata)
    S                                        0x00005530   Data          40  sin_i.o(.constdata)
    .constdata                               0x00005558   Section      148  bigflt0.o(.constdata)
    tenpwrs_x                                0x00005558   Data          60  bigflt0.o(.constdata)
    tenpwrs_i                                0x00005594   Data          64  bigflt0.o(.constdata)
    .conststring                             0x000055ec   Section       17  uartstdio.o(.conststring)
    locale$$data                             0x00005620   Section       28  lc_numeric_c.o(locale$$data)
    __lcnum_c_name                           0x00005624   Data           2  lc_numeric_c.o(locale$$data)
    __lcnum_c_start                          0x0000562c   Data           0  lc_numeric_c.o(locale$$data)
    __lcnum_c_point                          0x00005638   Data           0  lc_numeric_c.o(locale$$data)
    __lcnum_c_thousands                      0x0000563a   Data           0  lc_numeric_c.o(locale$$data)
    __lcnum_c_grouping                       0x0000563b   Data           0  lc_numeric_c.o(locale$$data)
    __lcnum_c_end                            0x0000563c   Data           0  lc_numeric_c.o(locale$$data)
    .data                                    0x20000000   Section        2  es_shorttimer.o(.data)
    Timer_A_Priority                         0x20000000   Data           1  es_shorttimer.o(.data)
    Timer_B_Priority                         0x20000001   Data           1  es_shorttimer.o(.data)
    .data                                    0x20000002   Section        1  shiftregisterwrite.o(.data)
    LocalRegisterImage                       0x20000002   Data           1  shiftregisterwrite.o(.data)
    .data                                    0x20000003   Section        2  lcd_write.o(.data)
    RegisterSelect                           0x20000003   Data           1  lcd_write.o(.data)
    CurrentStep                              0x20000004   Data           1  lcd_write.o(.data)
    .data                                    0x20000005   Section        3  lcdservice.o(.data)
    CurrentState                             0x20000005   Data           1  lcdservice.o(.data)
    DeferralQueueLength                      0x20000006   Data           1  lcdservice.o(.data)
    MyPriority                               0x20000007   Data           1  lcdservice.o(.data)
    .data                                    0x20000008   Section       12  morseservice.o(.data)
    MyPriority                               0x20000008   Data           1  morseservice.o(.data)
    CurrentState                             0x20000009   Data           1  morseservice.o(.data)
    LastInputState                           0x2000000a   Data           1  morseservice.o(.data)
    FirstDelta                               0x2000000b   Data           1  morseservice.o(.data)
    SecondDelta                              0x2000000c   Data           2  morseservice.o(.data)
    TimeOfLastRise                           0x2000000e   Data           2  morseservice.o(.data)
    TimeOfLastFall                           0x20000010   Data           2  morseservice.o(.data)
    LengthOfDot                              0x20000012   Data           2  morseservice.o(.data)
    .data                                    0x20000014   Section      498  morsedecode.o(.data)
    MsIndex                                  0x20000014   Data           1  morsedecode.o(.data)
    MyPriority                               0x20000015   Data           1  morsedecode.o(.data)
    MorseString                              0x20000016   Data           8  morsedecode.o(.data)
    .data                                    0x20000206   Section        3  buttondebounce.o(.data)
    MyPriority                               0x20000206   Data           1  buttondebounce.o(.data)
    LastButtonState                          0x20000207   Data           1  buttondebounce.o(.data)
    CurrentState                             0x20000208   Data           1  buttondebounce.o(.data)
    .data                                    0x20000209   Section        2  fourierservice.o(.data)
    DeferralQueueLength                      0x20000209   Data           1  fourierservice.o(.data)
    MyPriority                               0x2000020a   Data           1  fourierservice.o(.data)
    .data                                    0x2000020c   Section        6  es_framework.o(.data)
    ThisEvent                                0x2000020e   Data           4  es_framework.o(.data)
    .data                                    0x20000212   Section        4  es_port.o(.data)
    TickCount                                0x20000212   Data           1  es_port.o(.data)
    SysTickCounter                           0x20000214   Data           2  es_port.o(.data)
    .data                                    0x20000218   Section        4  es_queue.o(.data)
    .data                                    0x2000021c   Section       10  es_timers.o(.data)
    NextTimer2Process                        0x2000021c   Data           1  es_timers.o(.data)
    NeedsProcessing                          0x2000021e   Data           2  es_timers.o(.data)
    TMR_ActiveFlags                          0x20000220   Data           2  es_timers.o(.data)
    NewEvent                                 0x20000222   Data           4  es_timers.o(.data)
    .data                                    0x20000228   Section        4  retarget.o(.data)
    .data                                    0x2000022c   Section        4  retarget.o(.data)
    .data                                    0x20000230   Section        8  uartstdio.o(.data)
    bLastWasCR                               0x20000230   Data           1  uartstdio.o(.data)
    g_ui32Base                               0x20000234   Data           4  uartstdio.o(.data)
    .bss                                     0x20000238   Section       16  lcdservice.o(.bss)
    DeferralQueue                            0x20000238   Data          16  lcdservice.o(.bss)
    .bss                                     0x20000248   Section       16  fourierservice.o(.bss)
    DeferralQueue                            0x20000248   Data          16  fourierservice.o(.bss)
    .bss                                     0x20000258   Section       16  es_framework.o(.bss)
    Queue0                                   0x20000258   Data          16  es_framework.o(.bss)
    .bss                                     0x20000268   Section       16  es_framework.o(.bss)
    Queue1                                   0x20000268   Data          16  es_framework.o(.bss)
    .bss                                     0x20000278   Section       16  es_framework.o(.bss)
    Queue2                                   0x20000278   Data          16  es_framework.o(.bss)
    .bss                                     0x20000288   Section       16  es_framework.o(.bss)
    Queue3                                   0x20000288   Data          16  es_framework.o(.bss)
    .bss                                     0x20000298   Section       16  es_framework.o(.bss)
    Queue4                                   0x20000298   Data          16  es_framework.o(.bss)
    .bss                                     0x200002a8   Section       32  es_timers.o(.bss)
    TMR_TimerArray                           0x200002a8   Data          32  es_timers.o(.bss)
    .bss                                     0x200002c8   Section       96  libspace.o(.bss)
    HEAP                                     0x20000328   Section        0  startup_rvmdk.o(HEAP)
    STACK                                    0x20000328   Section     2048  startup_rvmdk.o(STACK)
    HeapMem                                  0x20000328   Data           0  startup_rvmdk.o(HEAP)
    StackMem                                 0x20000328   Data           0  startup_rvmdk.o(STACK)

    Global Symbols

    Symbol Name                              Value     Ov Type        Size  Object(Section)

    BuildAttributes$$THM_ISAv4$E$P$D$K$B$S$7EM$VFPi3$EXTD16$VFPS$VFMA$PE$A:L22UL41UL21$X:L11$S22US41US21$IEEE1$IW$USESV6$~STKCKD$USESV7$~SHL$OTIME$ROPI$IEEEX$EBA8$UX$STANDARDLIB$REQ8$PRES8$EABIv2 0x00000000   Number         0  anon$$obj.o ABSOLUTE
    __ARM_use_no_argv                        0x00000000   Number         0  main.o ABSOLUTE
    __Vectors                                0x00000000   Data           0  startup_rvmdk.o(RESET)
    _printf_flags                            0x00000000   Number         0  printf_stubs.o ABSOLUTE
    _printf_return_value                     0x00000000   Number         0  printf_stubs.o ABSOLUTE
    _printf_sizespec                         0x00000000   Number         0  printf_stubs.o ABSOLUTE
    _printf_widthprec                        0x00000000   Number         0  printf_stubs.o ABSOLUTE
    __ARM_exceptions_init                     - Undefined Weak Reference
    __alloca_initialize                       - Undefined Weak Reference
    __cpp_initialize__aeabi_                  - Undefined Weak Reference
    __cxa_finalize                            - Undefined Weak Reference
    __sigvec_lookup                           - Undefined Weak Reference
    _atexit_init                              - Undefined Weak Reference
    _call_atexit_fns                          - Undefined Weak Reference
    _clock_init                               - Undefined Weak Reference
    _fp_trap_init                             - Undefined Weak Reference
    _fp_trap_shutdown                         - Undefined Weak Reference
    _get_lc_collate                           - Undefined Weak Reference
    _get_lc_ctype                             - Undefined Weak Reference
    _get_lc_monetary                          - Undefined Weak Reference
    _get_lc_time                              - Undefined Weak Reference
    _getenv_init                              - Undefined Weak Reference
    _handle_redirection                       - Undefined Weak Reference
    _init_alloc                               - Undefined Weak Reference
    _init_user_alloc                          - Undefined Weak Reference
    _initio                                   - Undefined Weak Reference
    _printf_mbtowc                            - Undefined Weak Reference
    _printf_truncate_signed                   - Undefined Weak Reference
    _printf_truncate_unsigned                 - Undefined Weak Reference
    _rand_init                                - Undefined Weak Reference
    _signal_finish                            - Undefined Weak Reference
    _signal_init                              - Undefined Weak Reference
    _terminate_alloc                          - Undefined Weak Reference
    _terminate_user_alloc                     - Undefined Weak Reference
    _terminateio                              - Undefined Weak Reference
    Reset_Handler                            0x0000026d   Thumb Code     0  startup_rvmdk.o(RESET)
    __main                                   0x00000289   Thumb Code     8  __main.o(!!!main)
    __scatterload                            0x00000291   Thumb Code     0  __scatter.o(!!!scatter)
    __scatterload_rt2                        0x00000291   Thumb Code    44  __scatter.o(!!!scatter)
    __scatterload_rt2_thumb_only             0x00000291   Thumb Code     0  __scatter.o(!!!scatter)
    __scatterload_null                       0x0000029f   Thumb Code     0  __scatter.o(!!!scatter)
    __decompress                             0x000002c5   Thumb Code    90  __dczerorl2.o(!!dczerorl2)
    __decompress1                            0x000002c5   Thumb Code     0  __dczerorl2.o(!!dczerorl2)
    __scatterload_zeroinit                   0x00000321   Thumb Code    28  __scatter_zi.o(!!handler_zi)
    _printf_f                                0x0000033d   Thumb Code     0  _printf_f.o(.ARM.Collect$$_printf_percent$$00000003)
    _printf_percent                          0x0000033d   Thumb Code     0  _printf_percent.o(.ARM.Collect$$_printf_percent$$00000000)
    _printf_i                                0x00000343   Thumb Code     0  _printf_i.o(.ARM.Collect$$_printf_percent$$00000008)
    _printf_d                                0x00000349   Thumb Code     0  _printf_d.o(.ARM.Collect$$_printf_percent$$00000009)
    _printf_u                                0x0000034f   Thumb Code     0  _printf_u.o(.ARM.Collect$$_printf_percent$$0000000A)
    _printf_c                                0x00000355   Thumb Code     0  _printf_c.o(.ARM.Collect$$_printf_percent$$00000013)
    _printf_s                                0x0000035b   Thumb Code     0  _printf_s.o(.ARM.Collect$$_printf_percent$$00000014)
    _printf_percent_end                      0x00000361   Thumb Code     0  _printf_percent_end.o(.ARM.Collect$$_printf_percent$$00000017)
    __rt_lib_init                            0x00000365   Thumb Code     0  libinit.o(.ARM.Collect$$libinit$$00000000)
    __rt_lib_init_fp_1                       0x00000367   Thumb Code     0  libinit2.o(.ARM.Collect$$libinit$$00000001)
    __rt_lib_init_heap_1                     0x0000036b   Thumb Code     0  libinit2.o(.ARM.Collect$$libinit$$00000008)
    __rt_lib_init_lc_common                  0x0000036b   Thumb Code     0  libinit2.o(.ARM.Collect$$libinit$$0000000D)
    __rt_lib_init_rand_1                     0x0000036b   Thumb Code     0  libinit2.o(.ARM.Collect$$libinit$$0000000C)
    __rt_lib_init_user_alloc_1               0x0000036b   Thumb Code     0  libinit2.o(.ARM.Collect$$libinit$$0000000A)
    __rt_lib_init_lc_collate_1               0x00000371   Thumb Code     0  libinit2.o(.ARM.Collect$$libinit$$0000000F)
    __rt_lib_init_lc_ctype_1                 0x00000371   Thumb Code     0  libinit2.o(.ARM.Collect$$libinit$$00000011)
    __rt_lib_init_lc_monetary_1              0x00000371   Thumb Code     0  libinit2.o(.ARM.Collect$$libinit$$00000013)
    __rt_lib_init_lc_numeric_2               0x00000371   Thumb Code     0  libinit2.o(.ARM.Collect$$libinit$$00000014)
    __rt_lib_init_alloca_1                   0x0000037b   Thumb Code     0  libinit2.o(.ARM.Collect$$libinit$$0000002C)
    __rt_lib_init_argv_1                     0x0000037b   Thumb Code     0  libinit2.o(.ARM.Collect$$libinit$$0000002A)
    __rt_lib_init_atexit_1                   0x0000037b   Thumb Code     0  libinit2.o(.ARM.Collect$$libinit$$00000019)
    __rt_lib_init_clock_1                    0x0000037b   Thumb Code     0  libinit2.o(.ARM.Collect$$libinit$$0000001F)
    __rt_lib_init_cpp_1                      0x0000037b   Thumb Code     0  libinit2.o(.ARM.Collect$$libinit$$00000030)
    __rt_lib_init_exceptions_1               0x0000037b   Thumb Code     0  libinit2.o(.ARM.Collect$$libinit$$0000002E)
    __rt_lib_init_fp_trap_1                  0x0000037b   Thumb Code     0  libinit2.o(.ARM.Collect$$libinit$$0000001D)
    __rt_lib_init_getenv_1                   0x0000037b   Thumb Code     0  libinit2.o(.ARM.Collect$$libinit$$00000021)
    __rt_lib_init_lc_numeric_1               0x0000037b   Thumb Code     0  libinit2.o(.ARM.Collect$$libinit$$00000015)
    __rt_lib_init_lc_time_1                  0x0000037b   Thumb Code     0  libinit2.o(.ARM.Collect$$libinit$$00000017)
    __rt_lib_init_return                     0x0000037b   Thumb Code     0  libinit2.o(.ARM.Collect$$libinit$$00000031)
    __rt_lib_init_signal_1                   0x0000037b   Thumb Code     0  libinit2.o(.ARM.Collect$$libinit$$0000001B)
    __rt_lib_init_stdio_1                    0x0000037b   Thumb Code     0  libinit2.o(.ARM.Collect$$libinit$$00000023)
    __rt_lib_shutdown                        0x0000037d   Thumb Code     0  libshutdown.o(.ARM.Collect$$libshutdown$$00000000)
    __rt_lib_shutdown_fp_trap_1              0x0000037f   Thumb Code     0  libshutdown2.o(.ARM.Collect$$libshutdown$$00000006)
    __rt_lib_shutdown_heap_1                 0x0000037f   Thumb Code     0  libshutdown2.o(.ARM.Collect$$libshutdown$$0000000E)
    __rt_lib_shutdown_return                 0x0000037f   Thumb Code     0  libshutdown2.o(.ARM.Collect$$libshutdown$$0000000F)
    __rt_lib_shutdown_signal_1               0x0000037f   Thumb Code     0  libshutdown2.o(.ARM.Collect$$libshutdown$$00000009)
    __rt_lib_shutdown_stdio_1                0x0000037f   Thumb Code     0  libshutdown2.o(.ARM.Collect$$libshutdown$$00000003)
    __rt_lib_shutdown_user_alloc_1           0x0000037f   Thumb Code     0  libshutdown2.o(.ARM.Collect$$libshutdown$$0000000B)
    __rt_entry                               0x00000381   Thumb Code     0  rtentry.o(.ARM.Collect$$rtentry$$00000000)
    __rt_entry_presh_1                       0x00000381   Thumb Code     0  rtentry2.o(.ARM.Collect$$rtentry$$00000002)
    __rt_entry_sh                            0x00000381   Thumb Code     0  rtentry4.o(.ARM.Collect$$rtentry$$00000004)
    __rt_entry_li                            0x00000387   Thumb Code     0  rtentry2.o(.ARM.Collect$$rtentry$$0000000A)
    __rt_entry_postsh_1                      0x00000387   Thumb Code     0  rtentry2.o(.ARM.Collect$$rtentry$$00000009)
    __rt_entry_main                          0x0000038b   Thumb Code     0  rtentry2.o(.ARM.Collect$$rtentry$$0000000D)
    __rt_entry_postli_1                      0x0000038b   Thumb Code     0  rtentry2.o(.ARM.Collect$$rtentry$$0000000C)
    __rt_exit                                0x00000393   Thumb Code     0  rtexit.o(.ARM.Collect$$rtexit$$00000000)
    __rt_exit_ls                             0x00000395   Thumb Code     0  rtexit2.o(.ARM.Collect$$rtexit$$00000003)
    __rt_exit_prels_1                        0x00000395   Thumb Code     0  rtexit2.o(.ARM.Collect$$rtexit$$00000002)
    __rt_exit_exit                           0x00000399   Thumb Code     0  rtexit2.o(.ARM.Collect$$rtexit$$00000004)
    SysCtlDelay                              0x000003a1   Thumb Code     6  sysctl.o(.emb_text)
    CPUcpsid                                 0x000003a9   Thumb Code     8  cpu.o(.emb_text)
    CPUprimask                               0x000003b1   Thumb Code     6  cpu.o(.emb_text)
    CPUcpsie                                 0x000003b7   Thumb Code     8  cpu.o(.emb_text)
    CPUwfi                                   0x000003bf   Thumb Code     4  cpu.o(.emb_text)
    CPUbasepriSet                            0x000003c3   Thumb Code     6  cpu.o(.emb_text)
    CPUbasepriGet                            0x000003c9   Thumb Code     6  cpu.o(.emb_text)
    __user_initial_stackheap                 0x000003d1   Thumb Code     0  startup_rvmdk.o(.text)
    __I$use$semihosting                      0x000003e9   Thumb Code     0  use_no_semi.o(.text)
    __use_no_semihosting_swi                 0x000003e9   Thumb Code     2  use_no_semi.o(.text)
    __2printf                                0x000003ed   Thumb Code    20  noretval__2printf.o(.text)
    _printf_pre_padding                      0x00000405   Thumb Code    44  _printf_pad.o(.text)
    _printf_post_padding                     0x00000431   Thumb Code    34  _printf_pad.o(.text)
    _printf_str                              0x00000453   Thumb Code    82  _printf_str.o(.text)
    _printf_int_dec                          0x000004a5   Thumb Code   100  _printf_dec.o(.text)
    __printf                                 0x00000519   Thumb Code   388  __printf_flags_ss_wp.o(.text)
    getc                                     0x000006a1   Thumb Code     4  getc.o(.text)
    puts                                     0x000006a5   Thumb Code    40  puts.o(.text)
    exit                                     0x000006d1   Thumb Code    12  exit.o(.text)
    __aeabi_memcpy4                          0x000006dd   Thumb Code     0  rt_memcpy_w.o(.text)
    __aeabi_memcpy8                          0x000006dd   Thumb Code     0  rt_memcpy_w.o(.text)
    __rt_memcpy_w                            0x000006dd   Thumb Code   100  rt_memcpy_w.o(.text)
    _memcpy_lastbytes_aligned                0x00000725   Thumb Code     0  rt_memcpy_w.o(.text)
    strcmp                                   0x00000741   Thumb Code   128  strcmpv7m.o(.text)
    __use_two_region_memory                  0x000007c1   Thumb Code     2  heapauxi.o(.text)
    __rt_heap_escrow$2region                 0x000007c3   Thumb Code     2  heapauxi.o(.text)
    __rt_heap_expand$2region                 0x000007c5   Thumb Code     2  heapauxi.o(.text)
    __read_errno                             0x000007c7   Thumb Code    10  _rserrno.o(.text)
    __set_errno                              0x000007d1   Thumb Code    12  _rserrno.o(.text)
    _printf_int_common                       0x000007dd   Thumb Code   178  _printf_intcommon.o(.text)
    __lib_sel_fp_printf                      0x0000088f   Thumb Code     2  _printf_fp_dec.o(.text)
    _printf_fp_dec_real                      0x00000a3d   Thumb Code   616  _printf_fp_dec.o(.text)
    _printf_cs_common                        0x00000ca5   Thumb Code    20  _printf_char.o(.text)
    _printf_char                             0x00000cb9   Thumb Code    16  _printf_char.o(.text)
    _printf_string                           0x00000cc9   Thumb Code     8  _printf_char.o(.text)
    _printf_char_file                        0x00000cd1   Thumb Code    32  _printf_char_file.o(.text)
    __rt_locale                              0x00000cf5   Thumb Code     8  rt_locale_intlibspace.o(.text)
    __aeabi_errno_addr                       0x00000cfd   Thumb Code     8  rt_errno_addr_intlibspace.o(.text)
    __errno$intlibspace                      0x00000cfd   Thumb Code     0  rt_errno_addr_intlibspace.o(.text)
    __rt_errno_addr$intlibspace              0x00000cfd   Thumb Code     0  rt_errno_addr_intlibspace.o(.text)
    _ll_udiv10                               0x00000d05   Thumb Code   138  lludiv10.o(.text)
    _printf_char_common                      0x00000d9b   Thumb Code    32  _printf_char_common.o(.text)
    _printf_fp_infnan                        0x00000dc1   Thumb Code   112  _printf_fp_infnan.o(.text)
    _btod_etento                             0x00000e41   Thumb Code   212  bigflt0.o(.text)
    __user_libspace                          0x00000f19   Thumb Code     8  libspace.o(.text)
    __user_perproc_libspace                  0x00000f19   Thumb Code     0  libspace.o(.text)
    __user_perthread_libspace                0x00000f19   Thumb Code     0  libspace.o(.text)
    __user_setup_stackheap                   0x00000f21   Thumb Code    74  sys_stackheap_outer.o(.text)
    _btod_d2e                                0x00000f6b   Thumb Code    62  btod.o(CL$$btod_d2e)
    _d2e_denorm_low                          0x00000fa9   Thumb Code    70  btod.o(CL$$btod_d2e_denorm_low)
    _d2e_norm_op1                            0x00000fef   Thumb Code    96  btod.o(CL$$btod_d2e_norm_op1)
    __btod_div_common                        0x0000104f   Thumb Code   696  btod.o(CL$$btod_div_common)
    _e2e                                     0x00001387   Thumb Code   198  btod.o(CL$$btod_e2e)
    _btod_ediv                               0x0000144d   Thumb Code    40  btod.o(CL$$btod_ediv)
    _btod_emul                               0x00001475   Thumb Code    40  btod.o(CL$$btod_emul)
    __btod_mult_common                       0x0000149d   Thumb Code   580  btod.o(CL$$btod_mult_common)
    CIRC_SHIFT                               0x000016e1   Thumb Code    10  shiftregisterwrite.o(i.CIRC_SHIFT)
    CPUgetPRIMASK_cpsid                      0x000016eb   Thumb Code     8  es_port.o(i.CPUgetPRIMASK_cpsid)
    CPUsetPRIMASK                            0x000016f3   Thumb Code     6  es_port.o(i.CPUsetPRIMASK)
    CharacterizePulse                        0x000016f9   Thumb Code    76  morseservice.o(i.CharacterizePulse)
    CharacterizeSpace                        0x0000175d   Thumb Code   126  morseservice.o(i.CharacterizeSpace)
    Check4Button                             0x000017e1   Thumb Code     4  eventcheckers.o(i.Check4Button)
    Check4Keystroke                          0x000017e5   Thumb Code    52  eventcheckers.o(i.Check4Keystroke)
    Check4Morse                              0x00001839   Thumb Code     4  eventcheckers.o(i.Check4Morse)
    CheckButtonEvents                        0x0000183d   Thumb Code    64  buttondebounce.o(i.CheckButtonEvents)
    CheckMorseEvents                         0x00001885   Thumb Code    58  morseservice.o(i.CheckMorseEvents)
    DecodeMorseString                        0x000018e5   Thumb Code    38  morsedecode.o(i.DecodeMorseString)
    ES_CheckUserEvents                       0x00001911   Thumb Code    34  es_checkevents.o(i.ES_CheckUserEvents)
    ES_DeQueue                               0x00001939   Thumb Code    80  es_queue.o(i.ES_DeQueue)
    ES_EnQueueFIFO                           0x0000198d   Thumb Code    66  es_queue.o(i.ES_EnQueueFIFO)
    ES_EnQueueLIFO                           0x000019d5   Thumb Code    66  es_queue.o(i.ES_EnQueueLIFO)
    ES_GetMSBitSet                           0x00001a1d   Thumb Code    48  es_lookuptables.o(i.ES_GetMSBitSet)
    ES_InitQueue                             0x00001a51   Thumb Code    16  es_queue.o(i.ES_InitQueue)
    ES_Initialize                            0x00001a61   Thumb Code    72  es_framework.o(i.ES_Initialize)
    ES_PostList00                            0x00001aad   Thumb Code    44  es_postlist.o(i.ES_PostList00)
    ES_PostToService                         0x00001add   Thumb Code    42  es_framework.o(i.ES_PostToService)
    ES_PostToServiceLIFO                     0x00001b15   Thumb Code    42  es_framework.o(i.ES_PostToServiceLIFO)
    ES_RecallEvents                          0x00001b4d   Thumb Code    44  es_deferrecall.o(i.ES_RecallEvents)
    ES_Run                                   0x00001b79   Thumb Code    84  es_framework.o(i.ES_Run)
    ES_ShortTimerInit                        0x00001bd9   Thumb Code    40  es_shorttimer.o(i.ES_ShortTimerInit)
    ES_ShortTimerStart                       0x00001c11   Thumb Code    90  es_shorttimer.o(i.ES_ShortTimerStart)
    ES_Timer_GetTime                         0x00001c71   Thumb Code     4  es_timers.o(i.ES_Timer_GetTime)
    ES_Timer_Init                            0x00001c75   Thumb Code     4  es_timers.o(i.ES_Timer_Init)
    ES_Timer_InitTimer                       0x00001c79   Thumb Code    44  es_timers.o(i.ES_Timer_InitTimer)
    ES_Timer_Tick_Resp                       0x00001cb5   Thumb Code    90  es_timers.o(i.ES_Timer_Tick_Resp)
    GPIODirModeSet                           0x00001d21   Thumb Code    40  gpio.o(i.GPIODirModeSet)
    GPIOPadConfigSet                         0x00001d49   Thumb Code   314  gpio.o(i.GPIOPadConfigSet)
    GPIOPinConfigure                         0x00001e85   Thumb Code    64  gpio.o(i.GPIOPinConfigure)
    GPIOPinTypeUART                          0x00001ecd   Thumb Code    28  gpio.o(i.GPIOPinTypeUART)
    InitButtonDebounceService                0x00001ee9   Thumb Code    48  buttondebounce.o(i.InitButtonDebounceService)
    InitFourierService                       0x00001fc5   Thumb Code   174  fourierservice.o(i.InitFourierService)
    InitLCDService                           0x0000213d   Thumb Code    48  lcdservice.o(i.InitLCDService)
    InitMorseDecode                          0x00002175   Thumb Code    22  morsedecode.o(i.InitMorseDecode)
    InitMorseService                         0x00002231   Thumb Code    54  morseservice.o(i.InitMorseService)
    IntEnable                                0x0000228d   Thumb Code    92  interrupt.o(i.IntEnable)
    IntMasterEnable                          0x000022f1   Thumb Code    14  interrupt.o(i.IntMasterEnable)
    LCD_HWInit                               0x000022ff   Thumb Code     4  lcd_write.o(i.LCD_HWInit)
    LCD_TakeInitStep                         0x00002305   Thumb Code    66  lcd_write.o(i.LCD_TakeInitStep)
    LCD_WriteCommand4                        0x000023ad   Thumb Code    10  lcd_write.o(i.LCD_WriteCommand4)
    LCD_WriteCommand8                        0x000023bd   Thumb Code    10  lcd_write.o(i.LCD_WriteCommand8)
    LCD_WriteData8                           0x000023cd   Thumb Code    10  lcd_write.o(i.LCD_WriteData8)
    PostButtonDebounceService                0x000023dd   Thumb Code    10  buttondebounce.o(i.PostButtonDebounceService)
    PostLCDService                           0x000023ed   Thumb Code    10  lcdservice.o(i.PostLCDService)
    PostMorseDecodeService                   0x000023fd   Thumb Code    10  morsedecode.o(i.PostMorseDecodeService)
    PostMorseService                         0x0000240d   Thumb Code    10  morseservice.o(i.PostMorseService)
    RunFourierService                        0x0000241d   Thumb Code     8  fourierservice.o(i.RunFourierService)
    RunLCDService                            0x00002425   Thumb Code   146  lcdservice.o(i.RunLCDService)
    RunMorseDebounceService                  0x000024dd   Thumb Code   138  buttondebounce.o(i.RunMorseDebounceService)
    RunMorseDecode                           0x000025a9   Thumb Code   170  morsedecode.o(i.RunMorseDecode)
    RunMorseService                          0x00002671   Thumb Code   164  morseservice.o(i.RunMorseService)
    SR_GetCurrentRegister                    0x00002745   Thumb Code     6  shiftregisterwrite.o(i.SR_GetCurrentRegister)
    SR_Init                                  0x00002751   Thumb Code    50  shiftregisterwrite.o(i.SR_Init)
    SR_Write                                 0x00002799   Thumb Code    96  shiftregisterwrite.o(i.SR_Write)
    ShortTimerAHandler                       0x00002801   Thumb Code    42  es_shorttimer.o(i.ShortTimerAHandler)
    ShortTimerBHandler                       0x00002835   Thumb Code    46  es_shorttimer.o(i.ShortTimerBHandler)
    SysCtlClockSet                           0x0000286d   Thumb Code   270  sysctl.o(i.SysCtlClockSet)
    SysCtlPeripheralEnable                   0x0000298d   Thumb Code    36  sysctl.o(i.SysCtlPeripheralEnable)
    SysTickEnable                            0x000029b5   Thumb Code    14  systick.o(i.SysTickEnable)
    SysTickIntEnable                         0x000029c3   Thumb Code    14  systick.o(i.SysTickIntEnable)
    SysTickIntHandler                        0x000029d1   Thumb Code    16  es_port.o(i.SysTickIntHandler)
    SysTickPeriodSet                         0x000029e5   Thumb Code    10  systick.o(i.SysTickPeriodSet)
    TERMIO_GetChar                           0x000029ef   Thumb Code     4  termio.o(i.TERMIO_GetChar)
    TERMIO_Init                              0x000029f5   Thumb Code    62  termio.o(i.TERMIO_Init)
    TERMIO_PutChar                           0x00002a45   Thumb Code     8  termio.o(i.TERMIO_PutChar)
    TestCalibration                          0x00002a51   Thumb Code   206  morseservice.o(i.TestCalibration)
    TestFft                                  0x00002b7d   Thumb Code   158  fourierservice.o(i.TestFft)
    TimerConfigure                           0x00002c79   Thumb Code    88  timer.o(i.TimerConfigure)
    TimerEnable                              0x00002cd9   Thumb Code    14  timer.o(i.TimerEnable)
    TimerIntClear                            0x00002ce7   Thumb Code     4  timer.o(i.TimerIntClear)
    TimerIntEnable                           0x00002ceb   Thumb Code     8  timer.o(i.TimerIntEnable)
    TimerLoadSet                             0x00002cf3   Thumb Code    18  timer.o(i.TimerLoadSet)
    TimerPrescaleSet                         0x00002d05   Thumb Code    18  timer.o(i.TimerPrescaleSet)
    UARTCharPut                              0x00002d17   Thumb Code    12  uart.o(i.UARTCharPut)
    UARTClockSourceSet                       0x00002d23   Thumb Code     6  uart.o(i.UARTClockSourceSet)
    UARTStdioConfig                          0x00002d29   Thumb Code    82  uartstdio.o(i.UARTStdioConfig)
    UARTgetc                                 0x00002d85   Thumb Code    20  uartstdio.o(i.UARTgetc)
    _HW_GetTickCount                         0x00002d9d   Thumb Code     6  es_port.o(i._HW_GetTickCount)
    _HW_Process_Pending_Ints                 0x00002da9   Thumb Code    26  es_port.o(i._HW_Process_Pending_Ints)
    _HW_Timer_Init                           0x00002dc9   Thumb Code    22  es_port.o(i._HW_Timer_Init)
    __ARM_fpclassify                         0x00002ddf   Thumb Code    48  fpclassify.o(i.__ARM_fpclassify)
    __hardfp_cos                             0x00002e11   Thumb Code   200  cos.o(i.__hardfp_cos)
    __hardfp_floor                           0x00002ee9   Thumb Code   252  floor.o(i.__hardfp_floor)
    __hardfp_sin                             0x00003001   Thumb Code   200  sin.o(i.__hardfp_sin)
    __hardfp_sqrt                            0x000030d9   Thumb Code   122  sqrt.o(i.__hardfp_sqrt)
    __ieee754_rem_pio2                       0x00003159   Thumb Code   938  rred.o(i.__ieee754_rem_pio2)
    __kernel_cos                             0x00003591   Thumb Code   322  cos_i.o(i.__kernel_cos)
    __kernel_poly                            0x00003701   Thumb Code   248  poly.o(i.__kernel_poly)
    __kernel_sin                             0x000037f9   Thumb Code   280  sin_i.o(i.__kernel_sin)
    __mathlib_dbl_underflow                  0x00003929   Thumb Code    24  dunder.o(i.__mathlib_dbl_underflow)
    _is_digit                                0x00003949   Thumb Code    14  __printf_wp.o(i._is_digit)
    _sys_exit                                0x00003957   Thumb Code     2  retarget.o(i._sys_exit)
    fabs                                     0x00003959   Thumb Code    24  fabs.o(i.fabs)
    ferror                                   0x00003971   Thumb Code     6  retarget.o(i.ferror)
    fgetc                                    0x00003977   Thumb Code     4  retarget.o(i.fgetc)
    fputc                                    0x0000397b   Thumb Code    14  retarget.o(i.fputc)
    kbhit                                    0x00003989   Thumb Code    16  termio.o(i.kbhit)
    kiss_fft                                 0x00003fff   Thumb Code     6  kiss_fft.o(i.kiss_fft)
    kiss_fft_alloc                           0x00004005   Thumb Code   294  kiss_fft.o(i.kiss_fft_alloc)
    kiss_fft_stride                          0x00004139   Thumb Code    84  kiss_fft.o(i.kiss_fft_stride)
    main                                     0x0000418d   Thumb Code   106  main.o(i.main)
    _get_lc_numeric                          0x00004319   Thumb Code    44  lc_numeric_c.o(locale$$code)
    __aeabi_dneg                             0x00004345   Thumb Code     0  basic.o(x$fpl$basic)
    _dneg                                    0x00004345   Thumb Code     6  basic.o(x$fpl$basic)
    __aeabi_fneg                             0x0000434b   Thumb Code     0  basic.o(x$fpl$basic)
    _fneg                                    0x0000434b   Thumb Code     6  basic.o(x$fpl$basic)
    _dabs                                    0x00004351   Thumb Code     6  basic.o(x$fpl$basic)
    _fabs                                    0x00004357   Thumb Code     6  basic.o(x$fpl$basic)
    __aeabi_d2f                              0x0000435d   Thumb Code     0  d2f.o(x$fpl$d2f)
    _d2f                                     0x0000435d   Thumb Code    98  d2f.o(x$fpl$d2f)
    __aeabi_dadd                             0x000043c1   Thumb Code     0  daddsub_clz.o(x$fpl$dadd)
    _dadd                                    0x000043c1   Thumb Code   332  daddsub_clz.o(x$fpl$dadd)
    __fpl_dcmp_Inf                           0x00004511   Thumb Code    24  dcmpi.o(x$fpl$dcmpinf)
    __aeabi_ddiv                             0x00004529   Thumb Code     0  ddiv.o(x$fpl$ddiv)
    _ddiv                                    0x00004529   Thumb Code   552  ddiv.o(x$fpl$ddiv)
    __aeabi_d2iz                             0x000047d9   Thumb Code     0  dfix.o(x$fpl$dfix)
    _dfix                                    0x000047d9   Thumb Code    94  dfix.o(x$fpl$dfix)
    __aeabi_i2d                              0x00004837   Thumb Code     0  dflt_clz.o(x$fpl$dflt)
    _dflt                                    0x00004837   Thumb Code    46  dflt_clz.o(x$fpl$dflt)
    __aeabi_ui2d                             0x00004865   Thumb Code     0  dflt_clz.o(x$fpl$dfltu)
    _dfltu                                   0x00004865   Thumb Code    38  dflt_clz.o(x$fpl$dfltu)
    __aeabi_cdcmple                          0x0000488d   Thumb Code     0  dleqf.o(x$fpl$dleqf)
    _dcmple                                  0x0000488d   Thumb Code   120  dleqf.o(x$fpl$dleqf)
    __fpl_dcmple_InfNaN                      0x000048ef   Thumb Code     0  dleqf.o(x$fpl$dleqf)
    __aeabi_dmul                             0x00004905   Thumb Code     0  dmul.o(x$fpl$dmul)
    _dmul                                    0x00004905   Thumb Code   332  dmul.o(x$fpl$dmul)
    __fpl_dnaninf                            0x00004a59   Thumb Code   156  dnaninf.o(x$fpl$dnaninf)
    __fpl_dretinf                            0x00004af5   Thumb Code    12  dretinf.o(x$fpl$dretinf)
    __aeabi_cdrcmple                         0x00004b01   Thumb Code     0  drleqf.o(x$fpl$drleqf)
    _drcmple                                 0x00004b01   Thumb Code   108  drleqf.o(x$fpl$drleqf)
    __aeabi_drsub                            0x00004b6d   Thumb Code     0  daddsub_clz.o(x$fpl$drsb)
    _drsb                                    0x00004b6d   Thumb Code    22  daddsub_clz.o(x$fpl$drsb)
    _dsqrt                                   0x00004b85   Thumb Code   404  dsqrt_umaal.o(x$fpl$dsqrt)
    __aeabi_dsub                             0x00004d1d   Thumb Code     0  daddsub_clz.o(x$fpl$dsub)
    _dsub                                    0x00004d1d   Thumb Code   464  daddsub_clz.o(x$fpl$dsub)
    __aeabi_f2d                              0x00004ef1   Thumb Code     0  f2d.o(x$fpl$f2d)
    _f2d                                     0x00004ef1   Thumb Code    86  f2d.o(x$fpl$f2d)
    __fpl_fnaninf                            0x00004f47   Thumb Code   140  fnaninf.o(x$fpl$fnaninf)
    _fp_init                                 0x00004fd3   Thumb Code    10  fpinit.o(x$fpl$fpinit)
    __fplib_config_fpu_vfp                   0x00004fdb   Thumb Code     0  fpinit.o(x$fpl$fpinit)
    __fplib_config_pureend_doubles           0x00004fdb   Thumb Code     0  fpinit.o(x$fpl$fpinit)
    __fpl_fretinf                            0x00004fdd   Thumb Code    10  fretinf.o(x$fpl$fretinf)
    _printf_fp_dec                           0x00004fe7   Thumb Code     4  printf1.o(x$fpl$printf1)
    __I$use$fp                               0x00004fea   Number         0  usenofp.o(x$fpl$usenofp)
    BitNum2SetMask                           0x00005070   Data          32  es_lookuptables.o(.constdata)
    Nybble2MSBitNum                          0x00005090   Data          15  es_lookuptables.o(.constdata)
    Region$$Table$$Base                      0x00005600   Number         0  anon$$obj.o(Region$$Table)
    Region$$Table$$Limit                     0x00005620   Number         0  anon$$obj.o(Region$$Table)
    legalChars                               0x2000001e   Data          56  morsedecode.o(.data)
    morseCode                                0x20000056   Data         432  morsedecode.o(.data)
    Ready                                    0x2000020c   Data           2  es_framework.o(.data)
    _PRIMASK_temp                            0x20000218   Data           4  es_queue.o(.data)
    __stdout                                 0x20000228   Data           4  retarget.o(.data)
    __stdin                                  0x2000022c   Data           4  retarget.o(.data)
    __libspace_start                         0x200002c8   Data          96  libspace.o(.bss)
    __temporary_stack_top$libspace           0x20000328   Data           0  libspace.o(.bss)



==============================================================================

Memory Map of the image

  Image Entry point : 0x0000026d

  Load Region LR_IROM1 (Base: 0x00000000, Size: 0x00005874, Max: 0x00040000, ABSOLUTE, COMPRESSED[0x00005724])

    Execution Region ER_IROM1 (Base: 0x00000000, Size: 0x0000563c, Max: 0x00040000, ABSOLUTE)

    Base Addr    Size         Type   Attr      Idx    E Section Name        Object

    0x00000000   0x00000288   Code   RO          567  * RESET               startup_rvmdk.o
    0x00000288   0x00000008   Code   RO         2488  * !!!main             c_w.l(__main.o)
    0x00000290   0x00000034   Code   RO         2810    !!!scatter          c_w.l(__scatter.o)
    0x000002c4   0x0000005a   Code   RO         2808    !!dczerorl2         c_w.l(__dczerorl2.o)
    0x0000031e   0x00000002   PAD
    0x00000320   0x0000001c   Code   RO         2812    !!handler_zi        c_w.l(__scatter_zi.o)
    0x0000033c   0x00000000   Code   RO         2475    .ARM.Collect$$_printf_percent$$00000000  c_w.l(_printf_percent.o)
    0x0000033c   0x00000006   Code   RO         2474    .ARM.Collect$$_printf_percent$$00000003  c_w.l(_printf_f.o)
    0x00000342   0x00000006   Code   RO         2471    .ARM.Collect$$_printf_percent$$00000008  c_w.l(_printf_i.o)
    0x00000348   0x00000006   Code   RO         2472    .ARM.Collect$$_printf_percent$$00000009  c_w.l(_printf_d.o)
    0x0000034e   0x00000006   Code   RO         2473    .ARM.Collect$$_printf_percent$$0000000A  c_w.l(_printf_u.o)
    0x00000354   0x00000006   Code   RO         2469    .ARM.Collect$$_printf_percent$$00000013  c_w.l(_printf_c.o)
    0x0000035a   0x00000006   Code   RO         2470    .ARM.Collect$$_printf_percent$$00000014  c_w.l(_printf_s.o)
    0x00000360   0x00000004   Code   RO         2575    .ARM.Collect$$_printf_percent$$00000017  c_w.l(_printf_percent_end.o)
    0x00000364   0x00000002   Code   RO         2701    .ARM.Collect$$libinit$$00000000  c_w.l(libinit.o)
    0x00000366   0x00000004   Code   RO         2702    .ARM.Collect$$libinit$$00000001  c_w.l(libinit2.o)
    0x0000036a   0x00000000   Code   RO         2706    .ARM.Collect$$libinit$$00000008  c_w.l(libinit2.o)
    0x0000036a   0x00000000   Code   RO         2708    .ARM.Collect$$libinit$$0000000A  c_w.l(libinit2.o)
    0x0000036a   0x00000000   Code   RO         2710    .ARM.Collect$$libinit$$0000000C  c_w.l(libinit2.o)
    0x0000036a   0x00000006   Code   RO         2711    .ARM.Collect$$libinit$$0000000D  c_w.l(libinit2.o)
    0x00000370   0x00000000   Code   RO         2713    .ARM.Collect$$libinit$$0000000F  c_w.l(libinit2.o)
    0x00000370   0x00000000   Code   RO         2715    .ARM.Collect$$libinit$$00000011  c_w.l(libinit2.o)
    0x00000370   0x00000000   Code   RO         2717    .ARM.Collect$$libinit$$00000013  c_w.l(libinit2.o)
    0x00000370   0x0000000a   Code   RO         2718    .ARM.Collect$$libinit$$00000014  c_w.l(libinit2.o)
    0x0000037a   0x00000000   Code   RO         2719    .ARM.Collect$$libinit$$00000015  c_w.l(libinit2.o)
    0x0000037a   0x00000000   Code   RO         2721    .ARM.Collect$$libinit$$00000017  c_w.l(libinit2.o)
    0x0000037a   0x00000000   Code   RO         2723    .ARM.Collect$$libinit$$00000019  c_w.l(libinit2.o)
    0x0000037a   0x00000000   Code   RO         2725    .ARM.Collect$$libinit$$0000001B  c_w.l(libinit2.o)
    0x0000037a   0x00000000   Code   RO         2727    .ARM.Collect$$libinit$$0000001D  c_w.l(libinit2.o)
    0x0000037a   0x00000000   Code   RO         2729    .ARM.Collect$$libinit$$0000001F  c_w.l(libinit2.o)
    0x0000037a   0x00000000   Code   RO         2731    .ARM.Collect$$libinit$$00000021  c_w.l(libinit2.o)
    0x0000037a   0x00000000   Code   RO         2733    .ARM.Collect$$libinit$$00000023  c_w.l(libinit2.o)
    0x0000037a   0x00000000   Code   RO         2737    .ARM.Collect$$libinit$$0000002A  c_w.l(libinit2.o)
    0x0000037a   0x00000000   Code   RO         2739    .ARM.Collect$$libinit$$0000002C  c_w.l(libinit2.o)
    0x0000037a   0x00000000   Code   RO         2741    .ARM.Collect$$libinit$$0000002E  c_w.l(libinit2.o)
    0x0000037a   0x00000000   Code   RO         2743    .ARM.Collect$$libinit$$00000030  c_w.l(libinit2.o)
    0x0000037a   0x00000002   Code   RO         2744    .ARM.Collect$$libinit$$00000031  c_w.l(libinit2.o)
    0x0000037c   0x00000002   Code   RO         2745    .ARM.Collect$$libshutdown$$00000000  c_w.l(libshutdown.o)
    0x0000037e   0x00000000   Code   RO         2750    .ARM.Collect$$libshutdown$$00000003  c_w.l(libshutdown2.o)
    0x0000037e   0x00000000   Code   RO         2753    .ARM.Collect$$libshutdown$$00000006  c_w.l(libshutdown2.o)
    0x0000037e   0x00000000   Code   RO         2756    .ARM.Collect$$libshutdown$$00000009  c_w.l(libshutdown2.o)
    0x0000037e   0x00000000   Code   RO         2758    .ARM.Collect$$libshutdown$$0000000B  c_w.l(libshutdown2.o)
    0x0000037e   0x00000000   Code   RO         2761    .ARM.Collect$$libshutdown$$0000000E  c_w.l(libshutdown2.o)
    0x0000037e   0x00000002   Code   RO         2762    .ARM.Collect$$libshutdown$$0000000F  c_w.l(libshutdown2.o)
    0x00000380   0x00000000   Code   RO         2562    .ARM.Collect$$rtentry$$00000000  c_w.l(rtentry.o)
    0x00000380   0x00000000   Code   RO         2604    .ARM.Collect$$rtentry$$00000002  c_w.l(rtentry2.o)
    0x00000380   0x00000006   Code   RO         2616    .ARM.Collect$$rtentry$$00000004  c_w.l(rtentry4.o)
    0x00000386   0x00000000   Code   RO         2606    .ARM.Collect$$rtentry$$00000009  c_w.l(rtentry2.o)
    0x00000386   0x00000004   Code   RO         2607    .ARM.Collect$$rtentry$$0000000A  c_w.l(rtentry2.o)
    0x0000038a   0x00000000   Code   RO         2609    .ARM.Collect$$rtentry$$0000000C  c_w.l(rtentry2.o)
    0x0000038a   0x00000008   Code   RO         2610    .ARM.Collect$$rtentry$$0000000D  c_w.l(rtentry2.o)
    0x00000392   0x00000002   Code   RO         2563    .ARM.Collect$$rtexit$$00000000  c_w.l(rtexit.o)
    0x00000394   0x00000000   Code   RO         2619    .ARM.Collect$$rtexit$$00000002  c_w.l(rtexit2.o)
    0x00000394   0x00000004   Code   RO         2620    .ARM.Collect$$rtexit$$00000003  c_w.l(rtexit2.o)
    0x00000398   0x00000006   Code   RO         2621    .ARM.Collect$$rtexit$$00000004  c_w.l(rtexit2.o)
    0x0000039e   0x00000002   PAD
    0x000003a0   0x00000006   Code   RO         1487    .emb_text           driverlib.lib(sysctl.o)
    0x000003a6   0x00000002   PAD
    0x000003a8   0x00000026   Code   RO         2423    .emb_text           driverlib.lib(cpu.o)
    0x000003ce   0x00000002   PAD
    0x000003d0   0x00000018   Code   RO          568    .text               startup_rvmdk.o
    0x000003e8   0x00000002   Code   RO         2435    .text               c_w.l(use_no_semi.o)
    0x000003ea   0x00000002   PAD
    0x000003ec   0x00000018   Code   RO         2439    .text               c_w.l(noretval__2printf.o)
    0x00000404   0x0000004e   Code   RO         2443    .text               c_w.l(_printf_pad.o)
    0x00000452   0x00000052   Code   RO         2445    .text               c_w.l(_printf_str.o)
    0x000004a4   0x00000074   Code   RO         2447    .text               c_w.l(_printf_dec.o)
    0x00000518   0x00000188   Code   RO         2466    .text               c_w.l(__printf_flags_ss_wp.o)
    0x000006a0   0x00000004   Code   RO         2476    .text               c_w.l(getc.o)
    0x000006a4   0x0000002c   Code   RO         2478    .text               c_w.l(puts.o)
    0x000006d0   0x0000000c   Code   RO         2480    .text               c_w.l(exit.o)
    0x000006dc   0x00000064   Code   RO         2482    .text               c_w.l(rt_memcpy_w.o)
    0x00000740   0x00000080   Code   RO         2484    .text               c_w.l(strcmpv7m.o)
    0x000007c0   0x00000006   Code   RO         2486    .text               c_w.l(heapauxi.o)
    0x000007c6   0x00000016   Code   RO         2565    .text               c_w.l(_rserrno.o)
    0x000007dc   0x000000b2   Code   RO         2567    .text               c_w.l(_printf_intcommon.o)
    0x0000088e   0x00000416   Code   RO         2569    .text               c_w.l(_printf_fp_dec.o)
    0x00000ca4   0x0000002c   Code   RO         2571    .text               c_w.l(_printf_char.o)
    0x00000cd0   0x00000024   Code   RO         2573    .text               c_w.l(_printf_char_file.o)
    0x00000cf4   0x00000008   Code   RO         2628    .text               c_w.l(rt_locale_intlibspace.o)
    0x00000cfc   0x00000008   Code   RO         2633    .text               c_w.l(rt_errno_addr_intlibspace.o)
    0x00000d04   0x0000008a   Code   RO         2635    .text               c_w.l(lludiv10.o)
    0x00000d8e   0x00000002   PAD
    0x00000d90   0x00000030   Code   RO         2637    .text               c_w.l(_printf_char_common.o)
    0x00000dc0   0x00000080   Code   RO         2639    .text               c_w.l(_printf_fp_infnan.o)
    0x00000e40   0x000000d8   Code   RO         2641    .text               c_w.l(bigflt0.o)
    0x00000f18   0x00000008   Code   RO         2687    .text               c_w.l(libspace.o)
    0x00000f20   0x0000004a   Code   RO         2690    .text               c_w.l(sys_stackheap_outer.o)
    0x00000f6a   0x0000003e   Code   RO         2644    CL$$btod_d2e        c_w.l(btod.o)
    0x00000fa8   0x00000046   Code   RO         2646    CL$$btod_d2e_denorm_low  c_w.l(btod.o)
    0x00000fee   0x00000060   Code   RO         2645    CL$$btod_d2e_norm_op1  c_w.l(btod.o)
    0x0000104e   0x00000338   Code   RO         2654    CL$$btod_div_common  c_w.l(btod.o)
    0x00001386   0x000000c6   Code   RO         2651    CL$$btod_e2e        c_w.l(btod.o)
    0x0000144c   0x00000028   Code   RO         2648    CL$$btod_ediv       c_w.l(btod.o)
    0x00001474   0x00000028   Code   RO         2647    CL$$btod_emul       c_w.l(btod.o)
    0x0000149c   0x00000244   Code   RO         2653    CL$$btod_mult_common  c_w.l(btod.o)
    0x000016e0   0x0000000a   Code   RO          277    i.CIRC_SHIFT        shiftregisterwrite.o
    0x000016ea   0x00000008   Code   RO          700    i.CPUgetPRIMASK_cpsid  es_port.o
    0x000016f2   0x00000006   Code   RO          706    i.CPUsetPRIMASK     es_port.o
    0x000016f8   0x00000064   Code   RO          399    i.CharacterizePulse  morseservice.o
    0x0000175c   0x00000084   Code   RO          400    i.CharacterizeSpace  morseservice.o
    0x000017e0   0x00000004   Code   RO           92    i.Check4Button      eventcheckers.o
    0x000017e4   0x00000054   Code   RO           93    i.Check4Keystroke   eventcheckers.o
    0x00001838   0x00000004   Code   RO           94    i.Check4Morse       eventcheckers.o
    0x0000183c   0x00000048   Code   RO          495    i.CheckButtonEvents  buttondebounce.o
    0x00001884   0x00000044   Code   RO          401    i.CheckMorseEvents  morseservice.o
    0x000018c8   0x0000001c   Code   RO          454    i.ClearMorseString  morsedecode.o
    0x000018e4   0x0000002c   Code   RO          455    i.DecodeMorseString  morsedecode.o
    0x00001910   0x00000028   Code   RO          574    i.ES_CheckUserEvents  es_checkevents.o
    0x00001938   0x00000054   Code   RO          736    i.ES_DeQueue        es_queue.o
    0x0000198c   0x00000048   Code   RO          737    i.ES_EnQueueFIFO    es_queue.o
    0x000019d4   0x00000048   Code   RO          738    i.ES_EnQueueLIFO    es_queue.o
    0x00001a1c   0x00000034   Code   RO          649    i.ES_GetMSBitSet    es_lookuptables.o
    0x00001a50   0x00000010   Code   RO          739    i.ES_InitQueue      es_queue.o
    0x00001a60   0x0000004c   Code   RO          600    i.ES_Initialize     es_framework.o
    0x00001aac   0x00000030   Code   RO          722    i.ES_PostList00     es_postlist.o
    0x00001adc   0x00000038   Code   RO          602    i.ES_PostToService  es_framework.o
    0x00001b14   0x00000038   Code   RO          603    i.ES_PostToServiceLIFO  es_framework.o
    0x00001b4c   0x0000002c   Code   RO          588    i.ES_RecallEvents   es_deferrecall.o
    0x00001b78   0x00000060   Code   RO          604    i.ES_Run            es_framework.o
    0x00001bd8   0x00000038   Code   RO          237    i.ES_ShortTimerInit  es_shorttimer.o
    0x00001c10   0x00000060   Code   RO          238    i.ES_ShortTimerStart  es_shorttimer.o
    0x00001c70   0x00000004   Code   RO          778    i.ES_Timer_GetTime  es_timers.o
    0x00001c74   0x00000004   Code   RO          779    i.ES_Timer_Init     es_timers.o
    0x00001c78   0x0000003c   Code   RO          780    i.ES_Timer_InitTimer  es_timers.o
    0x00001cb4   0x0000006c   Code   RO          784    i.ES_Timer_Tick_Resp  es_timers.o
    0x00001d20   0x00000028   Code   RO         1050    i.GPIODirModeSet    driverlib.lib(gpio.o)
    0x00001d48   0x0000013a   Code   RO         1060    i.GPIOPadConfigSet  driverlib.lib(gpio.o)
    0x00001e82   0x00000002   PAD
    0x00001e84   0x00000048   Code   RO         1061    i.GPIOPinConfigure  driverlib.lib(gpio.o)
    0x00001ecc   0x0000001c   Code   RO         1086    i.GPIOPinTypeUART   driverlib.lib(gpio.o)
    0x00001ee8   0x00000058   Code   RO          496    i.InitButtonDebounceService  buttondebounce.o
    0x00001f40   0x00000084   Code   RO          497    i.InitButtonHardware  buttondebounce.o
    0x00001fc4   0x00000178   Code   RO          532    i.InitFourierService  fourierservice.o
    0x0000213c   0x00000038   Code   RO          372    i.InitLCDService    lcdservice.o
    0x00002174   0x00000038   Code   RO          456    i.InitMorseDecode   morsedecode.o
    0x000021ac   0x00000084   Code   RO          402    i.InitMorseHardware  morseservice.o
    0x00002230   0x0000005c   Code   RO          403    i.InitMorseService  morseservice.o
    0x0000228c   0x00000064   Code   RO         1372    i.IntEnable         driverlib.lib(interrupt.o)
    0x000022f0   0x0000000e   Code   RO         1375    i.IntMasterEnable   driverlib.lib(interrupt.o)
    0x000022fe   0x00000004   Code   RO          317    i.LCD_HWInit        lcd_write.o
    0x00002302   0x00000002   PAD
    0x00002304   0x0000004c   Code   RO          318    i.LCD_TakeInitStep  lcd_write.o
    0x00002350   0x00000048   Code   RO          319    i.LCD_Write4        lcd_write.o
    0x00002398   0x00000014   Code   RO          320    i.LCD_Write8        lcd_write.o
    0x000023ac   0x00000010   Code   RO          321    i.LCD_WriteCommand4  lcd_write.o
    0x000023bc   0x00000010   Code   RO          322    i.LCD_WriteCommand8  lcd_write.o
    0x000023cc   0x00000010   Code   RO          323    i.LCD_WriteData8    lcd_write.o
    0x000023dc   0x00000010   Code   RO          498    i.PostButtonDebounceService  buttondebounce.o
    0x000023ec   0x00000010   Code   RO          373    i.PostLCDService    lcdservice.o
    0x000023fc   0x00000010   Code   RO          457    i.PostMorseDecodeService  morsedecode.o
    0x0000240c   0x00000010   Code   RO          404    i.PostMorseService  morseservice.o
    0x0000241c   0x00000008   Code   RO          534    i.RunFourierService  fourierservice.o
    0x00002424   0x000000b8   Code   RO          374    i.RunLCDService     lcdservice.o
    0x000024dc   0x000000cc   Code   RO          499    i.RunMorseDebounceService  buttondebounce.o
    0x000025a8   0x000000c8   Code   RO          458    i.RunMorseDecode    morsedecode.o
    0x00002670   0x000000d4   Code   RO          405    i.RunMorseService   morseservice.o
    0x00002744   0x0000000c   Code   RO          278    i.SR_GetCurrentRegister  shiftregisterwrite.o
    0x00002750   0x00000048   Code   RO          279    i.SR_Init           shiftregisterwrite.o
    0x00002798   0x00000068   Code   RO          280    i.SR_Write          shiftregisterwrite.o
    0x00002800   0x00000034   Code   RO          239    i.ShortTimerAHandler  es_shorttimer.o
    0x00002834   0x00000038   Code   RO          240    i.ShortTimerBHandler  es_shorttimer.o
    0x0000286c   0x00000120   Code   RO         1492    i.SysCtlClockSet    driverlib.lib(sysctl.o)
    0x0000298c   0x00000028   Code   RO         1521    i.SysCtlPeripheralEnable  driverlib.lib(sysctl.o)
    0x000029b4   0x0000000e   Code   RO         1830    i.SysTickEnable     driverlib.lib(systick.o)
    0x000029c2   0x0000000e   Code   RO         1832    i.SysTickIntEnable  driverlib.lib(systick.o)
    0x000029d0   0x00000014   Code   RO          666    i.SysTickIntHandler  es_port.o
    0x000029e4   0x0000000a   Code   RO         1836    i.SysTickPeriodSet  driverlib.lib(systick.o)
    0x000029ee   0x00000004   Code   RO          880    i.TERMIO_GetChar    termio.o
    0x000029f2   0x00000002   PAD
    0x000029f4   0x00000050   Code   RO          881    i.TERMIO_Init       termio.o
    0x00002a44   0x0000000c   Code   RO          882    i.TERMIO_PutChar    termio.o
    0x00002a50   0x0000012c   Code   RO          406    i.TestCalibration   morseservice.o
    0x00002b7c   0x000000fc   Code   RO          535    i.TestFft           fourierservice.o
    0x00002c78   0x00000060   Code   RO         1896    i.TimerConfigure    driverlib.lib(timer.o)
    0x00002cd8   0x0000000e   Code   RO         1905    i.TimerEnable       driverlib.lib(timer.o)
    0x00002ce6   0x00000004   Code   RO         1906    i.TimerIntClear     driverlib.lib(timer.o)
    0x00002cea   0x00000008   Code   RO         1908    i.TimerIntEnable    driverlib.lib(timer.o)
    0x00002cf2   0x00000012   Code   RO         1914    i.TimerLoadSet      driverlib.lib(timer.o)
    0x00002d04   0x00000012   Code   RO         1923    i.TimerPrescaleSet  driverlib.lib(timer.o)
    0x00002d16   0x0000000c   Code   RO         2142    i.UARTCharPut       driverlib.lib(uart.o)
    0x00002d22   0x00000006   Code   RO         2146    i.UARTClockSourceSet  driverlib.lib(uart.o)
    0x00002d28   0x0000005c   Code   RO          916    i.UARTStdioConfig   uartstdio.o
    0x00002d84   0x00000018   Code   RO          917    i.UARTgetc          uartstdio.o
    0x00002d9c   0x0000000c   Code   RO          667    i._HW_GetTickCount  es_port.o
    0x00002da8   0x00000020   Code   RO          668    i._HW_Process_Pending_Ints  es_port.o
    0x00002dc8   0x00000016   Code   RO          669    i._HW_Timer_Init    es_port.o
    0x00002dde   0x00000030   Code   RO         2683    i.__ARM_fpclassify  m_wm.l(fpclassify.o)
    0x00002e0e   0x00000002   PAD
    0x00002e10   0x000000d8   Code   RO         2520    i.__hardfp_cos      m_wm.l(cos.o)
    0x00002ee8   0x00000118   Code   RO         2532    i.__hardfp_floor    m_wm.l(floor.o)
    0x00003000   0x000000d8   Code   RO         2538    i.__hardfp_sin      m_wm.l(sin.o)
    0x000030d8   0x0000007a   Code   RO         2550    i.__hardfp_sqrt     m_wm.l(sqrt.o)
    0x00003152   0x00000006   PAD
    0x00003158   0x00000438   Code   RO         2592    i.__ieee754_rem_pio2  m_wm.l(rred.o)
    0x00003590   0x00000170   Code   RO         2589    i.__kernel_cos      m_wm.l(cos_i.o)
    0x00003700   0x000000f8   Code   RO         2685    i.__kernel_poly     m_wm.l(poly.o)
    0x000037f8   0x00000130   Code   RO         2597    i.__kernel_sin      m_wm.l(sin_i.o)
    0x00003928   0x00000020   Code   RO         2675    i.__mathlib_dbl_underflow  m_wm.l(dunder.o)
    0x00003948   0x0000000e   Code   RO         2459    i._is_digit         c_w.l(__printf_wp.o)
    0x00003956   0x00000002   Code   RO          830    i._sys_exit         retarget.o
    0x00003958   0x00000018   Code   RO         2679    i.fabs              m_wm.l(fabs.o)
    0x00003970   0x00000006   Code   RO          832    i.ferror            retarget.o
    0x00003976   0x00000004   Code   RO          833    i.fgetc             retarget.o
    0x0000397a   0x0000000e   Code   RO          834    i.fputc             retarget.o
    0x00003988   0x00000014   Code   RO          883    i.kbhit             termio.o
    0x0000399c   0x00000150   Code   RO          968    i.kf_bfly3          kiss_fft.o
    0x00003aec   0x00000146   Code   RO          969    i.kf_bfly4          kiss_fft.o
    0x00003c32   0x000001d4   Code   RO          970    i.kf_bfly5          kiss_fft.o
    0x00003e06   0x000000d2   Code   RO          971    i.kf_bfly_generic   kiss_fft.o
    0x00003ed8   0x00000126   Code   RO          972    i.kf_work           kiss_fft.o
    0x00003ffe   0x00000006   Code   RO          973    i.kiss_fft          kiss_fft.o
    0x00004004   0x00000134   Code   RO          974    i.kiss_fft_alloc    kiss_fft.o
    0x00004138   0x00000054   Code   RO          977    i.kiss_fft_stride   kiss_fft.o
    0x0000418c   0x0000018c   Code   RO            1    i.main              main.o
    0x00004318   0x0000002c   Code   RO         2667    locale$$code        c_w.l(lc_numeric_c.o)
    0x00004344   0x00000018   Code   RO         2490    x$fpl$basic         fz_wm.l(basic.o)
    0x0000435c   0x00000062   Code   RO         2492    x$fpl$d2f           fz_wm.l(d2f.o)
    0x000043be   0x00000002   PAD
    0x000043c0   0x00000150   Code   RO         2494    x$fpl$dadd          fz_wm.l(daddsub_clz.o)
    0x00004510   0x00000018   Code   RO         2576    x$fpl$dcmpinf       fz_wm.l(dcmpi.o)
    0x00004528   0x000002b0   Code   RO         2501    x$fpl$ddiv          fz_wm.l(ddiv.o)
    0x000047d8   0x0000005e   Code   RO         2669    x$fpl$dfix          fz_wm.l(dfix.o)
    0x00004836   0x0000002e   Code   RO         2505    x$fpl$dflt          fz_wm.l(dflt_clz.o)
    0x00004864   0x00000026   Code   RO         2504    x$fpl$dfltu         fz_wm.l(dflt_clz.o)
    0x0000488a   0x00000002   PAD
    0x0000488c   0x00000078   Code   RO         2510    x$fpl$dleqf         fz_wm.l(dleqf.o)
    0x00004904   0x00000154   Code   RO         2512    x$fpl$dmul          fz_wm.l(dmul.o)
    0x00004a58   0x0000009c   Code   RO         2578    x$fpl$dnaninf       fz_wm.l(dnaninf.o)
    0x00004af4   0x0000000c   Code   RO         2580    x$fpl$dretinf       fz_wm.l(dretinf.o)
    0x00004b00   0x0000006c   Code   RO         2514    x$fpl$drleqf        fz_wm.l(drleqf.o)
    0x00004b6c   0x00000016   Code   RO         2495    x$fpl$drsb          fz_wm.l(daddsub_clz.o)
    0x00004b82   0x00000002   PAD
    0x00004b84   0x00000198   Code   RO         2582    x$fpl$dsqrt         fz_wm.l(dsqrt_umaal.o)
    0x00004d1c   0x000001d4   Code   RO         2496    x$fpl$dsub          fz_wm.l(daddsub_clz.o)
    0x00004ef0   0x00000056   Code   RO         2516    x$fpl$f2d           fz_wm.l(f2d.o)
    0x00004f46   0x0000008c   Code   RO         2584    x$fpl$fnaninf       fz_wm.l(fnaninf.o)
    0x00004fd2   0x0000000a   Code   RO         2763    x$fpl$fpinit        fz_wm.l(fpinit.o)
    0x00004fdc   0x0000000a   Code   RO         2586    x$fpl$fretinf       fz_wm.l(fretinf.o)
    0x00004fe6   0x00000004   Code   RO         2518    x$fpl$printf1       fz_wm.l(printf1.o)
    0x00004fea   0x00000000   Code   RO         2588    x$fpl$usenofp       fz_wm.l(usenofp.o)
    0x00004fea   0x0000002a   Data   RO          324    .constdata          lcd_write.o
    0x00005014   0x0000000c   Data   RO          575    .constdata          es_checkevents.o
    0x00005020   0x00000050   Data   RO          610    .constdata          es_framework.o
    0x00005070   0x00000020   Data   RO          650    .constdata          es_lookuptables.o
    0x00005090   0x0000000f   Data   RO          651    .constdata          es_lookuptables.o
    0x0000509f   0x00000001   PAD
    0x000050a0   0x00000008   Data   RO          723    .constdata          es_postlist.o
    0x000050a8   0x00000040   Data   RO          786    .constdata          es_timers.o
    0x000050e8   0x0000001c   Data   RO          922    .constdata          uartstdio.o
    0x00005104   0x00000210   Data   RO         1093    .constdata          driverlib.lib(gpio.o)
    0x00005314   0x0000010c   Data   RO         1388    .constdata          driverlib.lib(interrupt.o)
    0x00005420   0x00000011   Data   RO         2467    .constdata          c_w.l(__printf_flags_ss_wp.o)
    0x00005431   0x00000007   PAD
    0x00005438   0x00000030   Data   RO         2590    .constdata          m_wm.l(cos_i.o)
    0x00005468   0x000000c8   Data   RO         2594    .constdata          m_wm.l(rred.o)
    0x00005530   0x00000028   Data   RO         2598    .constdata          m_wm.l(sin_i.o)
    0x00005558   0x00000094   Data   RO         2642    .constdata          c_w.l(bigflt0.o)
    0x000055ec   0x00000011   Data   RO          923    .conststring        uartstdio.o
    0x000055fd   0x00000003   PAD
    0x00005600   0x00000020   Data   RO         2806    Region$$Table       anon$$obj.o
    0x00005620   0x0000001c   Data   RO         2666    locale$$data        c_w.l(lc_numeric_c.o)


    Execution Region RW_IRAM1 (Base: 0x20000000, Size: 0x00000b28, Max: 0x00008000, ABSOLUTE, COMPRESSED[0x000000e8])

    Base Addr    Size         Type   Attr      Idx    E Section Name        Object

    0x20000000   0x00000002   Data   RW          241    .data               es_shorttimer.o
    0x20000002   0x00000001   Data   RW          281    .data               shiftregisterwrite.o
    0x20000003   0x00000002   Data   RW          325    .data               lcd_write.o
    0x20000005   0x00000003   Data   RW          376    .data               lcdservice.o
    0x20000008   0x0000000c   Data   RW          407    .data               morseservice.o
    0x20000014   0x000001f2   Data   RW          459    .data               morsedecode.o
    0x20000206   0x00000003   Data   RW          500    .data               buttondebounce.o
    0x20000209   0x00000002   Data   RW          537    .data               fourierservice.o
    0x2000020b   0x00000001   PAD
    0x2000020c   0x00000006   Data   RW          611    .data               es_framework.o
    0x20000212   0x00000004   Data   RW          670    .data               es_port.o
    0x20000216   0x00000002   PAD
    0x20000218   0x00000004   Data   RW          741    .data               es_queue.o
    0x2000021c   0x0000000a   Data   RW          787    .data               es_timers.o
    0x20000226   0x00000002   PAD
    0x20000228   0x00000004   Data   RW          835    .data               retarget.o
    0x2000022c   0x00000004   Data   RW          836    .data               retarget.o
    0x20000230   0x00000008   Data   RW          924    .data               uartstdio.o
    0x20000238   0x00000010   Zero   RW          375    .bss                lcdservice.o
    0x20000248   0x00000010   Zero   RW          536    .bss                fourierservice.o
    0x20000258   0x00000010   Zero   RW          605    .bss                es_framework.o
    0x20000268   0x00000010   Zero   RW          606    .bss                es_framework.o
    0x20000278   0x00000010   Zero   RW          607    .bss                es_framework.o
    0x20000288   0x00000010   Zero   RW          608    .bss                es_framework.o
    0x20000298   0x00000010   Zero   RW          609    .bss                es_framework.o
    0x200002a8   0x00000020   Zero   RW          785    .bss                es_timers.o
    0x200002c8   0x00000060   Zero   RW         2688    .bss                c_w.l(libspace.o)
    0x20000328   0x00000000   Zero   RW          566    HEAP                startup_rvmdk.o
    0x20000328   0x00000800   Zero   RW          565    STACK               startup_rvmdk.o


==============================================================================

Image component sizes


      Code (inc. data)   RO Data    RW Data    ZI Data      Debug   Object Name

       512        196          0          3          0       3962   buttondebounce.o
        40          6         12          0          0       1097   es_checkevents.o
        44          0          0          0          0        958   es_deferrecall.o
       284         44         80          6         80       3451   es_framework.o
        52          4         47          0          0       1206   es_lookuptables.o
       100         16          0          4          0       3841   es_port.o
        48          4          8          0          0       1260   es_postlist.o
       244         16          0          4          0       2914   es_queue.o
       260         42          0          2          0       3129   es_shorttimer.o
       176         34         64         10         32       2717   es_timers.o
        92         32          0          0          0       4243   eventcheckers.o
       636        296          0          2         16       3059   fourierservice.o
      2032         24          0          0          0       9246   kiss_fft.o
       220         34         42          2          0       4858   lcd_write.o
       256         52          0          3         16       2634   lcdservice.o
       396        290          0          0          0      11635   main.o
       344         82          0        498          0       4043   morsedecode.o
      1052        310          0         12          0       5901   morseservice.o
        26          0          0          8          0       3495   retarget.o
       198         36          0          1          0       3054   shiftregisterwrite.o
       672        636          0          0       2048        500   startup_rvmdk.o
       116         26          0          0          0       1852   termio.o
       116         14         45          8          0       2596   uartstdio.o

    ----------------------------------------------------------------------
      7920       2194        334        568       2192      81651   Object Totals
         0          0         32          0          0          0   (incl. Generated)
         4          0          4          5          0          0   (incl. Padding)

    ----------------------------------------------------------------------

      Code (inc. data)   RO Data    RW Data    ZI Data      Debug   Library Member Name

        90          0          0          0          0          0   __dczerorl2.o
         8          0          0          0          0         68   __main.o
       392          4         17          0          0         92   __printf_flags_ss_wp.o
        14          0          0          0          0         68   __printf_wp.o
        52          8          0          0          0          0   __scatter.o
        28          0          0          0          0          0   __scatter_zi.o
         6          0          0          0          0          0   _printf_c.o
        44          0          0          0          0        108   _printf_char.o
        48          6          0          0          0         96   _printf_char_common.o
        36          4          0          0          0         80   _printf_char_file.o
         6          0          0          0          0          0   _printf_d.o
       116         16          0          0          0         92   _printf_dec.o
         6          0          0          0          0          0   _printf_f.o
      1046          0          0          0          0        216   _printf_fp_dec.o
       128         16          0          0          0         84   _printf_fp_infnan.o
         6          0          0          0          0          0   _printf_i.o
       178          0          0          0          0         88   _printf_intcommon.o
        78          0          0          0          0        108   _printf_pad.o
         0          0          0          0          0          0   _printf_percent.o
         4          0          0          0          0          0   _printf_percent_end.o
         6          0          0          0          0          0   _printf_s.o
        82          0          0          0          0         80   _printf_str.o
         6          0          0          0          0          0   _printf_u.o
        22          0          0          0          0        100   _rserrno.o
       216          4        148          0          0         96   bigflt0.o
      1910        128          0          0          0        672   btod.o
        12          0          0          0          0         72   exit.o
         4          0          0          0          0         68   getc.o
         6          0          0          0          0        152   heapauxi.o
        44         10         28          0          0         76   lc_numeric_c.o
         2          0          0          0          0          0   libinit.o
        22          0          0          0          0          0   libinit2.o
         2          0          0          0          0          0   libshutdown.o
         2          0          0          0          0          0   libshutdown2.o
         8          4          0          0         96         68   libspace.o
       138          0          0          0          0         80   lludiv10.o
        24          4          0          0          0         84   noretval__2printf.o
        44          4          0          0          0         84   puts.o
         8          4          0          0          0         68   rt_errno_addr_intlibspace.o
         8          4          0          0          0         68   rt_locale_intlibspace.o
       100          0          0          0          0         80   rt_memcpy_w.o
         0          0          0          0          0          0   rtentry.o
        12          0          0          0          0          0   rtentry2.o
         6          0          0          0          0          0   rtentry4.o
         2          0          0          0          0          0   rtexit.o
        10          0          0          0          0          0   rtexit2.o
       128          0          0          0          0         68   strcmpv7m.o
        74          0          0          0          0         80   sys_stackheap_outer.o
         2          0          0          0          0         68   use_no_semi.o
        38          0          0          0          0        504   cpu.o
       454          8        528          0          0       5929   gpio.o
       114          8        268          0          0       1774   interrupt.o
       334         22          0          0          0       1550   sysctl.o
        38          0          0          0          0       1218   systick.o
       158          8          0          0          0       2722   timer.o
        18          0          0          0          0        867   uart.o
        24          0          0          0          0        164   basic.o
        98          4          0          0          0        140   d2f.o
       826         16          0          0          0        492   daddsub_clz.o
        24          0          0          0          0        116   dcmpi.o
       688        140          0          0          0        256   ddiv.o
        94          4          0          0          0        140   dfix.o
        84          0          0          0          0        232   dflt_clz.o
       120          4          0          0          0        140   dleqf.o
       340         12          0          0          0        152   dmul.o
       156          4          0          0          0        140   dnaninf.o
        12          0          0          0          0        116   dretinf.o
       108          0          0          0          0        128   drleqf.o
       408         56          0          0          0        168   dsqrt_umaal.o
        86          4          0          0          0        132   f2d.o
       140          4          0          0          0        132   fnaninf.o
        10          0          0          0          0        116   fpinit.o
        10          0          0          0          0        116   fretinf.o
         4          0          0          0          0        116   printf1.o
         0          0          0          0          0          0   usenofp.o
       216         16          0          0          0        152   cos.o
       368         46         48          0          0        200   cos_i.o
        32          8          0          0          0        124   dunder.o
        24          0          0          0          0        124   fabs.o
       280         28          0          0          0        156   floor.o
        48          0          0          0          0        124   fpclassify.o
       248          0          0          0          0        152   poly.o
      1080        142        200          0          0        188   rred.o
       216         16          0          0          0        152   sin.o
       304         24         40          0          0        208   sin_i.o
       122          0          0          0          0        148   sqrt.o

    ----------------------------------------------------------------------
     12538        790       1284          0         96      22452   Library Totals
        28          0          7          0          0          0   (incl. Padding)

    ----------------------------------------------------------------------

      Code (inc. data)   RO Data    RW Data    ZI Data      Debug   Library Name

      5186        216        193          0         96       3164   c_w.l
      1154         46        796          0          0      14564   driverlib.lib
      3232        248          0          0          0       2996   fz_wm.l
      2938        280        288          0          0       1728   m_wm.l

    ----------------------------------------------------------------------
     12538        790       1284          0         96      22452   Library Totals

    ----------------------------------------------------------------------

==============================================================================


      Code (inc. data)   RO Data    RW Data    ZI Data      Debug   

     20458       2984       1618        568       2288      89587   Grand Totals
     20458       2984       1618        232       2288      89587   ELF Image Totals (compressed)
     20458       2984       1618        232          0          0   ROM Totals

==============================================================================

    Total RO  Size (Code + RO Data)                22076 (  21.56kB)
    Total RW  Size (RW Data + ZI Data)              2856 (   2.79kB)
    Total ROM Size (Code + RO Data + RW Data)      22308 (  21.79kB)

==============================================================================

